种子词 47725 条，本轮目标 47725 条，每批 80 条，缓存已有 40 条（cursor=40）
  [#40-119] 接收 80（拒绝 0）→ 缓存 120；+syn 33 / +ant 22
  [#120-199] 接收 80（拒绝 0）→ 缓存 200；+syn 41 / +ant 31
  [#200-279] 接收 80（拒绝 0）→ 缓存 280；+syn 29 / +ant 7
  [#280-359] 接收 80（拒绝 0）→ 缓存 360；+syn 14 / +ant 12
  [#360-439] 接收 79（拒绝 1）→ 缓存 439；+syn 30 / +ant 14
  [#440-519] 接收 80（拒绝 0）→ 缓存 519；+syn 26 / +ant 8
  [#520-599] 接收 80（拒绝 0）→ 缓存 599；+syn 40 / +ant 7
  [#600-679] 接收 80（拒绝 0）→ 缓存 679；+syn 24 / +ant 15
  [#680-759] 接收 80（拒绝 0）→ 缓存 759；+syn 26 / +ant 15
  [#760-839] 接收 80（拒绝 0）→ 缓存 839；+syn 32 / +ant 10
  [#840-919] 接收 80（拒绝 0）→ 缓存 919；+syn 21 / +ant 7
  [#920-999] 接收 80（拒绝 0）→ 缓存 999；+syn 21 / +ant 7
  [#1000-1079] 接收 80（拒绝 0）→ 缓存 1079；+syn 22 / +ant 4
  [#1080-1159] 接收 80（拒绝 0）→ 缓存 1159；+syn 24 / +ant 10
  [#1160-1239] 接收 80（拒绝 0）→ 缓存 1239；+syn 28 / +ant 12
  [#1240-1319] 接收 80（拒绝 0）→ 缓存 1319；+syn 24 / +ant 3
  [#1320-1399] 接收 78（拒绝 2）→ 缓存 1397；+syn 15 / +ant 6
  [#1400-1479] 接收 80（拒绝 0）→ 缓存 1477；+syn 24 / +ant 6
  [#1480-1559] 接收 80（拒绝 0）→ 缓存 1557；+syn 15 / +ant 9
  [#1560-1639] 接收 80（拒绝 0）→ 缓存 1637；+syn 22 / +ant 6
  [#1640-1719] 接收 80（拒绝 0）→ 缓存 1717；+syn 38 / +ant 12
  [#1720-1799] 接收 80（拒绝 0）→ 缓存 1797；+syn 30 / +ant 3
  [#1800-1879] 接收 80（拒绝 0）→ 缓存 1877；+syn 32 / +ant 5
  [#1880-1959] 接收 80（拒绝 0）→ 缓存 1957；+syn 19 / +ant 5
  [#1960-2039] 接收 80（拒绝 0）→ 缓存 2037；+syn 16 / +ant 7
  [#2040-2119] 接收 80（拒绝 0）→ 缓存 2117；+syn 16 / +ant 10
  [#2120-2199] 接收 79（拒绝 1）→ 缓存 2196；+syn 25 / +ant 14
  [#2200-2279] 接收 80（拒绝 0）→ 缓存 2276；+syn 20 / +ant 7
  [#2280-2359] 接收 78（拒绝 2）→ 缓存 2354；+syn 34 / +ant 4
  [#2360-2439] 接收 79（拒绝 1）→ 缓存 2433；+syn 16 / +ant 7
  [#2440-2519] 接收 80（拒绝 0）→ 缓存 2513；+syn 23 / +ant 7
  [#2520-2599] 接收 80（拒绝 0）→ 缓存 2593；+syn 16 / +ant 8
  [#2600-2679] 接收 80（拒绝 0）→ 缓存 2673；+syn 18 / +ant 3
  [#2680-2759] 接收 80（拒绝 0）→ 缓存 2753；+syn 9 / +ant 5
  [#2760-2839] 接收 80（拒绝 0）→ 缓存 2833；+syn 15 / +ant 5
  [#2840-2919] 接收 80（拒绝 0）→ 缓存 2913；+syn 21 / +ant 7
  [#2920-2999] 接收 79（拒绝 1）→ 缓存 2992；+syn 22 / +ant 6
  [#3000-3079] 接收 80（拒绝 0）→ 缓存 3072；+syn 16 / +ant 4
  [#3080-3159] 接收 80（拒绝 0）→ 缓存 3152；+syn 19 / +ant 5
  [#3160-3239] 接收 80（拒绝 0）→ 缓存 3232；+syn 23 / +ant 4
  [#3240-3319] 接收 79（拒绝 1）→ 缓存 3311；+syn 17 / +ant 3
  [#3320-3399] 接收 80（拒绝 0）→ 缓存 3391；+syn 16 / +ant 9
  [#3400-3479] 接收 80（拒绝 0）→ 缓存 3471；+syn 10 / +ant 2
  [#3480-3559] 接收 79（拒绝 1）→ 缓存 3550；+syn 20 / +ant 15
  [#3560-3639] 接收 79（拒绝 1）→ 缓存 3629；+syn 16 / +ant 6
  [#3640-3719] 接收 80（拒绝 0）→ 缓存 3709；+syn 23 / +ant 3
  [#3720-3799] 接收 79（拒绝 1）→ 缓存 3788；+syn 13 / +ant 5
  [#3800-3879] 接收 80（拒绝 0）→ 缓存 3868；+syn 20 / +ant 9
  [#3880-3959] 接收 79（拒绝 1）→ 缓存 3947；+syn 22 / +ant 8
  [#3960-4039] 接收 75（拒绝 5）→ 缓存 4022；+syn 19 / +ant 3
  [#4040-4119] 接收 80（拒绝 0）→ 缓存 4102；+syn 23 / +ant 7
  [#4120-4199] 接收 80（拒绝 0）→ 缓存 4182；+syn 14 / +ant 6
  [#4200-4279] 接收 80（拒绝 0）→ 缓存 4262；+syn 16 / +ant 4
  [#4280-4359] 接收 78（拒绝 2）→ 缓存 4340；+syn 15 / +ant 7
  [#4360-4439] 接收 80（拒绝 0）→ 缓存 4420；+syn 23 / +ant 6
  [#4440-4519] 接收 80（拒绝 0）→ 缓存 4500；+syn 24 / +ant 5
  [#4520-4599] 接收 80（拒绝 0）→ 缓存 4580；+syn 19 / +ant 11
  [#4600-4679] 接收 79（拒绝 1）→ 缓存 4659；+syn 29 / +ant 12
  [#4680-4759] 接收 79（拒绝 1）→ 缓存 4738；+syn 19 / +ant 3
  [#4760-4839] 接收 79（拒绝 1）→ 缓存 4817；+syn 13 / +ant 3
  [#4840-4919] 接收 79（拒绝 1）→ 缓存 4896；+syn 14 / +ant 4
  [#4920-4999] 接收 80（拒绝 0）→ 缓存 4976；+syn 22 / +ant 5
  [#5000-5079] 接收 79（拒绝 1）→ 缓存 5055；+syn 17 / +ant 5
  [#5080-5159] 接收 78（拒绝 2）→ 缓存 5133；+syn 15 / +ant 7
  [#5160-5239] 接收 79（拒绝 1）→ 缓存 5212；+syn 24 / +ant 14
  [#5240-5319] 接收 80（拒绝 0）→ 缓存 5292；+syn 16 / +ant 5
  [#5320-5399] 接收 80（拒绝 0）→ 缓存 5372；+syn 23 / +ant 6
  [#5400-5479] 接收 80（拒绝 0）→ 缓存 5452；+syn 15 / +ant 3
  [#5480-5559] 接收 80（拒绝 0）→ 缓存 5532；+syn 14 / +ant 4
  [#5560-5639] 接收 80（拒绝 0）→ 缓存 5612；+syn 22 / +ant 17
  [#5640-5719] 接收 80（拒绝 0）→ 缓存 5692；+syn 14 / +ant 6
  [#5720-5799] 接收 80（拒绝 0）→ 缓存 5772；+syn 23 / +ant 4
  [#5800-5879] 接收 79（拒绝 1）→ 缓存 5851；+syn 21 / +ant 9
  [#5880-5959] 接收 79（拒绝 1）→ 缓存 5930；+syn 18 / +ant 5
  [#5960-6039] 接收 78（拒绝 2）→ 缓存 6008；+syn 17 / +ant 4
  [#6040-6119] 接收 79（拒绝 1）→ 缓存 6087；+syn 14 / +ant 7
  [#6120-6199] 接收 80（拒绝 0）→ 缓存 6167；+syn 25 / +ant 6
  [#6200-6279] 接收 78（拒绝 2）→ 缓存 6245；+syn 15 / +ant 3
  [#6280-6359] 接收 79（拒绝 1）→ 缓存 6324；+syn 18 / +ant 8
  [#6360-6439] 接收 78（拒绝 2）→ 缓存 6402；+syn 16 / +ant 7
  [#6440-6519] 接收 79（拒绝 1）→ 缓存 6481；+syn 10 / +ant 3
  [#6520-6599] 接收 78（拒绝 2）→ 缓存 6559；+syn 18 / +ant 13
  [#6600-6679] 接收 79（拒绝 1）→ 缓存 6638；+syn 24 / +ant 5
  [#6680-6759] 接收 80（拒绝 0）→ 缓存 6718；+syn 19 / +ant 5
  [#6760-6839] 接收 80（拒绝 0）→ 缓存 6798；+syn 26 / +ant 2
  [#6840-6919] 接收 80（拒绝 0）→ 缓存 6878；+syn 10 / +ant 4
  [#6920-6999] 接收 80（拒绝 0）→ 缓存 6958；+syn 15 / +ant 7
  [#7000-7079] 接收 79（拒绝 1）→ 缓存 7037；+syn 20 / +ant 9
  [#7080-7159] 接收 77（拒绝 3）→ 缓存 7114；+syn 18 / +ant 4
  [#7160-7239] 接收 80（拒绝 0）→ 缓存 7194；+syn 11 / +ant 4
  [#7240-7319] 接收 80（拒绝 0）→ 缓存 7274；+syn 12 / +ant 6
  [#7320-7399] 接收 79（拒绝 1）→ 缓存 7353；+syn 12 / +ant 3
  [#7400-7479] 接收 79（拒绝 1）→ 缓存 7432；+syn 21 / +ant 8
  [#7480-7559] 接收 80（拒绝 0）→ 缓存 7512；+syn 21 / +ant 4
  [#7560-7639] 接收 80（拒绝 0）→ 缓存 7592；+syn 19 / +ant 7
  [#7640-7719] 接收 80（拒绝 0）→ 缓存 7672；+syn 13 / +ant 3
  [#7720-7799] 接收 80（拒绝 0）→ 缓存 7752；+syn 15 / +ant 4
  [#7800-7879] 接收 80（拒绝 0）→ 缓存 7832；+syn 14 / +ant 7
  [#7880-7959] 接收 80（拒绝 0）→ 缓存 7912；+syn 16 / +ant 5
  [#7960-8039] 接收 80（拒绝 0）→ 缓存 7992；+syn 23 / +ant 5
  [#8040-8119] 接收 78（拒绝 2）→ 缓存 8070；+syn 17 / +ant 2
  [#8120-8199] 接收 80（拒绝 0）→ 缓存 8150；+syn 18 / +ant 4
  [#8200-8279] 接收 79（拒绝 1）→ 缓存 8229；+syn 17 / +ant 3
  [#8280-8359] 接收 80（拒绝 0）→ 缓存 8309；+syn 15 / +ant 6
  [#8360-8439] 接收 79（拒绝 1）→ 缓存 8388；+syn 12 / +ant 2
  [#8440-8519] 接收 80（拒绝 0）→ 缓存 8468；+syn 19 / +ant 7
  [#8520-8599] 接收 80（拒绝 0）→ 缓存 8548；+syn 10 / +ant 5
  [#8600-8679] 接收 79（拒绝 1）→ 缓存 8627；+syn 13 / +ant 10
  [#8680-8759] 接收 80（拒绝 0）→ 缓存 8707；+syn 20 / +ant 7
  [#8760-8839] 接收 78（拒绝 2）→ 缓存 8785；+syn 13 / +ant 7
  [#8840-8919] 接收 80（拒绝 0）→ 缓存 8865；+syn 20 / +ant 3
  [#8920-8999] 接收 79（拒绝 1）→ 缓存 8944；+syn 18 / +ant 9
  [#9000-9079] 接收 79（拒绝 1）→ 缓存 9023；+syn 25 / +ant 8
  [#9080-9159] 接收 79（拒绝 1）→ 缓存 9102；+syn 16 / +ant 6
  [#9160-9239] 接收 79（拒绝 1）→ 缓存 9181；+syn 19 / +ant 12
  [#9240-9319] 接收 78（拒绝 2）→ 缓存 9259；+syn 13 / +ant 6
  [#9320-9399] 接收 78（拒绝 2）→ 缓存 9337；+syn 17 / +ant 8
  [#9400-9479] 接收 79（拒绝 1）→ 缓存 9416；+syn 15 / +ant 8
  [#9480-9559] 接收 80（拒绝 0）→ 缓存 9496；+syn 18 / +ant 6
  [#9560-9639] 接收 77（拒绝 3）→ 缓存 9573；+syn 24 / +ant 4
  [#9640-9719] 接收 80（拒绝 0）→ 缓存 9653；+syn 13 / +ant 4
  [#9720-9799] 接收 78（拒绝 2）→ 缓存 9731；+syn 12 / +ant 3
  [#9800-9879] 接收 80（拒绝 0）→ 缓存 9811；+syn 12 / +ant 12
  [#9880-9959] 接收 79（拒绝 1）→ 缓存 9890；+syn 16 / +ant 3
  [#9960-10039] 接收 80（拒绝 0）→ 缓存 9970；+syn 12 / +ant 3
  [#10040-10119] 接收 80（拒绝 0）→ 缓存 10050；+syn 21 / +ant 6
  [#10120-10199] 接收 79（拒绝 1）→ 缓存 10129；+syn 17 / +ant 6
  [#10200-10279] 接收 79（拒绝 1）→ 缓存 10208；+syn 22 / +ant 6
  [#10280-10359] 接收 79（拒绝 1）→ 缓存 10287；+syn 16 / +ant 2
  [#10360-10439] 接收 79（拒绝 1）→ 缓存 10366；+syn 17 / +ant 2
  [#10440-10519] 接收 80（拒绝 0）→ 缓存 10446；+syn 23 / +ant 4
  [#10520-10599] 接收 80（拒绝 0）→ 缓存 10526；+syn 9 / +ant 3
  [#10600-10679] 接收 79（拒绝 1）→ 缓存 10605；+syn 19 / +ant 2
  [#10680-10759] 接收 80（拒绝 0）→ 缓存 10685；+syn 21 / +ant 6
  [#10760-10839] 接收 80（拒绝 0）→ 缓存 10765；+syn 20 / +ant 8
  [#10840-10919] 接收 79（拒绝 1）→ 缓存 10844；+syn 19 / +ant 7
  [#10920-10999] 接收 79（拒绝 1）→ 缓存 10923；+syn 24 / +ant 1
  [#11000-11079] 接收 79（拒绝 1）→ 缓存 11002；+syn 21 / +ant 4
  [#11080-11159] 接收 80（拒绝 0）→ 缓存 11082；+syn 12 / +ant 2
  [#11160-11239] 接收 80（拒绝 0）→ 缓存 11162；+syn 26 / +ant 14
  [#11240-11319] 接收 79（拒绝 1）→ 缓存 11241；+syn 14 / +ant 4
  [#11320-11399] 接收 79（拒绝 1）→ 缓存 11320；+syn 14 / +ant 4
  [#11400-11479] 接收 77（拒绝 3）→ 缓存 11397；+syn 13 / +ant 5
  [#11480-11559] 接收 79（拒绝 1）→ 缓存 11476；+syn 11 / +ant 7
  [#11560-11639] 接收 78（拒绝 2）→ 缓存 11554；+syn 12 / +ant 5
  [#11640-11719] 第1次失败: Expected ':' after property name in JSON at position 752 (line 1 column 753)
  [#11640-11719] 接收 79（拒绝 1）→ 缓存 11633；+syn 9 / +ant 4
  [#11720-11799] 接收 77（拒绝 3）→ 缓存 11710；+syn 17 / +ant 6
  [#11800-11879] 接收 78（拒绝 2）→ 缓存 11788；+syn 17 / +ant 5
  [#11880-11959] 接收 77（拒绝 3）→ 缓存 11865；+syn 18 / +ant 10
  [#11960-12039] 接收 79（拒绝 1）→ 缓存 11944；+syn 16 / +ant 6
  [#12040-12119] 接收 78（拒绝 2）→ 缓存 12022；+syn 15 / +ant 10
  [#12120-12199] 接收 80（拒绝 0）→ 缓存 12102；+syn 20 / +ant 9
  [#12200-12279] 接收 75（拒绝 5）→ 缓存 12177；+syn 10 / +ant 3
  [#12280-12359] 接收 80（拒绝 0）→ 缓存 12257；+syn 18 / +ant 8
  [#12360-12439] 接收 79（拒绝 1）→ 缓存 12336；+syn 11 / +ant 4
  [#12440-12519] 接收 79（拒绝 1）→ 缓存 12415；+syn 16 / +ant 7
  [#12520-12599] 接收 79（拒绝 1）→ 缓存 12494；+syn 13 / +ant 6
  [#12600-12679] 接收 80（拒绝 0）→ 缓存 12574；+syn 10 / +ant 3
  [#12680-12759] 接收 77（拒绝 3）→ 缓存 12651；+syn 11 / +ant 4
  [#12760-12839] 接收 79（拒绝 1）→ 缓存 12730；+syn 19 / +ant 10
  [#12840-12919] 接收 80（拒绝 0）→ 缓存 12810；+syn 11 / +ant 6
  [#12920-12999] 接收 78（拒绝 2）→ 缓存 12888；+syn 9 / +ant 2
  [#13000-13079] 接收 78（拒绝 2）→ 缓存 12966；+syn 9 / +ant 3
  [#13080-13159] 接收 80（拒绝 0）→ 缓存 13046；+syn 10 / +ant 1
  [#13160-13239] 接收 79（拒绝 1）→ 缓存 13125；+syn 9 / +ant 2
  [#13240-13319] 接收 76（拒绝 4）→ 缓存 13201；+syn 14 / +ant 9
  [#13320-13399] 接收 79（拒绝 1）→ 缓存 13280；+syn 22 / +ant 3
  [#13400-13479] 接收 79（拒绝 1）→ 缓存 13359；+syn 16 / +ant 8
  [#13480-13559] 接收 79（拒绝 1）→ 缓存 13438；+syn 17 / +ant 2
  [#13560-13639] 接收 76（拒绝 4）→ 缓存 13514；+syn 12 / +ant 7
  [#13640-13719] 接收 78（拒绝 2）→ 缓存 13592；+syn 15 / +ant 7
  [#13720-13799] 接收 80（拒绝 0）→ 缓存 13672；+syn 12 / +ant 2
  [#13800-13879] 接收 77（拒绝 3）→ 缓存 13749；+syn 14 / +ant 6
  [#13880-13959] 接收 80（拒绝 0）→ 缓存 13829；+syn 18 / +ant 5
  [#13960-14039] 接收 79（拒绝 1）→ 缓存 13908；+syn 15 / +ant 4
  [#14040-14119] 接收 80（拒绝 0）→ 缓存 13988；+syn 14 / +ant 6
  [#14120-14199] 接收 78（拒绝 2）→ 缓存 14066；+syn 13 / +ant 1
  [#14200-14279] 接收 79（拒绝 1）→ 缓存 14145；+syn 24 / +ant 0
  [#14280-14359] 接收 78（拒绝 2）→ 缓存 14223；+syn 15 / +ant 8
  [#14360-14439] 接收 78（拒绝 2）→ 缓存 14301；+syn 9 / +ant 3
  [#14440-14519] 接收 79（拒绝 1）→ 缓存 14380；+syn 12 / +ant 5
  [#14520-14599] 接收 79（拒绝 1）→ 缓存 14459；+syn 18 / +ant 6
  [#14600-14679] 接收 80（拒绝 0）→ 缓存 14539；+syn 12 / +ant 6
  [#14680-14759] 接收 80（拒绝 0）→ 缓存 14619；+syn 8 / +ant 3
  [#14760-14839] 接收 79（拒绝 1）→ 缓存 14698；+syn 13 / +ant 3
  [#14840-14919] 接收 77（拒绝 3）→ 缓存 14775；+syn 12 / +ant 6
  [#14920-14999] 接收 80（拒绝 0）→ 缓存 14855；+syn 11 / +ant 5
  [#15000-15079] 接收 76（拒绝 4）→ 缓存 14931；+syn 12 / +ant 3
  [#15080-15159] 接收 80（拒绝 0）→ 缓存 15011；+syn 11 / +ant 4
  [#15160-15239] 接收 79（拒绝 1）→ 缓存 15090；+syn 10 / +ant 5
  [#15240-15319] 接收 78（拒绝 2）→ 缓存 15168；+syn 14 / +ant 4
  [#15320-15399] 接收 80（拒绝 0）→ 缓存 15248；+syn 8 / +ant 5
  [#15400-15479] 接收 76（拒绝 4）→ 缓存 15324；+syn 12 / +ant 1
  [#15480-15559] 接收 78（拒绝 2）→ 缓存 15402；+syn 3 / +ant 5
  [#15560-15639] 接收 80（拒绝 0）→ 缓存 15482；+syn 20 / +ant 2
  [#15640-15719] 接收 80（拒绝 0）→ 缓存 15562；+syn 11 / +ant 10
  [#15720-15799] 接收 79（拒绝 1）→ 缓存 15641；+syn 14 / +ant 4
  [#15800-15879] 接收 78（拒绝 2）→ 缓存 15719；+syn 14 / +ant 2
  [#15880-15959] 接收 78（拒绝 2）→ 缓存 15797；+syn 21 / +ant 7
  [#15960-16039] 接收 80（拒绝 0）→ 缓存 15877；+syn 14 / +ant 7
  [#16040-16119] 接收 76（拒绝 4）→ 缓存 15953；+syn 16 / +ant 6
  [#16120-16199] 接收 80（拒绝 0）→ 缓存 16033；+syn 14 / +ant 2
  [#16200-16279] 接收 78（拒绝 2）→ 缓存 16111；+syn 24 / +ant 8
  [#16280-16359] 接收 80（拒绝 0）→ 缓存 16191；+syn 11 / +ant 4
  [#16360-16439] 接收 79（拒绝 1）→ 缓存 16270；+syn 16 / +ant 7
  [#16440-16519] 接收 80（拒绝 0）→ 缓存 16350；+syn 19 / +ant 3
  [#16520-16599] 接收 73（拒绝 7）→ 缓存 16423；+syn 10 / +ant 7
  [#16600-16679] 接收 79（拒绝 1）→ 缓存 16502；+syn 15 / +ant 2
  [#16680-16759] 接收 77（拒绝 3）→ 缓存 16579；+syn 18 / +ant 6
  [#16760-16839] 接收 78（拒绝 2）→ 缓存 16657；+syn 17 / +ant 6
  [#16840-16919] 接收 80（拒绝 0）→ 缓存 16737；+syn 19 / +ant 8
  [#16920-16999] 接收 79（拒绝 1）→ 缓存 16816；+syn 8 / +ant 2
  [#17000-17079] 接收 77（拒绝 3）→ 缓存 16893；+syn 15 / +ant 4
  [#17080-17159] 接收 74（拒绝 6）→ 缓存 16967；+syn 11 / +ant 3
  [#17160-17239] 接收 80（拒绝 0）→ 缓存 17047；+syn 17 / +ant 3
  [#17240-17319] 接收 76（拒绝 4）→ 缓存 17123；+syn 12 / +ant 4
  [#17320-17399] 接收 80（拒绝 0）→ 缓存 17203；+syn 14 / +ant 4
  [#17400-17479] 接收 78（拒绝 2）→ 缓存 17281；+syn 21 / +ant 5
  [#17480-17559] 接收 76（拒绝 4）→ 缓存 17357；+syn 13 / +ant 6
  [#17560-17639] 接收 79（拒绝 1）→ 缓存 17436；+syn 15 / +ant 7
  [#17640-17719] 接收 79（拒绝 1）→ 缓存 17515；+syn 8 / +ant 5
  [#17720-17799] 接收 78（拒绝 2）→ 缓存 17593；+syn 17 / +ant 7
  [#17800-17879] 接收 80（拒绝 0）→ 缓存 17673；+syn 16 / +ant 6
  [#17880-17959] 接收 80（拒绝 0）→ 缓存 17753；+syn 13 / +ant 5
  [#17960-18039] 接收 80（拒绝 0）→ 缓存 17833；+syn 13 / +ant 8
  [#18040-18119] 接收 74（拒绝 6）→ 缓存 17907；+syn 13 / +ant 3
  [#18120-18199] 接收 76（拒绝 4）→ 缓存 17983；+syn 16 / +ant 2
  [#18200-18279] 接收 77（拒绝 3）→ 缓存 18060；+syn 5 / +ant 5
  [#18280-18359] 接收 80（拒绝 0）→ 缓存 18140；+syn 11 / +ant 5
  [#18360-18439] 接收 80（拒绝 0）→ 缓存 18220；+syn 9 / +ant 5
  [#18440-18519] 接收 78（拒绝 2）→ 缓存 18298；+syn 16 / +ant 3
  [#18520-18599] 接收 74（拒绝 6）→ 缓存 18372；+syn 19 / +ant 4
  [#18600-18679] 接收 80（拒绝 0）→ 缓存 18452；+syn 6 / +ant 6
  [#18680-18759] 接收 80（拒绝 0）→ 缓存 18532；+syn 15 / +ant 4
  [#18760-18839] 接收 80（拒绝 0）→ 缓存 18612；+syn 17 / +ant 6
  [#18840-18919] 接收 80（拒绝 0）→ 缓存 18692；+syn 8 / +ant 5
  [#18920-18999] 接收 75（拒绝 5）→ 缓存 18767；+syn 23 / +ant 7
  [#19000-19079] 接收 79（拒绝 1）→ 缓存 18846；+syn 14 / +ant 4
  [#19080-19159] 接收 78（拒绝 2）→ 缓存 18924；+syn 14 / +ant 5
  [#19160-19239] 接收 77（拒绝 3）→ 缓存 19001；+syn 15 / +ant 3
  [#19240-19319] 接收 78（拒绝 2）→ 缓存 19079；+syn 8 / +ant 1
  [#19320-19399] 接收 78（拒绝 2）→ 缓存 19157；+syn 15 / +ant 5
  [#19400-19479] 接收 80（拒绝 0）→ 缓存 19237；+syn 13 / +ant 3
  [#19480-19559] 接收 76（拒绝 4）→ 缓存 19313；+syn 11 / +ant 2
  [#19560-19639] 接收 74（拒绝 6）→ 缓存 19387；+syn 16 / +ant 3
  [#19640-19719] 接收 78（拒绝 2）→ 缓存 19465；+syn 8 / +ant 3
  [#19720-19799] 接收 80（拒绝 0）→ 缓存 19545；+syn 16 / +ant 5
  [#19800-19879] 接收 79（拒绝 1）→ 缓存 19624；+syn 21 / +ant 3
  [#19880-19959] 接收 79（拒绝 1）→ 缓存 19703；+syn 11 / +ant 5
  [#19960-20039] 接收 79（拒绝 1）→ 缓存 19782；+syn 16 / +ant 8
  [#20040-20119] 接收 79（拒绝 1）→ 缓存 19861；+syn 12 / +ant 3
  [#20120-20199] 接收 78（拒绝 2）→ 缓存 19939；+syn 12 / +ant 5
  [#20200-20279] 接收 75（拒绝 5）→ 缓存 20014；+syn 7 / +ant 2
  [#20280-20359] 接收 77（拒绝 3）→ 缓存 20091；+syn 9 / +ant 2
  [#20360-20439] 接收 79（拒绝 1）→ 缓存 20170；+syn 14 / +ant 1
  [#20440-20519] 接收 78（拒绝 2）→ 缓存 20248；+syn 9 / +ant 7
  [#20520-20599] 接收 79（拒绝 1）→ 缓存 20327；+syn 21 / +ant 5
  [#20600-20679] 接收 80（拒绝 0）→ 缓存 20407；+syn 10 / +ant 7
  [#20680-20759] 接收 80（拒绝 0）→ 缓存 20487；+syn 19 / +ant 7
  [#20760-20839] 接收 77（拒绝 3）→ 缓存 20564；+syn 13 / +ant 3
  [#20840-20919] 接收 79（拒绝 1）→ 缓存 20643；+syn 15 / +ant 4
  [#20920-20999] 接收 74（拒绝 6）→ 缓存 20717；+syn 11 / +ant 4
  [#21000-21079] 接收 79（拒绝 1）→ 缓存 20796；+syn 13 / +ant 8
  [#21080-21159] 接收 78（拒绝 2）→ 缓存 20874；+syn 18 / +ant 6
  [#21160-21239] 接收 77（拒绝 3）→ 缓存 20951；+syn 9 / +ant 7
  [#21240-21319] 接收 78（拒绝 2）→ 缓存 21029；+syn 12 / +ant 5
  [#21320-21399] 接收 78（拒绝 2）→ 缓存 21107；+syn 19 / +ant 12
  [#21400-21479] 接收 78（拒绝 2）→ 缓存 21185；+syn 17 / +ant 7
  [#21480-21559] 接收 80（拒绝 0）→ 缓存 21265；+syn 17 / +ant 6
  [#21560-21639] 接收 75（拒绝 5）→ 缓存 21340；+syn 21 / +ant 4
  [#21640-21719] 接收 80（拒绝 0）→ 缓存 21420；+syn 9 / +ant 3
  [#21720-21799] 接收 77（拒绝 3）→ 缓存 21497；+syn 20 / +ant 2
  [#21800-21879] 接收 76（拒绝 4）→ 缓存 21573；+syn 12 / +ant 1
  [#21880-21959] 接收 76（拒绝 4）→ 缓存 21649；+syn 18 / +ant 6
  [#21960-22039] 接收 75（拒绝 5）→ 缓存 21724；+syn 9 / +ant 6
  [#22040-22119] 接收 77（拒绝 3）→ 缓存 21801；+syn 10 / +ant 2
  [#22120-22199] 接收 74（拒绝 6）→ 缓存 21875；+syn 15 / +ant 3
  [#22200-22279] 接收 74（拒绝 6）→ 缓存 21949；+syn 13 / +ant 3
  [#22280-22359] 接收 79（拒绝 1）→ 缓存 22028；+syn 17 / +ant 1
  [#22360-22439] 接收 74（拒绝 6）→ 缓存 22102；+syn 10 / +ant 6
  [#22440-22519] 接收 80（拒绝 0）→ 缓存 22182；+syn 16 / +ant 3
  [#22520-22599] 接收 78（拒绝 2）→ 缓存 22260；+syn 11 / +ant 2
  [#22600-22679] 接收 79（拒绝 1）→ 缓存 22339；+syn 14 / +ant 4
  [#22680-22759] 接收 78（拒绝 2）→ 缓存 22417；+syn 14 / +ant 2
  [#22760-22839] 接收 77（拒绝 3）→ 缓存 22494；+syn 14 / +ant 2
  [#22840-22919] 接收 79（拒绝 1）→ 缓存 22573；+syn 7 / +ant 3
  [#22920-22999] 接收 80（拒绝 0）→ 缓存 22653；+syn 17 / +ant 13
  [#23000-23079] 接收 76（拒绝 4）→ 缓存 22729；+syn 4 / +ant 0
  [#23080-23159] 接收 78（拒绝 2）→ 缓存 22807；+syn 7 / +ant 5
  [#23160-23239] 接收 78（拒绝 2）→ 缓存 22885；+syn 12 / +ant 3
  [#23240-23319] 接收 74（拒绝 6）→ 缓存 22959；+syn 16 / +ant 3
  [#23320-23399] 接收 78（拒绝 2）→ 缓存 23037；+syn 13 / +ant 2
  [#23400-23479] 接收 79（拒绝 1）→ 缓存 23116；+syn 10 / +ant 2
  [#23480-23559] 接收 76（拒绝 4）→ 缓存 23192；+syn 13 / +ant 5
  [#23560-23639] 接收 79（拒绝 1）→ 缓存 23271；+syn 12 / +ant 4
  [#23640-23719] 接收 77（拒绝 3）→ 缓存 23348；+syn 11 / +ant 4
  [#23720-23799] 接收 79（拒绝 1）→ 缓存 23427；+syn 13 / +ant 4
  [#23800-23879] 接收 80（拒绝 0）→ 缓存 23507；+syn 17 / +ant 5
  [#23880-23959] 接收 74（拒绝 6）→ 缓存 23581；+syn 8 / +ant 0
  [#23960-24039] 接收 79（拒绝 1）→ 缓存 23660；+syn 18 / +ant 5
  [#24040-24119] 接收 77（拒绝 3）→ 缓存 23737；+syn 12 / +ant 6
  [#24120-24199] 接收 79（拒绝 1）→ 缓存 23816；+syn 12 / +ant 7
  [#24200-24279] 接收 80（拒绝 0）→ 缓存 23896；+syn 10 / +ant 4
  [#24280-24359] 接收 78（拒绝 2）→ 缓存 23974；+syn 6 / +ant 0
  [#24360-24439] 接收 78（拒绝 2）→ 缓存 24052；+syn 11 / +ant 2
  [#24440-24519] 接收 76（拒绝 4）→ 缓存 24128；+syn 9 / +ant 2
  [#24520-24599] 接收 78（拒绝 2）→ 缓存 24206；+syn 7 / +ant 1
  [#24600-24679] 接收 78（拒绝 2）→ 缓存 24284；+syn 9 / +ant 5
  [#24680-24759] 接收 80（拒绝 0）→ 缓存 24364；+syn 12 / +ant 7
  [#24760-24839] 接收 75（拒绝 5）→ 缓存 24439；+syn 13 / +ant 3
  [#24840-24919] 接收 76（拒绝 4）→ 缓存 24515；+syn 20 / +ant 4
  [#24920-24999] 接收 80（拒绝 0）→ 缓存 24595；+syn 10 / +ant 6
  [#25000-25079] 接收 74（拒绝 6）→ 缓存 24669；+syn 11 / +ant 0
  [#25080-25159] 接收 80（拒绝 0）→ 缓存 24749；+syn 11 / +ant 4
  [#25160-25239] 接收 77（拒绝 3）→ 缓存 24826；+syn 13 / +ant 5
  [#25240-25319] 接收 80（拒绝 0）→ 缓存 24906；+syn 14 / +ant 5
  [#25320-25399] 接收 79（拒绝 1）→ 缓存 24985；+syn 18 / +ant 4
  [#25400-25479] 接收 75（拒绝 5）→ 缓存 25060；+syn 16 / +ant 13
  [#25480-25559] 接收 80（拒绝 0）→ 缓存 25140；+syn 11 / +ant 0
  [#25560-25639] 接收 78（拒绝 2）→ 缓存 25218；+syn 8 / +ant 3
  [#25640-25719] 接收 75（拒绝 5）→ 缓存 25293；+syn 12 / +ant 9
  [#25720-25799] 接收 79（拒绝 1）→ 缓存 25372；+syn 16 / +ant 6
  [#25800-25879] 接收 69（拒绝 11）→ 缓存 25441；+syn 14 / +ant 10
  [#25880-25959] 接收 76（拒绝 4）→ 缓存 25517；+syn 7 / +ant 4
  [#25960-26039] 接收 77（拒绝 3）→ 缓存 25594；+syn 8 / +ant 2
  [#26040-26119] 接收 78（拒绝 2）→ 缓存 25672；+syn 10 / +ant 2
  [#26120-26199] 接收 75（拒绝 5）→ 缓存 25747；+syn 16 / +ant 1
  [#26200-26279] 接收 80（拒绝 0）→ 缓存 25827；+syn 7 / +ant 5
  [#26280-26359] 接收 76（拒绝 4）→ 缓存 25903；+syn 16 / +ant 6
  [#26360-26439] 接收 78（拒绝 2）→ 缓存 25981；+syn 10 / +ant 3
  [#26440-26519] 接收 78（拒绝 2）→ 缓存 26059；+syn 9 / +ant 3
  [#26520-26599] 接收 80（拒绝 0）→ 缓存 26139；+syn 8 / +ant 5
  [#26600-26679] 接收 76（拒绝 4）→ 缓存 26215；+syn 15 / +ant 4
  [#26680-26759] 接收 78（拒绝 2）→ 缓存 26293；+syn 15 / +ant 4
  [#26760-26839] 接收 76（拒绝 4）→ 缓存 26369；+syn 9 / +ant 5
  [#26840-26919] 接收 76（拒绝 4）→ 缓存 26445；+syn 5 / +ant 5
  [#26920-26999] 接收 79（拒绝 1）→ 缓存 26524；+syn 16 / +ant 8
  [#27000-27079] 接收 79（拒绝 1）→ 缓存 26603；+syn 12 / +ant 6
  [#27080-27159] 接收 79（拒绝 1）→ 缓存 26682；+syn 13 / +ant 5
  [#27160-27239] 接收 78（拒绝 2）→ 缓存 26760；+syn 13 / +ant 3
  [#27240-27319] 接收 70（拒绝 10）→ 缓存 26830；+syn 7 / +ant 5
  [#27320-27399] 接收 79（拒绝 1）→ 缓存 26909；+syn 11 / +ant 4
  [#27400-27479] 接收 76（拒绝 4）→ 缓存 26985；+syn 13 / +ant 2
  [#27480-27559] 接收 78（拒绝 2）→ 缓存 27063；+syn 7 / +ant 2
  [#27560-27639] 接收 79（拒绝 1）→ 缓存 27142；+syn 9 / +ant 2
  [#27640-27719] 接收 75（拒绝 5）→ 缓存 27217；+syn 15 / +ant 5
  [#27720-27799] 接收 79（拒绝 1）→ 缓存 27296；+syn 22 / +ant 6
  [#27800-27879] 接收 77（拒绝 3）→ 缓存 27373；+syn 12 / +ant 4
  [#27880-27959] 接收 78（拒绝 2）→ 缓存 27451；+syn 4 / +ant 5
  [#27960-28039] 接收 76（拒绝 4）→ 缓存 27527；+syn 7 / +ant 4
  [#28040-28119] 接收 78（拒绝 2）→ 缓存 27605；+syn 8 / +ant 4
  [#28120-28199] 接收 79（拒绝 1）→ 缓存 27684；+syn 19 / +ant 2
  [#28200-28279] 接收 77（拒绝 3）→ 缓存 27761；+syn 16 / +ant 5
  [#28280-28359] 接收 79（拒绝 1）→ 缓存 27840；+syn 7 / +ant 2
  [#28360-28439] 接收 78（拒绝 2）→ 缓存 27918；+syn 14 / +ant 1
  [#28440-28519] 接收 78（拒绝 2）→ 缓存 27996；+syn 5 / +ant 2
  [#28520-28599] 接收 74（拒绝 6）→ 缓存 28070；+syn 5 / +ant 2
  [#28600-28679] 接收 78（拒绝 2）→ 缓存 28148；+syn 15 / +ant 2
  [#28680-28759] 接收 78（拒绝 2）→ 缓存 28226；+syn 12 / +ant 5
  [#28760-28839] 接收 76（拒绝 4）→ 缓存 28302；+syn 11 / +ant 5
  [#28840-28919] 接收 78（拒绝 2）→ 缓存 28380；+syn 9 / +ant 2
  [#28920-28999] 接收 74（拒绝 6）→ 缓存 28454；+syn 8 / +ant 6
  [#29000-29079] 接收 75（拒绝 5）→ 缓存 28529；+syn 6 / +ant 2
  [#29080-29159] 接收 79（拒绝 1）→ 缓存 28608；+syn 8 / +ant 2
  [#29160-29239] 接收 80（拒绝 0）→ 缓存 28688；+syn 8 / +ant 1
  [#29240-29319] 接收 76（拒绝 4）→ 缓存 28764；+syn 6 / +ant 1
  [#29320-29399] 接收 74（拒绝 6）→ 缓存 28838；+syn 7 / +ant 0
  [#29400-29479] 接收 75（拒绝 5）→ 缓存 28913；+syn 12 / +ant 2
  [#29480-29559] 接收 77（拒绝 3）→ 缓存 28990；+syn 17 / +ant 5
  [#29560-29639] 接收 76（拒绝 4）→ 缓存 29066；+syn 13 / +ant 2
  [#29640-29719] 接收 77（拒绝 3）→ 缓存 29143；+syn 11 / +ant 2
  [#29720-29799] 接收 80（拒绝 0）→ 缓存 29223；+syn 8 / +ant 2
  [#29800-29879] 接收 79（拒绝 1）→ 缓存 29302；+syn 9 / +ant 2
  [#29880-29959] 接收 78（拒绝 2）→ 缓存 29380；+syn 16 / +ant 0
  [#29960-30039] 接收 74（拒绝 6）→ 缓存 29454；+syn 7 / +ant 3
  [#30040-30119] 接收 76（拒绝 4）→ 缓存 29530；+syn 11 / +ant 4
  [#30120-30199] 接收 78（拒绝 2）→ 缓存 29608；+syn 13 / +ant 3
  [#30200-30279] 接收 79（拒绝 1）→ 缓存 29687；+syn 14 / +ant 6
  [#30280-30359] 接收 77（拒绝 3）→ 缓存 29764；+syn 17 / +ant 4
  [#30360-30439] 接收 78（拒绝 2）→ 缓存 29842；+syn 14 / +ant 1
  [#30440-30519] 接收 77（拒绝 3）→ 缓存 29919；+syn 6 / +ant 1
  [#30520-30599] 接收 79（拒绝 1）→ 缓存 29998；+syn 6 / +ant 4
  [#30600-30679] 接收 76（拒绝 4）→ 缓存 30074；+syn 10 / +ant 3
  [#30680-30759] 接收 75（拒绝 5）→ 缓存 30149；+syn 10 / +ant 7
  [#30760-30839] 接收 79（拒绝 1）→ 缓存 30228；+syn 6 / +ant 2
  [#30840-30919] 接收 79（拒绝 1）→ 缓存 30307；+syn 8 / +ant 2
  [#30920-30999] 接收 79（拒绝 1）→ 缓存 30386；+syn 7 / +ant 2
  [#31000-31079] 接收 80（拒绝 0）→ 缓存 30466；+syn 13 / +ant 2
  [#31080-31159] 接收 78（拒绝 2）→ 缓存 30544；+syn 8 / +ant 5
  [#31160-31239] 接收 80（拒绝 0）→ 缓存 30624；+syn 10 / +ant 2
  [#31240-31319] 接收 77（拒绝 3）→ 缓存 30701；+syn 8 / +ant 1
  [#31320-31399] 接收 77（拒绝 3）→ 缓存 30778；+syn 11 / +ant 4
  [#31400-31479] 接收 79（拒绝 1）→ 缓存 30857；+syn 9 / +ant 5
  [#31480-31559] 接收 78（拒绝 2）→ 缓存 30935；+syn 18 / +ant 7
  [#31560-31639] 接收 79（拒绝 1）→ 缓存 31014；+syn 16 / +ant 2
  [#31640-31719] 接收 79（拒绝 1）→ 缓存 31093；+syn 13 / +ant 4
  [#31720-31799] 接收 79（拒绝 1）→ 缓存 31172；+syn 13 / +ant 5
  [#31800-31879] 接收 79（拒绝 1）→ 缓存 31251；+syn 16 / +ant 8
  [#31880-31959] 接收 78（拒绝 2）→ 缓存 31329；+syn 10 / +ant 1
  [#31960-32039] 接收 77（拒绝 3）→ 缓存 31406；+syn 14 / +ant 2
  [#32040-32119] 接收 80（拒绝 0）→ 缓存 31486；+syn 13 / +ant 1
  [#32120-32199] 接收 78（拒绝 2）→ 缓存 31564；+syn 21 / +ant 4
  [#32200-32279] 接收 75（拒绝 5）→ 缓存 31639；+syn 18 / +ant 4
  [#32280-32359] 接收 79（拒绝 1）→ 缓存 31718；+syn 8 / +ant 2
  [#32360-32439] 接收 77（拒绝 3）→ 缓存 31795；+syn 12 / +ant 8
  [#32440-32519] 接收 74（拒绝 6）→ 缓存 31869；+syn 6 / +ant 1
  [#32520-32599] 接收 76（拒绝 4）→ 缓存 31945；+syn 8 / +ant 4
  [#32600-32679] 接收 76（拒绝 4）→ 缓存 32021；+syn 8 / +ant 4
  [#32680-32759] 接收 79（拒绝 1）→ 缓存 32100；+syn 2 / +ant 3
  [#32760-32839] 接收 79（拒绝 1）→ 缓存 32179；+syn 5 / +ant 2
  [#32840-32919] 接收 74（拒绝 6）→ 缓存 32253；+syn 13 / +ant 5
  [#32920-32999] 接收 78（拒绝 2）→ 缓存 32331；+syn 17 / +ant 5
  [#33000-33079] 接收 78（拒绝 2）→ 缓存 32409；+syn 12 / +ant 3
  [#33080-33159] 接收 78（拒绝 2）→ 缓存 32487；+syn 20 / +ant 3
  [#33160-33239] 接收 79（拒绝 1）→ 缓存 32566；+syn 10 / +ant 4
  [#33240-33319] 接收 75（拒绝 5）→ 缓存 32641；+syn 9 / +ant 2
  [#33320-33399] 接收 74（拒绝 6）→ 缓存 32715；+syn 5 / +ant 3
  [#33400-33479] 接收 77（拒绝 3）→ 缓存 32792；+syn 10 / +ant 4
  [#33480-33559] 接收 78（拒绝 2）→ 缓存 32870；+syn 8 / +ant 3
  [#33560-33639] 接收 73（拒绝 7）→ 缓存 32943；+syn 4 / +ant 4
  [#33640-33719] 接收 77（拒绝 3）→ 缓存 33020；+syn 10 / +ant 3
  [#33720-33799] 接收 74（拒绝 6）→ 缓存 33094；+syn 11 / +ant 2
  [#33800-33879] 接收 78（拒绝 2）→ 缓存 33172；+syn 13 / +ant 0
  [#33880-33959] 接收 78（拒绝 2）→ 缓存 33250；+syn 9 / +ant 2
  [#33960-34039] 接收 80（拒绝 0）→ 缓存 33330；+syn 12 / +ant 1
  [#34040-34119] 接收 79（拒绝 1）→ 缓存 33409；+syn 12 / +ant 3
  [#34120-34199] 接收 80（拒绝 0）→ 缓存 33489；+syn 9 / +ant 6
  [#34200-34279] 接收 79（拒绝 1）→ 缓存 33568；+syn 11 / +ant 2
  [#34280-34359] 接收 80（拒绝 0）→ 缓存 33648；+syn 11 / +ant 2
  [#34360-34439] 接收 77（拒绝 3）→ 缓存 33725；+syn 8 / +ant 1
  [#34440-34519] 接收 73（拒绝 7）→ 缓存 33798；+syn 7 / +ant 3
  [#34520-34599] 接收 78（拒绝 2）→ 缓存 33876；+syn 10 / +ant 4
  [#34600-34679] 接收 79（拒绝 1）→ 缓存 33955；+syn 14 / +ant 5
  [#34680-34759] 接收 77（拒绝 3）→ 缓存 34032；+syn 16 / +ant 6
  [#34760-34839] 接收 68（拒绝 12）→ 缓存 34100；+syn 2 / +ant 1
  [#34840-34919] 接收 77（拒绝 3）→ 缓存 34177；+syn 8 / +ant 3
  [#34920-34999] 接收 77（拒绝 3）→ 缓存 34254；+syn 6 / +ant 3
  [#35000-35079] 接收 80（拒绝 0）→ 缓存 34334；+syn 8 / +ant 3
  [#35080-35159] 接收 74（拒绝 6）→ 缓存 34408；+syn 6 / +ant 1
  [#35160-35239] 接收 76（拒绝 4）→ 缓存 34484；+syn 19 / +ant 1
  [#35240-35319] 接收 75（拒绝 5）→ 缓存 34559；+syn 7 / +ant 6
  [#35320-35399] 接收 78（拒绝 2）→ 缓存 34637；+syn 7 / +ant 4
  [#35400-35479] 接收 78（拒绝 2）→ 缓存 34715；+syn 11 / +ant 4
  [#35480-35559] 接收 75（拒绝 5）→ 缓存 34790；+syn 8 / +ant 4
  [#35560-35639] 接收 78（拒绝 2）→ 缓存 34868；+syn 9 / +ant 4
  [#35640-35719] 接收 71（拒绝 9）→ 缓存 34939；+syn 3 / +ant 1
  [#35720-35799] 接收 79（拒绝 1）→ 缓存 35018；+syn 12 / +ant 2
  [#35800-35879] 接收 79（拒绝 1）→ 缓存 35097；+syn 15 / +ant 5
  [#35880-35959] 接收 77（拒绝 3）→ 缓存 35174；+syn 3 / +ant 0
  [#35960-36039] 接收 77（拒绝 3）→ 缓存 35251；+syn 13 / +ant 3
  [#36040-36119] 接收 78（拒绝 2）→ 缓存 35329；+syn 4 / +ant 1
  [#36120-36199] 接收 78（拒绝 2）→ 缓存 35407；+syn 8 / +ant 2
  [#36200-36279] 接收 74（拒绝 6）→ 缓存 35481；+syn 7 / +ant 4
  [#36280-36359] 接收 78（拒绝 2）→ 缓存 35559；+syn 12 / +ant 5
  [#36360-36439] 接收 79（拒绝 1）→ 缓存 35638；+syn 10 / +ant 3
  [#36440-36519] 接收 79（拒绝 1）→ 缓存 35717；+syn 12 / +ant 0
  [#36520-36599] 接收 80（拒绝 0）→ 缓存 35797；+syn 11 / +ant 2
  [#36600-36679] 接收 78（拒绝 2）→ 缓存 35875；+syn 8 / +ant 1
  [#36680-36759] 接收 77（拒绝 3）→ 缓存 35952；+syn 7 / +ant 4
  [#36760-36839] 接收 72（拒绝 8）→ 缓存 36024；+syn 12 / +ant 1
  [#36840-36919] 接收 78（拒绝 2）→ 缓存 36102；+syn 15 / +ant 7
  [#36920-36999] 接收 80（拒绝 0）→ 缓存 36182；+syn 11 / +ant 4
  [#37000-37079] 接收 78（拒绝 2）→ 缓存 36260；+syn 6 / +ant 3
  [#37080-37159] 接收 77（拒绝 3）→ 缓存 36337；+syn 6 / +ant 4
  [#37160-37239] 接收 78（拒绝 2）→ 缓存 36415；+syn 11 / +ant 5
  [#37240-37319] 接收 76（拒绝 4）→ 缓存 36491；+syn 8 / +ant 1
  [#37320-37399] 接收 79（拒绝 1）→ 缓存 36570；+syn 9 / +ant 2
  [#37400-37479] 接收 79（拒绝 1）→ 缓存 36649；+syn 7 / +ant 3
  [#37480-37559] 接收 80（拒绝 0）→ 缓存 36729；+syn 12 / +ant 3
  [#37560-37639] 接收 79（拒绝 1）→ 缓存 36808；+syn 6 / +ant 2
  [#37640-37719] 接收 73（拒绝 7）→ 缓存 36881；+syn 8 / +ant 5
  [#37720-37799] 接收 80（拒绝 0）→ 缓存 36961；+syn 7 / +ant 3
  [#37800-37879] 接收 77（拒绝 3）→ 缓存 37038；+syn 10 / +ant 3
  [#37880-37959] 接收 75（拒绝 5）→ 缓存 37113；+syn 8 / +ant 3
  [#37960-38039] 接收 75（拒绝 5）→ 缓存 37188；+syn 4 / +ant 3
  [#38040-38119] 接收 76（拒绝 4）→ 缓存 37264；+syn 3 / +ant 2
  [#38120-38199] 接收 80（拒绝 0）→ 缓存 37344；+syn 7 / +ant 2
  [#38200-38279] 接收 71（拒绝 9）→ 缓存 37415；+syn 6 / +ant 2
  [#38280-38359] 接收 79（拒绝 1）→ 缓存 37494；+syn 10 / +ant 2
  [#38360-38439] 接收 74（拒绝 6）→ 缓存 37568；+syn 6 / +ant 1
  [#38440-38519] 接收 78（拒绝 2）→ 缓存 37646；+syn 6 / +ant 4
  [#38520-38599] 接收 79（拒绝 1）→ 缓存 37725；+syn 11 / +ant 3
  [#38600-38679] 接收 79（拒绝 1）→ 缓存 37804；+syn 15 / +ant 1
  [#38680-38759] 接收 79（拒绝 1）→ 缓存 37883；+syn 9 / +ant 3
  [#38760-38839] 接收 74（拒绝 6）→ 缓存 37957；+syn 7 / +ant 6
  [#38840-38919] 接收 74（拒绝 6）→ 缓存 38031；+syn 6 / +ant 6
  [#38920-38999] 接收 78（拒绝 2）→ 缓存 38109；+syn 22 / +ant 7
  [#39000-39079] 接收 76（拒绝 4）→ 缓存 38185；+syn 11 / +ant 2
  [#39080-39159] 接收 80（拒绝 0）→ 缓存 38265；+syn 10 / +ant 2
  [#39160-39239] 接收 77（拒绝 3）→ 缓存 38342；+syn 5 / +ant 2
  [#39240-39319] 接收 76（拒绝 4）→ 缓存 38418；+syn 9 / +ant 3
  [#39320-39399] 接收 78（拒绝 2）→ 缓存 38496；+syn 9 / +ant 3
  [#39400-39479] 接收 77（拒绝 3）→ 缓存 38573；+syn 11 / +ant 4
  [#39480-39559] 第1次失败: Expected ',' or ']' after array element in JSON at position 269 (line 1 column 270)
  [#39480-39559] 接收 80（拒绝 0）→ 缓存 38653；+syn 12 / +ant 3
  [#39560-39639] 接收 75（拒绝 5）→ 缓存 38728；+syn 19 / +ant 5
  [#39640-39719] 接收 79（拒绝 1）→ 缓存 38807；+syn 10 / +ant 4
  [#39720-39799] 接收 75（拒绝 5）→ 缓存 38882；+syn 9 / +ant 2
  [#39800-39879] 接收 73（拒绝 7）→ 缓存 38955；+syn 8 / +ant 3
  [#39880-39959] 接收 74（拒绝 6）→ 缓存 39029；+syn 8 / +ant 4
  [#39960-40039] 接收 76（拒绝 4）→ 缓存 39105；+syn 9 / +ant 2
  [#40040-40119] 接收 76（拒绝 4）→ 缓存 39181；+syn 7 / +ant 3
  [#40120-40199] 接收 79（拒绝 1）→ 缓存 39260；+syn 8 / +ant 1
  [#40200-40279] 接收 78（拒绝 2）→ 缓存 39338；+syn 5 / +ant 3
  [#40280-40359] 接收 80（拒绝 0）→ 缓存 39418；+syn 7 / +ant 2
  [#40360-40439] 接收 78（拒绝 2）→ 缓存 39496；+syn 10 / +ant 6
  [#40440-40519] 接收 75（拒绝 5）→ 缓存 39571；+syn 2 / +ant 4
  [#40520-40599] 接收 71（拒绝 9）→ 缓存 39642；+syn 10 / +ant 1
  [#40600-40679] 接收 80（拒绝 0）→ 缓存 39722；+syn 11 / +ant 1
  [#40680-40759] 接收 79（拒绝 1）→ 缓存 39801；+syn 10 / +ant 2
  [#40760-40839] 接收 66（拒绝 14）→ 缓存 39867；+syn 9 / +ant 1
  [#40840-40919] 接收 76（拒绝 4）→ 缓存 39943；+syn 7 / +ant 2
  [#40920-40999] 接收 75（拒绝 5）→ 缓存 40018；+syn 5 / +ant 3
  [#41000-41079] 接收 78（拒绝 2）→ 缓存 40096；+syn 17 / +ant 5
  [#41080-41159] 接收 79（拒绝 1）→ 缓存 40175；+syn 11 / +ant 4
  [#41160-41239] 接收 78（拒绝 2）→ 缓存 40253；+syn 5 / +ant 1
  [#41240-41319] 接收 69（拒绝 11）→ 缓存 40322；+syn 15 / +ant 6
  [#41320-41399] 接收 78（拒绝 2）→ 缓存 40400；+syn 13 / +ant 3
  [#41400-41479] 接收 76（拒绝 4）→ 缓存 40476；+syn 13 / +ant 5
  [#41480-41559] 接收 79（拒绝 1）→ 缓存 40555；+syn 12 / +ant 2
  [#41560-41639] 接收 74（拒绝 6）→ 缓存 40629；+syn 13 / +ant 3
  [#41640-41719] 接收 72（拒绝 8）→ 缓存 40701；+syn 8 / +ant 2
  [#41720-41799] 接收 73（拒绝 7）→ 缓存 40774；+syn 8 / +ant 2
  [#41800-41879] 接收 72（拒绝 8）→ 缓存 40846；+syn 7 / +ant 4
  [#41880-41959] 接收 80（拒绝 0）→ 缓存 40926；+syn 11 / +ant 3
  [#41960-42039] 接收 76（拒绝 4）→ 缓存 41002；+syn 10 / +ant 3
  [#42040-42119] 接收 70（拒绝 10）→ 缓存 41072；+syn 10 / +ant 1
  [#42120-42199] 接收 76（拒绝 4）→ 缓存 41148；+syn 6 / +ant 1
  [#42200-42279] 接收 71（拒绝 9）→ 缓存 41219；+syn 3 / +ant 1
  [#42280-42359] 接收 76（拒绝 4）→ 缓存 41295；+syn 12 / +ant 4
  [#42360-42439] 接收 79（拒绝 1）→ 缓存 41374；+syn 6 / +ant 3
  [#42440-42519] 接收 77（拒绝 3）→ 缓存 41451；+syn 11 / +ant 3
  [#42520-42599] 接收 75（拒绝 5）→ 缓存 41526；+syn 12 / +ant 2
  [#42600-42679] 接收 79（拒绝 1）→ 缓存 41605；+syn 19 / +ant 5
  [#42680-42759] 接收 73（拒绝 7）→ 缓存 41678；+syn 9 / +ant 0
  [#42760-42839] 接收 78（拒绝 2）→ 缓存 41756；+syn 12 / +ant 5
  [#42840-42919] 接收 74（拒绝 6）→ 缓存 41830；+syn 7 / +ant 3
  [#42920-42999] 接收 79（拒绝 1）→ 缓存 41909；+syn 9 / +ant 2
  [#43000-43079] 接收 74（拒绝 6）→ 缓存 41983；+syn 9 / +ant 6
  [#43080-43159] 接收 74（拒绝 6）→ 缓存 42057；+syn 5 / +ant 2
  [#43160-43239] 接收 74（拒绝 6）→ 缓存 42131；+syn 4 / +ant 2
  [#43240-43319] 接收 75（拒绝 5）→ 缓存 42206；+syn 16 / +ant 4
  [#43320-43399] 接收 75（拒绝 5）→ 缓存 42281；+syn 7 / +ant 2
  [#43400-43479] 接收 76（拒绝 4）→ 缓存 42357；+syn 2 / +ant 2
  [#43480-43559] 接收 78（拒绝 2）→ 缓存 42435；+syn 9 / +ant 1
  [#43560-43639] 接收 71（拒绝 9）→ 缓存 42506；+syn 10 / +ant 0
  [#43640-43719] 接收 79（拒绝 1）→ 缓存 42585；+syn 9 / +ant 4
  [#43720-43799] 接收 73（拒绝 7）→ 缓存 42658；+syn 12 / +ant 2
  [#43800-43879] 接收 79（拒绝 1）→ 缓存 42737；+syn 8 / +ant 1
  [#43880-43959] 接收 78（拒绝 2）→ 缓存 42815；+syn 4 / +ant 1
  [#43960-44039] 接收 80（拒绝 0）→ 缓存 42895；+syn 6 / +ant 0
  [#44040-44119] 接收 80（拒绝 0）→ 缓存 42975；+syn 5 / +ant 0
  [#44120-44199] 接收 79（拒绝 1）→ 缓存 43054；+syn 9 / +ant 0
  [#44200-44279] 接收 65（拒绝 15）→ 缓存 43119；+syn 3 / +ant 0
  [#44280-44359] 接收 80（拒绝 0）→ 缓存 43199；+syn 10 / +ant 1
  [#44360-44439] 接收 80（拒绝 0）→ 缓存 43279；+syn 11 / +ant 0
  [#44440-44519] 接收 77（拒绝 3）→ 缓存 43356；+syn 7 / +ant 1
  [#44520-44599] 接收 80（拒绝 0）→ 缓存 43436；+syn 6 / +ant 1
  [#44600-44679] 接收 80（拒绝 0）→ 缓存 43516；+syn 6 / +ant 0
  [#44680-44759] 接收 80（拒绝 0）→ 缓存 43596；+syn 10 / +ant 4
  [#44760-44839] 接收 80（拒绝 0）→ 缓存 43676；+syn 7 / +ant 2
  [#44840-44919] 接收 80（拒绝 0）→ 缓存 43756；+syn 8 / +ant 3
  [#44920-44999] 接收 76（拒绝 4）→ 缓存 43832；+syn 6 / +ant 0
  [#45000-45079] 接收 80（拒绝 0）→ 缓存 43912；+syn 15 / +ant 5
  [#45080-45159] 接收 80（拒绝 0）→ 缓存 43992；+syn 4 / +ant 0
  [#45160-45239] 接收 80（拒绝 0）→ 缓存 44072；+syn 9 / +ant 3
  [#45240-45319] 接收 80（拒绝 0）→ 缓存 44152；+syn 8 / +ant 0
  [#45320-45399] 接收 80（拒绝 0）→ 缓存 44232；+syn 6 / +ant 3
  [#45400-45479] 接收 79（拒绝 1）→ 缓存 44311；+syn 7 / +ant 1
  [#45480-45559] 接收 79（拒绝 1）→ 缓存 44390；+syn 10 / +ant 0
  [#45560-45639] 接收 49（拒绝 31）→ 缓存 44439；+syn 3 / +ant 0
  [#45640-45719] 接收 80（拒绝 0）→ 缓存 44519；+syn 9 / +ant 2
  [#45720-45799] 接收 77（拒绝 3）→ 缓存 44596；+syn 6 / +ant 1
  [#45800-45879] 接收 80（拒绝 0）→ 缓存 44676；+syn 6 / +ant 2
  [#45880-45959] 接收 79（拒绝 1）→ 缓存 44755；+syn 3 / +ant 1
  [#45960-46039] 接收 80（拒绝 0）→ 缓存 44835；+syn 7 / +ant 2
  [#46040-46119] 接收 80（拒绝 0）→ 缓存 44915；+syn 6 / +ant 4
  [#46120-46199] 接收 79（拒绝 1）→ 缓存 44994；+syn 3 / +ant 0
  [#46200-46279] 接收 75（拒绝 5）→ 缓存 45069；+syn 8 / +ant 2
  [#46280-46359] 接收 80（拒绝 0）→ 缓存 45149；+syn 10 / +ant 0
  [#46360-46439] 接收 80（拒绝 0）→ 缓存 45229；+syn 7 / +ant 6
  [#46440-46519] 接收 80（拒绝 0）→ 缓存 45309；+syn 7 / +ant 0
  [#46520-46599] 接收 80（拒绝 0）→ 缓存 45389；+syn 10 / +ant 1
  [#46600-46679] 接收 80（拒绝 0）→ 缓存 45469；+syn 18 / +ant 5
  [#46680-46759] 接收 79（拒绝 1）→ 缓存 45548；+syn 5 / +ant 6
  [#46760-46839] 接收 80（拒绝 0）→ 缓存 45628；+syn 11 / +ant 5
  [#46840-46919] 接收 80（拒绝 0）→ 缓存 45708；+syn 7 / +ant 1
  [#46920-46999] 接收 80（拒绝 0）→ 缓存 45788；+syn 11 / +ant 2
  [#47000-47079] 接收 80（拒绝 0）→ 缓存 45868；+syn 16 / +ant 7
  [#47080-47159] 接收 80（拒绝 0）→ 缓存 45948；+syn 17 / +ant 7
  [#47160-47239] 接收 80（拒绝 0）→ 缓存 46028；+syn 7 / +ant 7
  [#47240-47319] 接收 80（拒绝 0）→ 缓存 46108；+syn 12 / +ant 8
  [#47320-47399] 接收 80（拒绝 0）→ 缓存 46188；+syn 14 / +ant 5
  [#47400-47479] 接收 80（拒绝 0）→ 缓存 46268；+syn 13 / +ant 6
  [#47480-47559] 接收 80（拒绝 0）→ 缓存 46348；+syn 18 / +ant 2
  [#47560-47639] 接收 80（拒绝 0）→ 缓存 46428；+syn 18 / +ant 5
  [#47640-47719] 接收 80（拒绝 0）→ 缓存 46508；+syn 18 / +ant 4
  [#47720-47724] 接收 5（拒绝 0）→ 缓存 46513；+syn 3 / +ant 1
完成：本轮消费种子 47685 个，累计标注 46513 条
四类分布： { mono: 15996, loan: 17224, proper: 13293 }
关系：syn 7829 对 / ant 2587 对
产出文件：src/data/words-mono-seed.js + src/data/synants-mono-seed.js
