[phon] 词库唯一词形 64825 个（总词条 64825）
[phon] 缺例句词形 49604 个；本次处理 49604 个（全量）
[phon] 批次 1：请求 24 词，合格入库 24 词
[phon] 批次 2：请求 24 词，合格入库 24 词
[phon] 批次 3：请求 24 词，合格入库 24 词
[phon] 批次 4：请求 24 词，合格入库 24 词
[phon] 批次 5：请求 24 词，合格入库 24 词
[phon] 已写出 src\data\phonetics.js（47744 词条）
[phon] 批次 6：请求 24 词，合格入库 24 词
[phon] 批次 7：请求 24 词，合格入库 24 词
[phon] 批次 8：请求 24 词，合格入库 24 词
[phon] 批次 9：请求 24 词，合格入库 24 词
[phon] 批次 10：请求 24 词，合格入库 24 词
[phon] 已写出 src\data\phonetics.js（47744 词条）
[phon] 批次 11：请求 24 词，合格入库 24 词
[phon] 批次 12：请求 24 词，合格入库 24 词
[phon] 批次 13：请求 24 词，合格入库 24 词
[phon] 批次 14：请求 24 词，合格入库 24 词
[phon] 批次 15：请求 24 词，合格入库 24 词
[phon] 已写出 src\data\phonetics.js（47745 词条）
[phon] 批次 16：请求 24 词，合格入库 24 词
[phon] 批次 17：请求 24 词，合格入库 24 词
[phon] 批次 18：请求 24 词，合格入库 24 词
[phon] 批次 19：请求 24 词，合格入库 24 词
[phon] 批次 20：请求 24 词，合格入库 24 词
[phon] 已写出 src\data\phonetics.js（47783 词条）
[phon] 批次 21：请求 24 词，合格入库 24 词
[phon] 批次 22：请求 24 词，合格入库 24 词
[phon] 批次 23：请求 24 词，合格入库 24 词
[phon] 批次 24：请求 24 词，合格入库 24 词
[phon] 批次 25：请求 24 词，合格入库 24 词
[phon] 已写出 src\data\phonetics.js（47785 词条）
[phon] 批次 26：请求 24 词，合格入库 24 词
[phon] 批次 27：请求 24 词，合格入库 24 词
[phon] 批次 28：请求 24 词，合格入库 24 词
[phon] 批次 29：请求 24 词，合格入库 24 词
[phon] 批次 30：请求 24 词，合格入库 24 词
[phon] 已写出 src\data\phonetics.js（47786 词条）
[phon] 批次 31：请求 24 词，合格入库 24 词
[phon] 批次 32：请求 24 词，合格入库 24 词
[phon] 批次 33：请求 24 词，合格入库 24 词
[phon] 批次 34：请求 24 词，合格入库 24 词
[phon] 批次 35：请求 24 词，合格入库 24 词
[phon] 已写出 src\data\phonetics.js（47786 词条）
[phon] 批次 36：请求 24 词，合格入库 24 词
[phon] 批次 37：请求 24 词，合格入库 24 词
[phon] 批次 38：请求 24 词，合格入库 24 词
[phon] 批次 39：请求 24 词，合格入库 24 词
[phon] 批次 40：请求 24 词，合格入库 24 词
[phon] 已写出 src\data\phonetics.js（47786 词条）
[phon] 批次 41：请求 24 词，合格入库 24 词
[phon] 批次 42：请求 24 词，合格入库 24 词
[phon] 批次 43：请求 24 词，合格入库 24 词
[phon] 批次 44：请求 24 词，合格入库 24 词
[phon] 批次 45：请求 24 词，合格入库 24 词
[phon] 已写出 src\data\phonetics.js（47786 词条）
[phon] 批次 46：请求 24 词，合格入库 24 词
[phon] 批次 47：请求 24 词，合格入库 24 词
[phon] 批次 48：请求 24 词，合格入库 24 词
[phon] 批次 49：请求 24 词，合格入库 24 词
[phon] 批次 50：请求 24 词，合格入库 24 词
[phon] 已写出 src\data\phonetics.js（47796 词条）
[phon] 批次 51：请求 24 词，合格入库 24 词
[phon] 批次 52：请求 24 词，合格入库 24 词
[phon] 批次 53：请求 24 词，合格入库 24 词
[phon] 批次 54：请求 24 词，合格入库 24 词
[phon] 批次 55：请求 24 词，合格入库 24 词
[phon] 已写出 src\data\phonetics.js（47807 词条）
[phon] 批次 56：请求 24 词，合格入库 24 词
[phon] 批次 57：请求 24 词，合格入库 24 词
[phon] 批次 58：请求 24 词，合格入库 24 词
[phon] 批次 59：请求 24 词，合格入库 24 词
[phon] 批次 60：请求 24 词，合格入库 24 词
[phon] 已写出 src\data\phonetics.js（47820 词条）
[phon] 批次 61：请求 24 词，合格入库 24 词
[phon] 批次 62：请求 24 词，合格入库 24 词
[phon] 批次 63：请求 24 词，合格入库 24 词
[phon] 批次 64：请求 24 词，合格入库 24 词
[phon] 批次 65：请求 24 词，合格入库 24 词
[phon] 已写出 src\data\phonetics.js（47830 词条）
[phon] 批次 66：请求 24 词，合格入库 24 词
[phon] 批次 67：请求 24 词，合格入库 24 词
[phon] 批次 68：请求 24 词，合格入库 24 词
[phon] 批次 69：请求 24 词，合格入库 24 词
[phon] 批次 70：请求 24 词，合格入库 24 词
[phon] 已写出 src\data\phonetics.js（47830 词条）
[phon] 批次 71：请求 24 词，合格入库 24 词
[phon] 批次 72：请求 24 词，合格入库 24 词
[phon] 批次 73：请求 24 词，合格入库 24 词
[phon] 批次 74：请求 24 词，合格入库 24 词
[phon] 批次 75：请求 24 词，合格入库 24 词
[phon] 已写出 src\data\phonetics.js（47830 词条）
[phon] 批次 76：请求 24 词，合格入库 24 词
[phon] 批次 77：请求 24 词，合格入库 24 词
[phon] 批次 78：请求 24 词，合格入库 24 词
[phon] 批次 79：请求 24 词，合格入库 24 词
[phon] 批次 80：请求 24 词，合格入库 24 词
[phon] 已写出 src\data\phonetics.js（47833 词条）
[phon] 批次 81：请求 24 词，合格入库 24 词
[phon] 批次 82：请求 24 词，合格入库 24 词
[phon] 批次 83：请求 24 词，合格入库 24 词
[phon] 批次 84：请求 24 词，合格入库 24 词
[phon] 批次 85：请求 24 词，合格入库 24 词
[phon] 已写出 src\data\phonetics.js（47846 词条）
[phon] 批次 86：请求 24 词，合格入库 24 词
[phon] 批次 87：请求 24 词，合格入库 24 词
[phon] 批次 88：请求 24 词，合格入库 24 词
[phon] 批次 89：请求 24 词，合格入库 24 词
[phon] 批次 90：请求 24 词，合格入库 24 词
[phon] 已写出 src\data\phonetics.js（47875 词条）
[phon] 批次 91：请求 24 词，合格入库 24 词
[phon] 批次 92：请求 24 词，合格入库 24 词
[phon] 批次 93：请求 24 词，合格入库 24 词
[phon] 批次 94 失败：Expected ',' or '}' after property value in JSON at position 1320 (line 1 column 1321)；30 秒后重试本批（已入库进度不受影响）
[phon] 批次 94：请求 24 词，合格入库 24 词
[phon] 批次 95：请求 24 词，合格入库 24 词
[phon] 已写出 src\data\phonetics.js（47971 词条）
[phon] 批次 96：请求 24 词，合格入库 24 词
[phon] 批次 97：请求 24 词，合格入库 24 词
[phon] 批次 98：请求 24 词，合格入库 24 词
[phon] 批次 99：请求 24 词，合格入库 24 词
[phon] 批次 100：请求 24 词，合格入库 24 词
[phon] 已写出 src\data\phonetics.js（48054 词条）
[phon] 批次 101：请求 24 词，合格入库 24 词
[phon] 批次 102：请求 24 词，合格入库 24 词
[phon] 批次 103：请求 24 词，合格入库 24 词
[phon] 批次 104：请求 24 词，合格入库 24 词
[phon] 批次 105：请求 24 词，合格入库 24 词
[phon] 已写出 src\data\phonetics.js（48146 词条）
[phon] 批次 106：请求 24 词，合格入库 24 词
[phon] 批次 107：请求 24 词，合格入库 24 词
[phon] 批次 108：请求 24 词，合格入库 24 词
[phon] 批次 109：请求 24 词，合格入库 24 词
[phon] 批次 110：请求 24 词，合格入库 24 词
[phon] 已写出 src\data\phonetics.js（48260 词条）
[phon] 批次 111：请求 24 词，合格入库 24 词
[phon] 批次 112：请求 24 词，合格入库 24 词
[phon] 批次 113：请求 24 词，合格入库 24 词
[phon] 批次 114：请求 24 词，合格入库 24 词
[phon] 批次 115：请求 24 词，合格入库 24 词
[phon] 已写出 src\data\phonetics.js（48370 词条）
[phon] 批次 116：请求 24 词，合格入库 24 词
[phon] 批次 117：请求 24 词，合格入库 24 词
[phon] 批次 118：请求 24 词，合格入库 24 词
[phon] 批次 119：请求 24 词，合格入库 24 词
[phon] 批次 120：请求 24 词，合格入库 24 词
[phon] 已写出 src\data\phonetics.js（48477 词条）
[phon] 批次 121：请求 24 词，合格入库 24 词
[phon] 批次 122：请求 24 词，合格入库 24 词
[phon] 批次 123：请求 24 词，合格入库 24 词
[phon] 批次 124：请求 24 词，合格入库 24 词
[phon] 批次 125：请求 24 词，合格入库 24 词
[phon] 已写出 src\data\phonetics.js（48578 词条）
[phon] 批次 126：请求 24 词，合格入库 24 词
[phon] 批次 127：请求 24 词，合格入库 24 词
[phon] 批次 128：请求 24 词，合格入库 24 词
[phon] 批次 129：请求 24 词，合格入库 24 词
[phon] 批次 130：请求 24 词，合格入库 24 词
[phon] 已写出 src\data\phonetics.js（48665 词条）
[phon] 批次 131：请求 24 词，合格入库 24 词
[phon] 批次 132：请求 24 词，合格入库 24 词
[phon] 批次 133：请求 24 词，合格入库 24 词
[phon] 批次 134：请求 24 词，合格入库 24 词
[phon] 批次 135：请求 24 词，合格入库 24 词
[phon] 已写出 src\data\phonetics.js（48668 词条）
[phon] 批次 136：请求 24 词，合格入库 24 词
[phon] 批次 137：请求 24 词，合格入库 24 词
[phon] 批次 138：请求 24 词，合格入库 24 词
[phon] 批次 139：请求 24 词，合格入库 24 词
[phon] 批次 140：请求 24 词，合格入库 24 词
[phon] 已写出 src\data\phonetics.js（48671 词条）
[phon] 批次 141：请求 24 词，合格入库 24 词
[phon] 批次 142：请求 24 词，合格入库 24 词
[phon] 批次 143：请求 24 词，合格入库 24 词
[phon] 批次 144：请求 24 词，合格入库 24 词
[phon] 批次 145：请求 24 词，合格入库 24 词
[phon] 已写出 src\data\phonetics.js（48672 词条）
[phon] 批次 146：请求 24 词，合格入库 24 词
[phon] 批次 147：请求 24 词，合格入库 24 词
[phon] 批次 148：请求 24 词，合格入库 24 词
[phon] 批次 149：请求 24 词，合格入库 24 词
[phon] 批次 150：请求 24 词，合格入库 24 词
[phon] 已写出 src\data\phonetics.js（48674 词条）
[phon] 批次 151：请求 24 词，合格入库 24 词
[phon] 批次 152：请求 24 词，合格入库 24 词
[phon] 批次 153：请求 24 词，合格入库 24 词
[phon] 批次 154：请求 24 词，合格入库 24 词
[phon] 批次 155：请求 24 词，合格入库 24 词
[phon] 已写出 src\data\phonetics.js（48677 词条）
[phon] 批次 156：请求 24 词，合格入库 24 词
[phon] 批次 157：请求 24 词，合格入库 24 词
[phon] 批次 158：请求 24 词，合格入库 24 词
[phon] 批次 159：请求 24 词，合格入库 24 词
[phon] 批次 160：请求 24 词，合格入库 24 词
[phon] 已写出 src\data\phonetics.js（48683 词条）
[phon] 批次 161：请求 24 词，合格入库 24 词
[phon] 批次 162：请求 24 词，合格入库 24 词
[phon] 批次 163：请求 24 词，合格入库 24 词
[phon] 批次 164：请求 24 词，合格入库 24 词
[phon] 批次 165：请求 24 词，合格入库 24 词
[phon] 已写出 src\data\phonetics.js（48686 词条）
[phon] 批次 166：请求 24 词，合格入库 24 词
[phon] 批次 167：请求 24 词，合格入库 24 词
[phon] 批次 168：请求 24 词，合格入库 24 词
[phon] 批次 169：请求 24 词，合格入库 24 词
[phon] 批次 170：请求 24 词，合格入库 24 词
[phon] 已写出 src\data\phonetics.js（48688 词条）
[phon] 批次 171：请求 24 词，合格入库 24 词
[phon] 批次 172：请求 24 词，合格入库 24 词
[phon] 批次 173：请求 24 词，合格入库 24 词
[phon] 批次 174：请求 24 词，合格入库 24 词
[phon] 批次 175：请求 24 词，合格入库 24 词
[phon] 已写出 src\data\phonetics.js（48690 词条）
[phon] 批次 176：请求 24 词，合格入库 24 词
[phon] 批次 177：请求 24 词，合格入库 24 词
[phon] 批次 178：请求 24 词，合格入库 24 词
[phon] 批次 179：请求 24 词，合格入库 24 词
[phon] 批次 180：请求 24 词，合格入库 24 词
[phon] 已写出 src\data\phonetics.js（48693 词条）
[phon] 批次 181：请求 24 词，合格入库 24 词
[phon] 批次 182：请求 24 词，合格入库 24 词
[phon] 批次 183：请求 24 词，合格入库 24 词
[phon] 批次 184：请求 24 词，合格入库 24 词
[phon] 批次 185：请求 24 词，合格入库 24 词
[phon] 已写出 src\data\phonetics.js（48698 词条）
[phon] 批次 186：请求 24 词，合格入库 24 词
[phon] 批次 187：请求 24 词，合格入库 24 词
[phon] 批次 188：请求 24 词，合格入库 24 词
[phon] 批次 189：请求 24 词，合格入库 24 词
[phon] 批次 190：请求 24 词，合格入库 24 词
[phon] 已写出 src\data\phonetics.js（48700 词条）
[phon] 批次 191：请求 24 词，合格入库 24 词
[phon] 批次 192：请求 24 词，合格入库 24 词
[phon] 批次 193：请求 24 词，合格入库 24 词
[phon] 批次 194：请求 24 词，合格入库 24 词
[phon] 批次 195：请求 24 词，合格入库 24 词
[phon] 已写出 src\data\phonetics.js（48702 词条）
[phon] 批次 196：请求 24 词，合格入库 24 词
[phon] 批次 197：请求 24 词，合格入库 24 词
[phon] 批次 198：请求 24 词，合格入库 24 词
[phon] 批次 199：请求 24 词，合格入库 24 词
[phon] 批次 200：请求 24 词，合格入库 24 词
[phon] 已写出 src\data\phonetics.js（48703 词条）
[phon] 批次 201：请求 24 词，合格入库 24 词
[phon] 批次 202：请求 24 词，合格入库 24 词
[phon] 批次 203：请求 24 词，合格入库 24 词
[phon] 批次 204：请求 24 词，合格入库 24 词
[phon] 批次 205：请求 24 词，合格入库 24 词
[phon] 已写出 src\data\phonetics.js（48708 词条）
[phon] 批次 206：请求 24 词，合格入库 24 词
[phon] 批次 207：请求 24 词，合格入库 24 词
[phon] 批次 208：请求 24 词，合格入库 24 词
[phon] 批次 209：请求 24 词，合格入库 24 词
[phon] 批次 210：请求 24 词，合格入库 24 词
[phon] 已写出 src\data\phonetics.js（48710 词条）
[phon] 批次 211：请求 24 词，合格入库 24 词
[phon] 批次 212：请求 24 词，合格入库 24 词
[phon] 批次 213：请求 24 词，合格入库 24 词
[phon] 批次 214：请求 24 词，合格入库 24 词
[phon] 批次 215：请求 24 词，合格入库 24 词
[phon] 已写出 src\data\phonetics.js（48713 词条）
[phon] 批次 216：请求 24 词，合格入库 24 词
[phon] 批次 217：请求 24 词，合格入库 24 词
[phon] 批次 218：请求 24 词，合格入库 24 词
[phon] 批次 219：请求 24 词，合格入库 24 词
[phon] 批次 220：请求 24 词，合格入库 24 词
[phon] 已写出 src\data\phonetics.js（48714 词条）
[phon] 批次 221：请求 24 词，合格入库 24 词
[phon] 批次 222：请求 24 词，合格入库 24 词
[phon] 批次 223：请求 24 词，合格入库 24 词
[phon] 批次 224：请求 24 词，合格入库 24 词
[phon] 批次 225：请求 24 词，合格入库 24 词
[phon] 已写出 src\data\phonetics.js（48715 词条）
[phon] 批次 226：请求 24 词，合格入库 24 词
[phon] 批次 227：请求 24 词，合格入库 24 词
[phon] 批次 228：请求 24 词，合格入库 24 词
[phon] 批次 229：请求 24 词，合格入库 24 词
[phon] 批次 230：请求 24 词，合格入库 24 词
[phon] 已写出 src\data\phonetics.js（48717 词条）
[phon] 批次 231：请求 24 词，合格入库 24 词
[phon] 批次 232：请求 24 词，合格入库 24 词
[phon] 批次 233：请求 24 词，合格入库 24 词
[phon] 批次 234：请求 24 词，合格入库 24 词
[phon] 批次 235：请求 24 词，合格入库 24 词
[phon] 已写出 src\data\phonetics.js（48721 词条）
[phon] 批次 236：请求 24 词，合格入库 24 词
[phon] 批次 237：请求 24 词，合格入库 24 词
[phon] 批次 238：请求 24 词，合格入库 24 词
[phon] 批次 239：请求 24 词，合格入库 24 词
[phon] 批次 240：请求 24 词，合格入库 24 词
[phon] 已写出 src\data\phonetics.js（48726 词条）
[phon] 批次 241：请求 24 词，合格入库 24 词
[phon] 批次 242：请求 24 词，合格入库 24 词
[phon] 批次 243：请求 24 词，合格入库 24 词
[phon] 批次 244：请求 24 词，合格入库 24 词
[phon] 批次 245：请求 24 词，合格入库 24 词
[phon] 已写出 src\data\phonetics.js（48735 词条）
[phon] 批次 246：请求 24 词，合格入库 24 词
[phon] 批次 247：请求 24 词，合格入库 24 词
[phon] 批次 248：请求 24 词，合格入库 24 词
[phon] 批次 249：请求 24 词，合格入库 24 词
[phon] 批次 250：请求 24 词，合格入库 24 词
[phon] 已写出 src\data\phonetics.js（48738 词条）
[phon] 批次 251：请求 24 词，合格入库 24 词
[phon] 批次 252：请求 24 词，合格入库 24 词
[phon] 批次 253：请求 24 词，合格入库 24 词
[phon] 批次 254：请求 24 词，合格入库 24 词
[phon] 批次 255：请求 24 词，合格入库 24 词
[phon] 已写出 src\data\phonetics.js（48741 词条）
[phon] 批次 256：请求 24 词，合格入库 24 词
[phon] 批次 257：请求 24 词，合格入库 24 词
[phon] 批次 258：请求 24 词，合格入库 24 词
[phon] 批次 259：请求 24 词，合格入库 24 词
[phon] 批次 260：请求 24 词，合格入库 24 词
[phon] 已写出 src\data\phonetics.js（48744 词条）
[phon] 批次 261：请求 24 词，合格入库 24 词
[phon] 批次 262：请求 24 词，合格入库 24 词
[phon] 批次 263：请求 24 词，合格入库 24 词
[phon] 批次 264：请求 24 词，合格入库 24 词
[phon] 批次 265：请求 24 词，合格入库 24 词
[phon] 已写出 src\data\phonetics.js（48747 词条）
[phon] 批次 266：请求 24 词，合格入库 24 词
[phon] 批次 267 失败：Expected ',' or '}' after property value in JSON at position 387 (line 1 column 388)；30 秒后重试本批（已入库进度不受影响）
[phon] 批次 267：请求 24 词，合格入库 24 词
[phon] 批次 268：请求 24 词，合格入库 24 词
[phon] 批次 269：请求 24 词，合格入库 24 词
[phon] 批次 270：请求 24 词，合格入库 24 词
[phon] 已写出 src\data\phonetics.js（48753 词条）
[phon] 批次 271：请求 24 词，合格入库 24 词
[phon] 批次 272：请求 24 词，合格入库 24 词
[phon] 批次 273：请求 24 词，合格入库 24 词
[phon] 批次 274：请求 24 词，合格入库 24 词
[phon] 批次 275：请求 24 词，合格入库 24 词
[phon] 已写出 src\data\phonetics.js（48757 词条）
[phon] 批次 276：请求 24 词，合格入库 24 词
[phon] 批次 277 失败：Expected ',' or ']' after array element in JSON at position 450 (line 1 column 451)；30 秒后重试本批（已入库进度不受影响）
[phon] 批次 277：请求 24 词，合格入库 24 词
[phon] 批次 278：请求 24 词，合格入库 24 词
[phon] 批次 279：请求 24 词，合格入库 24 词
[phon] 批次 280：请求 24 词，合格入库 24 词
[phon] 已写出 src\data\phonetics.js（48760 词条）
[phon] 批次 281：请求 24 词，合格入库 24 词
[phon] 批次 282：请求 24 词，合格入库 24 词
[phon] 批次 283：请求 24 词，合格入库 24 词
[phon] 批次 284：请求 24 词，合格入库 24 词
[phon] 批次 285：请求 24 词，合格入库 24 词
[phon] 已写出 src\data\phonetics.js（48763 词条）
[phon] 批次 286：请求 24 词，合格入库 24 词
[phon] 批次 287：请求 24 词，合格入库 24 词
[phon] 批次 288：请求 24 词，合格入库 24 词
[phon] 批次 289：请求 24 词，合格入库 24 词
[phon] 批次 290：请求 24 词，合格入库 24 词
[phon] 已写出 src\data\phonetics.js（48767 词条）
[phon] 批次 291：请求 24 词，合格入库 24 词
[phon] 批次 292：请求 24 词，合格入库 24 词
[phon] 批次 293：请求 24 词，合格入库 24 词
[phon] 批次 294：请求 24 词，合格入库 24 词
[phon] 批次 295：请求 24 词，合格入库 24 词
[phon] 已写出 src\data\phonetics.js（48773 词条）
[phon] 批次 296：请求 24 词，合格入库 24 词
[phon] 批次 297：请求 24 词，合格入库 24 词
[phon] 批次 298：请求 24 词，合格入库 24 词
[phon] 批次 299：请求 24 词，合格入库 24 词
[phon] 批次 300：请求 24 词，合格入库 24 词
[phon] 已写出 src\data\phonetics.js（48780 词条）
[phon] 批次 301：请求 24 词，合格入库 24 词
[phon] 批次 302：请求 24 词，合格入库 24 词
[phon] 批次 303：请求 24 词，合格入库 24 词
[phon] 批次 304：请求 24 词，合格入库 24 词
[phon] 批次 305：请求 24 词，合格入库 24 词
[phon] 已写出 src\data\phonetics.js（48791 词条）
[phon] 批次 306：请求 24 词，合格入库 24 词
[phon] 批次 307：请求 24 词，合格入库 24 词
[phon] 批次 308：请求 24 词，合格入库 24 词
[phon] 批次 309：请求 24 词，合格入库 24 词
[phon] 批次 310：请求 24 词，合格入库 24 词
[phon] 已写出 src\data\phonetics.js（48796 词条）
[phon] 批次 311：请求 24 词，合格入库 24 词
[phon] 批次 312：请求 24 词，合格入库 24 词
[phon] 批次 313：请求 24 词，合格入库 24 词
[phon] 批次 314：请求 24 词，合格入库 24 词
[phon] 批次 315：请求 24 词，合格入库 24 词
[phon] 已写出 src\data\phonetics.js（48808 词条）
[phon] 批次 316：请求 24 词，合格入库 24 词
[phon] 批次 317：请求 24 词，合格入库 24 词
[phon] 批次 318：请求 24 词，合格入库 24 词
[phon] 批次 319：请求 24 词，合格入库 24 词
[phon] 批次 320：请求 24 词，合格入库 24 词
[phon] 已写出 src\data\phonetics.js（48814 词条）
[phon] 批次 321：请求 24 词，合格入库 24 词
[phon] 批次 322：请求 24 词，合格入库 24 词
[phon] 批次 323：请求 24 词，合格入库 24 词
[phon] 批次 324：请求 24 词，合格入库 24 词
[phon] 批次 325：请求 24 词，合格入库 24 词
[phon] 已写出 src\data\phonetics.js（48824 词条）
[phon] 批次 326：请求 24 词，合格入库 24 词
[phon] 批次 327：请求 24 词，合格入库 24 词
[phon] 批次 328：请求 24 词，合格入库 24 词
[phon] 批次 329：请求 24 词，合格入库 24 词
[phon] 批次 330：请求 24 词，合格入库 24 词
[phon] 已写出 src\data\phonetics.js（48830 词条）
[phon] 批次 331：请求 24 词，合格入库 24 词
[phon] 批次 332：请求 24 词，合格入库 24 词
[phon] 批次 333：请求 24 词，合格入库 24 词
[phon] 批次 334：请求 24 词，合格入库 24 词
[phon] 批次 335：请求 24 词，合格入库 24 词
[phon] 已写出 src\data\phonetics.js（48838 词条）
[phon] 批次 336：请求 24 词，合格入库 24 词
[phon] 批次 337：请求 24 词，合格入库 24 词
[phon] 批次 338：请求 24 词，合格入库 24 词
[phon] 批次 339：请求 24 词，合格入库 24 词
[phon] 批次 340：请求 24 词，合格入库 24 词
[phon] 已写出 src\data\phonetics.js（48848 词条）
[phon] 批次 341：请求 24 词，合格入库 24 词
[phon] 批次 342：请求 24 词，合格入库 24 词
[phon] 批次 343：请求 24 词，合格入库 24 词
[phon] 批次 344：请求 24 词，合格入库 24 词
[phon] 批次 345：请求 24 词，合格入库 24 词
[phon] 已写出 src\data\phonetics.js（48855 词条）
[phon] 批次 346：请求 24 词，合格入库 24 词
[phon] 批次 347：请求 24 词，合格入库 24 词
[phon] 批次 348：请求 24 词，合格入库 24 词
[phon] 批次 349：请求 24 词，合格入库 24 词
[phon] 批次 350：请求 24 词，合格入库 24 词
[phon] 已写出 src\data\phonetics.js（48862 词条）
[phon] 批次 351：请求 24 词，合格入库 24 词
[phon] 批次 352：请求 24 词，合格入库 24 词
[phon] 批次 353：请求 24 词，合格入库 24 词
[phon] 批次 354：请求 24 词，合格入库 24 词
[phon] 批次 355：请求 24 词，合格入库 24 词
[phon] 已写出 src\data\phonetics.js（48868 词条）
[phon] 批次 356：请求 24 词，合格入库 24 词
[phon] 批次 357：请求 24 词，合格入库 24 词
[phon] 批次 358：请求 24 词，合格入库 24 词
[phon] 批次 359：请求 24 词，合格入库 24 词
[phon] 批次 360：请求 24 词，合格入库 24 词
[phon] 已写出 src\data\phonetics.js（48879 词条）
[phon] 批次 361：请求 24 词，合格入库 24 词
[phon] 批次 362：请求 24 词，合格入库 24 词
[phon] 批次 363：请求 24 词，合格入库 24 词
[phon] 批次 364：请求 24 词，合格入库 24 词
[phon] 批次 365：请求 24 词，合格入库 24 词
[phon] 已写出 src\data\phonetics.js（48882 词条）
[phon] 批次 366：请求 24 词，合格入库 24 词
[phon] 批次 367：请求 24 词，合格入库 24 词
[phon] 批次 368：请求 24 词，合格入库 24 词
[phon] 批次 369：请求 24 词，合格入库 24 词
[phon] 批次 370：请求 24 词，合格入库 24 词
[phon] 已写出 src\data\phonetics.js（48896 词条）
[phon] 批次 371：请求 24 词，合格入库 24 词
[phon] 批次 372：请求 24 词，合格入库 24 词
[phon] 批次 373：请求 24 词，合格入库 24 词
[phon] 批次 374：请求 24 词，合格入库 24 词
[phon] 批次 375：请求 24 词，合格入库 24 词
[phon] 已写出 src\data\phonetics.js（48905 词条）
[phon] 批次 376：请求 24 词，合格入库 24 词
[phon] 批次 377：请求 24 词，合格入库 24 词
[phon] 批次 378：请求 24 词，合格入库 24 词
[phon] 批次 379：请求 24 词，合格入库 24 词
[phon] 批次 380：请求 24 词，合格入库 24 词
[phon] 已写出 src\data\phonetics.js（48915 词条）
[phon] 批次 381：请求 24 词，合格入库 24 词
[phon] 批次 382：请求 24 词，合格入库 24 词
[phon] 批次 383：请求 24 词，合格入库 24 词
[phon] 批次 384：请求 24 词，合格入库 24 词
[phon] 批次 385：请求 24 词，合格入库 24 词
[phon] 已写出 src\data\phonetics.js（48925 词条）
[phon] 批次 386：请求 24 词，合格入库 24 词
[phon] 批次 387：请求 24 词，合格入库 24 词
[phon] 批次 388：请求 24 词，合格入库 24 词
[phon] 批次 389：请求 24 词，合格入库 24 词
[phon] 批次 390：请求 24 词，合格入库 24 词
[phon] 已写出 src\data\phonetics.js（48938 词条）
[phon] 批次 391：请求 24 词，合格入库 24 词
[phon] 批次 392：请求 24 词，合格入库 24 词
[phon] 批次 393：请求 24 词，合格入库 24 词
[phon] 批次 394：请求 24 词，合格入库 24 词
[phon] 批次 395：请求 24 词，合格入库 24 词
[phon] 已写出 src\data\phonetics.js（48944 词条）
[phon] 批次 396：请求 24 词，合格入库 24 词
[phon] 批次 397：请求 24 词，合格入库 24 词
[phon] 批次 398：请求 24 词，合格入库 24 词
[phon] 批次 399：请求 24 词，合格入库 24 词
[phon] 批次 400：请求 24 词，合格入库 24 词
[phon] 已写出 src\data\phonetics.js（48958 词条）
[phon] 批次 401：请求 24 词，合格入库 24 词
[phon] 批次 402：请求 24 词，合格入库 24 词
[phon] 批次 403：请求 24 词，合格入库 24 词
[phon] 批次 404：请求 24 词，合格入库 24 词
[phon] 批次 405：请求 24 词，合格入库 24 词
[phon] 已写出 src\data\phonetics.js（48975 词条）
[phon] 批次 406：请求 24 词，合格入库 24 词
[phon] 批次 407：请求 24 词，合格入库 24 词
[phon] 批次 408：请求 24 词，合格入库 24 词
[phon] 批次 409：请求 24 词，合格入库 24 词
[phon] 批次 410：请求 24 词，合格入库 24 词
[phon] 已写出 src\data\phonetics.js（48987 词条）
[phon] 批次 411：请求 24 词，合格入库 24 词
[phon] 批次 412：请求 24 词，合格入库 24 词
[phon] 批次 413：请求 24 词，合格入库 24 词
[phon] 批次 414：请求 24 词，合格入库 24 词
[phon] 批次 415：请求 24 词，合格入库 24 词
[phon] 已写出 src\data\phonetics.js（49003 词条）
[phon] 批次 416：请求 24 词，合格入库 24 词
[phon] 批次 417：请求 24 词，合格入库 24 词
[phon] 批次 418：请求 24 词，合格入库 24 词
[phon] 批次 419：请求 24 词，合格入库 24 词
[phon] 批次 420：请求 24 词，合格入库 24 词
[phon] 已写出 src\data\phonetics.js（49015 词条）
[phon] 批次 421：请求 24 词，合格入库 24 词
[phon] 批次 422：请求 24 词，合格入库 24 词
[phon] 批次 423：请求 24 词，合格入库 24 词
[phon] 批次 424：请求 24 词，合格入库 24 词
[phon] 批次 425：请求 24 词，合格入库 24 词
[phon] 已写出 src\data\phonetics.js（49019 词条）
[phon] 批次 426：请求 24 词，合格入库 24 词
[phon] 批次 427：请求 24 词，合格入库 24 词
[phon] 批次 428：请求 24 词，合格入库 24 词
[phon] 批次 429：请求 24 词，合格入库 24 词
[phon] 批次 430：请求 24 词，合格入库 24 词
[phon] 已写出 src\data\phonetics.js（49027 词条）
[phon] 批次 431：请求 24 词，合格入库 24 词
[phon] 批次 432：请求 24 词，合格入库 24 词
[phon] 批次 433：请求 24 词，合格入库 24 词
[phon] 批次 434：请求 24 词，合格入库 24 词
[phon] 批次 435：请求 24 词，合格入库 24 词
[phon] 已写出 src\data\phonetics.js（49035 词条）
[phon] 批次 436：请求 24 词，合格入库 24 词
[phon] 批次 437：请求 24 词，合格入库 24 词
[phon] 批次 438：请求 24 词，合格入库 24 词
[phon] 批次 439：请求 24 词，合格入库 24 词
[phon] 批次 440：请求 24 词，合格入库 24 词
[phon] 已写出 src\data\phonetics.js（49051 词条）
[phon] 批次 441：请求 24 词，合格入库 24 词
[phon] 批次 442：请求 24 词，合格入库 24 词
[phon] 批次 443：请求 24 词，合格入库 24 词
[phon] 批次 444：请求 24 词，合格入库 24 词
[phon] 批次 445：请求 24 词，合格入库 24 词
[phon] 已写出 src\data\phonetics.js（49069 词条）
[phon] 批次 446：请求 24 词，合格入库 24 词
[phon] 批次 447：请求 24 词，合格入库 24 词
[phon] 批次 448：请求 24 词，合格入库 24 词
[phon] 批次 449：请求 24 词，合格入库 24 词
[phon] 批次 450：请求 24 词，合格入库 24 词
[phon] 已写出 src\data\phonetics.js（49082 词条）
[phon] 批次 451：请求 24 词，合格入库 24 词
[phon] 批次 452：请求 24 词，合格入库 24 词
[phon] 批次 453：请求 24 词，合格入库 24 词
[phon] 批次 454：请求 24 词，合格入库 24 词
[phon] 批次 455：请求 24 词，合格入库 24 词
[phon] 已写出 src\data\phonetics.js（49093 词条）
[phon] 批次 456：请求 24 词，合格入库 24 词
[phon] 批次 457：请求 24 词，合格入库 24 词
[phon] 批次 458：请求 24 词，合格入库 24 词
[phon] 批次 459：请求 24 词，合格入库 24 词
[phon] 批次 460：请求 24 词，合格入库 24 词
[phon] 已写出 src\data\phonetics.js（49104 词条）
[phon] 批次 461：请求 24 词，合格入库 24 词
[phon] 批次 462：请求 24 词，合格入库 24 词
[phon] 批次 463：请求 24 词，合格入库 24 词
[phon] 批次 464：请求 24 词，合格入库 24 词
[phon] 批次 465：请求 24 词，合格入库 24 词
[phon] 已写出 src\data\phonetics.js（49121 词条）
[phon] 批次 466：请求 24 词，合格入库 24 词
[phon] 批次 467：请求 24 词，合格入库 24 词
[phon] 批次 468：请求 24 词，合格入库 24 词
[phon] 批次 469：请求 24 词，合格入库 24 词
[phon] 批次 470：请求 24 词，合格入库 24 词
[phon] 已写出 src\data\phonetics.js（49131 词条）
[phon] 批次 471：请求 24 词，合格入库 24 词
[phon] 批次 472：请求 24 词，合格入库 24 词
[phon] 批次 473：请求 24 词，合格入库 24 词
[phon] 批次 474：请求 24 词，合格入库 24 词
[phon] 批次 475：请求 24 词，合格入库 24 词
[phon] 已写出 src\data\phonetics.js（49143 词条）
[phon] 批次 476：请求 24 词，合格入库 24 词
[phon] 批次 477：请求 24 词，合格入库 24 词
[phon] 批次 478：请求 24 词，合格入库 24 词
[phon] 批次 479：请求 24 词，合格入库 24 词
[phon] 批次 480：请求 24 词，合格入库 24 词
[phon] 已写出 src\data\phonetics.js（49151 词条）
[phon] 批次 481：请求 24 词，合格入库 24 词
[phon] 批次 482：请求 24 词，合格入库 24 词
[phon] 批次 483：请求 24 词，合格入库 24 词
[phon] 批次 484：请求 24 词，合格入库 24 词
[phon] 批次 485：请求 24 词，合格入库 24 词
[phon] 已写出 src\data\phonetics.js（49170 词条）
[phon] 批次 486：请求 24 词，合格入库 24 词
[phon] 批次 487：请求 24 词，合格入库 24 词
[phon] 批次 488：请求 24 词，合格入库 24 词
[phon] 批次 489：请求 24 词，合格入库 24 词
[phon] 批次 490：请求 24 词，合格入库 24 词
[phon] 已写出 src\data\phonetics.js（49185 词条）
[phon] 批次 491：请求 24 词，合格入库 24 词
[phon] 批次 492：请求 24 词，合格入库 24 词
[phon] 批次 493：请求 24 词，合格入库 24 词
[phon] 批次 494：请求 24 词，合格入库 24 词
[phon] 批次 495：请求 24 词，合格入库 24 词
[phon] 已写出 src\data\phonetics.js（49195 词条）
[phon] 批次 496：请求 24 词，合格入库 24 词
[phon] 批次 497：请求 24 词，合格入库 24 词
[phon] 批次 498：请求 24 词，合格入库 24 词
[phon] 批次 499：请求 24 词，合格入库 24 词
[phon] 批次 500：请求 24 词，合格入库 24 词
[phon] 已写出 src\data\phonetics.js（49208 词条）
[phon] 批次 501：请求 24 词，合格入库 24 词
[phon] 批次 502：请求 24 词，合格入库 24 词
[phon] 批次 503：请求 24 词，合格入库 24 词
[phon] 批次 504：请求 24 词，合格入库 24 词
[phon] 批次 505：请求 24 词，合格入库 24 词
[phon] 已写出 src\data\phonetics.js（49223 词条）
[phon] 批次 506：请求 24 词，合格入库 24 词
[phon] 批次 507：请求 24 词，合格入库 24 词
[phon] 批次 508：请求 24 词，合格入库 24 词
[phon] 批次 509：请求 24 词，合格入库 24 词
[phon] 批次 510：请求 24 词，合格入库 24 词
[phon] 已写出 src\data\phonetics.js（49235 词条）
[phon] 批次 511：请求 24 词，合格入库 24 词
[phon] 批次 512：请求 24 词，合格入库 24 词
[phon] 批次 513：请求 24 词，合格入库 24 词
[phon] 批次 514：请求 24 词，合格入库 24 词
[phon] 批次 515：请求 24 词，合格入库 24 词
[phon] 已写出 src\data\phonetics.js（49251 词条）
[phon] 批次 516：请求 24 词，合格入库 24 词
[phon] 批次 517：请求 24 词，合格入库 24 词
[phon] 批次 518：请求 24 词，合格入库 24 词
[phon] 批次 519：请求 24 词，合格入库 24 词
[phon] 批次 520：请求 24 词，合格入库 24 词
[phon] 已写出 src\data\phonetics.js（49265 词条）
[phon] 批次 521：请求 24 词，合格入库 24 词
[phon] 批次 522：请求 24 词，合格入库 24 词
[phon] 批次 523：请求 24 词，合格入库 24 词
[phon] 批次 524：请求 24 词，合格入库 24 词
[phon] 批次 525：请求 24 词，合格入库 24 词
[phon] 已写出 src\data\phonetics.js（49277 词条）
[phon] 批次 526：请求 24 词，合格入库 24 词
[phon] 批次 527：请求 24 词，合格入库 24 词
[phon] 批次 528：请求 24 词，合格入库 24 词
[phon] 批次 529：请求 24 词，合格入库 24 词
[phon] 批次 530：请求 24 词，合格入库 24 词
[phon] 已写出 src\data\phonetics.js（49291 词条）
[phon] 批次 531：请求 24 词，合格入库 24 词
[phon] 批次 532：请求 24 词，合格入库 24 词
[phon] 批次 533：请求 24 词，合格入库 24 词
[phon] 批次 534：请求 24 词，合格入库 24 词
[phon] 批次 535：请求 24 词，合格入库 24 词
[phon] 已写出 src\data\phonetics.js（49304 词条）
[phon] 批次 536：请求 24 词，合格入库 24 词
[phon] 批次 537：请求 24 词，合格入库 24 词
[phon] 批次 538：请求 24 词，合格入库 24 词
[phon] 批次 539：请求 24 词，合格入库 24 词
[phon] 批次 540：请求 24 词，合格入库 24 词
[phon] 已写出 src\data\phonetics.js（49312 词条）
[phon] 批次 541：请求 24 词，合格入库 24 词
[phon] 批次 542：请求 24 词，合格入库 24 词
[phon] 批次 543：请求 24 词，合格入库 24 词
[phon] 批次 544：请求 24 词，合格入库 24 词
[phon] 批次 545：请求 24 词，合格入库 24 词
[phon] 已写出 src\data\phonetics.js（49334 词条）
[phon] 批次 546：请求 24 词，合格入库 24 词
[phon] 批次 547：请求 24 词，合格入库 24 词
[phon] 批次 548：请求 24 词，合格入库 24 词
[phon] 批次 549：请求 24 词，合格入库 24 词
[phon] 批次 550：请求 24 词，合格入库 24 词
[phon] 已写出 src\data\phonetics.js（49348 词条）
[phon] 批次 551：请求 24 词，合格入库 24 词
[phon] 批次 552：请求 24 词，合格入库 24 词
[phon] 批次 553：请求 24 词，合格入库 24 词
[phon] 批次 554：请求 24 词，合格入库 24 词
[phon] 批次 555：请求 24 词，合格入库 24 词
[phon] 已写出 src\data\phonetics.js（49360 词条）
[phon] 批次 556：请求 24 词，合格入库 24 词
[phon] 批次 557：请求 24 词，合格入库 24 词
[phon] 批次 558：请求 24 词，合格入库 24 词
[phon] 批次 559：请求 24 词，合格入库 24 词
[phon] 批次 560：请求 24 词，合格入库 24 词
[phon] 已写出 src\data\phonetics.js（49373 词条）
[phon] 批次 561：请求 24 词，合格入库 24 词
[phon] 批次 562：请求 24 词，合格入库 24 词
[phon] 批次 563：请求 24 词，合格入库 24 词
[phon] 批次 564：请求 24 词，合格入库 24 词
[phon] 批次 565：请求 24 词，合格入库 24 词
[phon] 已写出 src\data\phonetics.js（49387 词条）
[phon] 批次 566：请求 24 词，合格入库 24 词
[phon] 批次 567：请求 24 词，合格入库 24 词
[phon] 批次 568：请求 24 词，合格入库 24 词
[phon] 批次 569：请求 24 词，合格入库 24 词
[phon] 批次 570：请求 24 词，合格入库 24 词
[phon] 已写出 src\data\phonetics.js（49404 词条）
[phon] 批次 571：请求 24 词，合格入库 24 词
[phon] 批次 572：请求 24 词，合格入库 24 词
[phon] 批次 573：请求 24 词，合格入库 24 词
[phon] 批次 574：请求 24 词，合格入库 24 词
[phon] 批次 575：请求 24 词，合格入库 24 词
[phon] 已写出 src\data\phonetics.js（49419 词条）
[phon] 批次 576：请求 24 词，合格入库 24 词
[phon] 批次 577：请求 24 词，合格入库 24 词
[phon] 批次 578：请求 24 词，合格入库 24 词
[phon] 批次 579：请求 24 词，合格入库 24 词
[phon] 批次 580：请求 24 词，合格入库 24 词
[phon] 已写出 src\data\phonetics.js（49439 词条）
[phon] 批次 581：请求 24 词，合格入库 24 词
[phon] 批次 582：请求 24 词，合格入库 24 词
[phon] 批次 583：请求 24 词，合格入库 24 词
[phon] 批次 584：请求 24 词，合格入库 24 词
[phon] 批次 585：请求 24 词，合格入库 24 词
[phon] 已写出 src\data\phonetics.js（49448 词条）
[phon] 批次 586：请求 24 词，合格入库 24 词
[phon] 批次 587：请求 24 词，合格入库 24 词
[phon] 批次 588：请求 24 词，合格入库 24 词
[phon] 批次 589：请求 24 词，合格入库 24 词
[phon] 批次 590：请求 24 词，合格入库 24 词
[phon] 已写出 src\data\phonetics.js（49461 词条）
[phon] 批次 591：请求 24 词，合格入库 24 词
[phon] 批次 592：请求 24 词，合格入库 24 词
[phon] 批次 593：请求 24 词，合格入库 24 词
[phon] 批次 594：请求 24 词，合格入库 24 词
[phon] 批次 595：请求 24 词，合格入库 24 词
[phon] 已写出 src\data\phonetics.js（49476 词条）
[phon] 批次 596：请求 24 词，合格入库 24 词
[phon] 批次 597：请求 24 词，合格入库 24 词
[phon] 批次 598：请求 24 词，合格入库 24 词
[phon] 批次 599：请求 24 词，合格入库 24 词
[phon] 批次 600：请求 24 词，合格入库 24 词
[phon] 已写出 src\data\phonetics.js（49490 词条）
[phon] 批次 601：请求 24 词，合格入库 24 词
[phon] 批次 602：请求 24 词，合格入库 24 词
[phon] 批次 603：请求 24 词，合格入库 24 词
[phon] 批次 604：请求 24 词，合格入库 24 词
[phon] 批次 605：请求 24 词，合格入库 24 词
[phon] 已写出 src\data\phonetics.js（49507 词条）
[phon] 批次 606：请求 24 词，合格入库 24 词
[phon] 批次 607：请求 24 词，合格入库 24 词
[phon] 批次 608：请求 24 词，合格入库 24 词
[phon] 批次 609：请求 24 词，合格入库 24 词
[phon] 批次 610：请求 24 词，合格入库 24 词
[phon] 已写出 src\data\phonetics.js（49520 词条）
[phon] 批次 611：请求 24 词，合格入库 24 词
[phon] 批次 612：请求 24 词，合格入库 24 词
[phon] 批次 613：请求 24 词，合格入库 24 词
[phon] 批次 614：请求 24 词，合格入库 24 词
[phon] 批次 615：请求 24 词，合格入库 24 词
[phon] 已写出 src\data\phonetics.js（49538 词条）
[phon] 批次 616：请求 24 词，合格入库 24 词
[phon] 批次 617：请求 24 词，合格入库 24 词
[phon] 批次 618：请求 24 词，合格入库 24 词
[phon] 批次 619：请求 24 词，合格入库 24 词
[phon] 批次 620：请求 24 词，合格入库 24 词
[phon] 已写出 src\data\phonetics.js（49560 词条）
[phon] 批次 621：请求 24 词，合格入库 24 词
[phon] 批次 622：请求 24 词，合格入库 24 词
[phon] 批次 623：请求 24 词，合格入库 24 词
[phon] 批次 624：请求 24 词，合格入库 24 词
[phon] 批次 625：请求 24 词，合格入库 24 词
[phon] 已写出 src\data\phonetics.js（49572 词条）
[phon] 批次 626：请求 24 词，合格入库 24 词
[phon] 批次 627：请求 24 词，合格入库 24 词
[phon] 批次 628：请求 24 词，合格入库 24 词
[phon] 批次 629：请求 24 词，合格入库 24 词
[phon] 批次 630：请求 24 词，合格入库 24 词
[phon] 已写出 src\data\phonetics.js（49582 词条）
[phon] 批次 631：请求 24 词，合格入库 24 词
[phon] 批次 632：请求 24 词，合格入库 24 词
[phon] 批次 633：请求 24 词，合格入库 24 词
[phon] 批次 634：请求 24 词，合格入库 24 词
[phon] 批次 635：请求 24 词，合格入库 24 词
[phon] 已写出 src\data\phonetics.js（49605 词条）
[phon] 批次 636：请求 24 词，合格入库 24 词
[phon] 批次 637：请求 24 词，合格入库 24 词
[phon] 批次 638：请求 24 词，合格入库 24 词
[phon] 批次 639：请求 24 词，合格入库 24 词
[phon] 批次 640：请求 24 词，合格入库 24 词
[phon] 已写出 src\data\phonetics.js（49617 词条）
[phon] 批次 641：请求 24 词，合格入库 24 词
[phon] 批次 642：请求 24 词，合格入库 24 词
[phon] 批次 643：请求 24 词，合格入库 24 词
[phon] 批次 644：请求 24 词，合格入库 24 词
[phon] 批次 645：请求 24 词，合格入库 24 词
[phon] 已写出 src\data\phonetics.js（49637 词条）
[phon] 批次 646：请求 24 词，合格入库 24 词
[phon] 批次 647：请求 24 词，合格入库 24 词
[phon] 批次 648：请求 24 词，合格入库 24 词
[phon] 批次 649：请求 24 词，合格入库 24 词
[phon] 批次 650：请求 24 词，合格入库 24 词
[phon] 已写出 src\data\phonetics.js（49650 词条）
[phon] 批次 651：请求 24 词，合格入库 24 词
[phon] 批次 652：请求 24 词，合格入库 24 词
[phon] 批次 653：请求 24 词，合格入库 24 词
[phon] 批次 654：请求 24 词，合格入库 24 词
[phon] 批次 655：请求 24 词，合格入库 24 词
[phon] 已写出 src\data\phonetics.js（49676 词条）
[phon] 批次 656：请求 24 词，合格入库 24 词
[phon] 批次 657：请求 24 词，合格入库 24 词
[phon] 批次 658：请求 24 词，合格入库 24 词
[phon] 批次 659：请求 24 词，合格入库 24 词
[phon] 批次 660：请求 24 词，合格入库 24 词
[phon] 已写出 src\data\phonetics.js（49693 词条）
[phon] 批次 661：请求 24 词，合格入库 24 词
[phon] 批次 662：请求 24 词，合格入库 24 词
[phon] 批次 663：请求 24 词，合格入库 24 词
[phon] 批次 664：请求 24 词，合格入库 24 词
[phon] 批次 665：请求 24 词，合格入库 24 词
[phon] 已写出 src\data\phonetics.js（49710 词条）
[phon] 批次 666：请求 24 词，合格入库 24 词
[phon] 批次 667：请求 24 词，合格入库 24 词
[phon] 批次 668：请求 24 词，合格入库 24 词
[phon] 批次 669：请求 24 词，合格入库 24 词
[phon] 批次 670：请求 24 词，合格入库 24 词
[phon] 已写出 src\data\phonetics.js（49733 词条）
[phon] 批次 671：请求 24 词，合格入库 24 词
[phon] 批次 672：请求 24 词，合格入库 24 词
[phon] 批次 673：请求 24 词，合格入库 24 词
[phon] 批次 674：请求 24 词，合格入库 24 词
[phon] 批次 675：请求 24 词，合格入库 24 词
[phon] 已写出 src\data\phonetics.js（49756 词条）
[phon] 批次 676：请求 24 词，合格入库 24 词
[phon] 批次 677：请求 24 词，合格入库 24 词
[phon] 批次 678：请求 24 词，合格入库 24 词
[phon] 批次 679：请求 24 词，合格入库 24 词
[phon] 批次 680：请求 24 词，合格入库 24 词
[phon] 已写出 src\data\phonetics.js（49775 词条）
[phon] 批次 681：请求 24 词，合格入库 24 词
[phon] 批次 682：请求 24 词，合格入库 24 词
[phon] 批次 683：请求 24 词，合格入库 24 词
[phon] 批次 684：请求 24 词，合格入库 24 词
[phon] 批次 685：请求 24 词，合格入库 24 词
[phon] 已写出 src\data\phonetics.js（49788 词条）
[phon] 批次 686：请求 24 词，合格入库 24 词
[phon] 批次 687：请求 24 词，合格入库 24 词
[phon] 批次 688：请求 24 词，合格入库 24 词
[phon] 批次 689：请求 24 词，合格入库 24 词
[phon] 批次 690：请求 24 词，合格入库 24 词
[phon] 已写出 src\data\phonetics.js（49813 词条）
[phon] 批次 691：请求 24 词，合格入库 24 词
[phon] 批次 692：请求 24 词，合格入库 24 词
[phon] 批次 693：请求 24 词，合格入库 24 词
[phon] 批次 694：请求 24 词，合格入库 24 词
[phon] 批次 695：请求 24 词，合格入库 24 词
[phon] 已写出 src\data\phonetics.js（49827 词条）
[phon] 批次 696：请求 24 词，合格入库 24 词
[phon] 批次 697：请求 24 词，合格入库 24 词
[phon] 批次 698：请求 24 词，合格入库 24 词
[phon] 批次 699：请求 24 词，合格入库 24 词
[phon] 批次 700：请求 24 词，合格入库 24 词
[phon] 已写出 src\data\phonetics.js（49850 词条）
[phon] 批次 701：请求 24 词，合格入库 24 词
[phon] 批次 702：请求 24 词，合格入库 24 词
[phon] 批次 703：请求 24 词，合格入库 24 词
[phon] 批次 704：请求 24 词，合格入库 24 词
[phon] 批次 705：请求 24 词，合格入库 24 词
[phon] 已写出 src\data\phonetics.js（49872 词条）
[phon] 批次 706：请求 24 词，合格入库 24 词
[phon] 批次 707：请求 24 词，合格入库 24 词
[phon] 批次 708：请求 24 词，合格入库 24 词
[phon] 批次 709：请求 24 词，合格入库 24 词
[phon] 批次 710：请求 24 词，合格入库 24 词
[phon] 已写出 src\data\phonetics.js（49896 词条）
[phon] 批次 711：请求 24 词，合格入库 24 词
[phon] 批次 712：请求 24 词，合格入库 24 词
[phon] 批次 713：请求 24 词，合格入库 24 词
[phon] 批次 714：请求 24 词，合格入库 24 词
[phon] 批次 715：请求 24 词，合格入库 24 词
[phon] 已写出 src\data\phonetics.js（49919 词条）
[phon] 批次 716：请求 24 词，合格入库 24 词
[phon] 批次 717：请求 24 词，合格入库 24 词
[phon] 批次 718：请求 24 词，合格入库 24 词
[phon] 批次 719：请求 24 词，合格入库 24 词
[phon] 批次 720：请求 24 词，合格入库 24 词
[phon] 已写出 src\data\phonetics.js（49938 词条）
[phon] 批次 721：请求 24 词，合格入库 24 词
[phon] 批次 722：请求 24 词，合格入库 24 词
[phon] 批次 723：请求 24 词，合格入库 24 词
[phon] 批次 724：请求 24 词，合格入库 24 词
[phon] 批次 725：请求 24 词，合格入库 24 词
[phon] 已写出 src\data\phonetics.js（49962 词条）
[phon] 批次 726 失败：Expected ',' or '}' after property value in JSON at position 330 (line 1 column 331)；30 秒后重试本批（已入库进度不受影响）
[phon] 批次 726：请求 24 词，合格入库 24 词
[phon] 批次 727：请求 24 词，合格入库 24 词
[phon] 批次 728：请求 24 词，合格入库 24 词
[phon] 批次 729：请求 24 词，合格入库 24 词
[phon] 批次 730：请求 24 词，合格入库 24 词
[phon] 已写出 src\data\phonetics.js（49983 词条）
[phon] 批次 731：请求 24 词，合格入库 24 词
[phon] 批次 732：请求 24 词，合格入库 24 词
[phon] 批次 733：请求 24 词，合格入库 24 词
[phon] 批次 734：请求 24 词，合格入库 24 词
[phon] 批次 735：请求 24 词，合格入库 24 词
[phon] 已写出 src\data\phonetics.js（50006 词条）
[phon] 批次 736：请求 24 词，合格入库 24 词
[phon] 批次 737：请求 24 词，合格入库 24 词
[phon] 批次 738：请求 24 词，合格入库 24 词
[phon] 批次 739：请求 24 词，合格入库 24 词
[phon] 批次 740：请求 24 词，合格入库 24 词
[phon] 已写出 src\data\phonetics.js（50022 词条）
[phon] 批次 741：请求 24 词，合格入库 24 词
[phon] 批次 742：请求 24 词，合格入库 24 词
[phon] 批次 743：请求 24 词，合格入库 24 词
[phon] 批次 744：请求 24 词，合格入库 24 词
[phon] 批次 745：请求 24 词，合格入库 24 词
[phon] 已写出 src\data\phonetics.js（50036 词条）
[phon] 批次 746：请求 24 词，合格入库 24 词
[phon] 批次 747：请求 24 词，合格入库 24 词
[phon] 批次 748：请求 24 词，合格入库 24 词
[phon] 批次 749：请求 24 词，合格入库 24 词
[phon] 批次 750：请求 24 词，合格入库 24 词
[phon] 已写出 src\data\phonetics.js（50061 词条）
[phon] 批次 751：请求 24 词，合格入库 24 词
[phon] 批次 752：请求 24 词，合格入库 24 词
[phon] 批次 753：请求 24 词，合格入库 24 词
[phon] 批次 754：请求 24 词，合格入库 24 词
[phon] 批次 755：请求 24 词，合格入库 24 词
[phon] 已写出 src\data\phonetics.js（50081 词条）
[phon] 批次 756：请求 24 词，合格入库 24 词
[phon] 批次 757：请求 24 词，合格入库 24 词
[phon] 批次 758：请求 24 词，合格入库 24 词
[phon] 批次 759：请求 24 词，合格入库 24 词
[phon] 批次 760：请求 24 词，合格入库 24 词
[phon] 已写出 src\data\phonetics.js（50102 词条）
[phon] 批次 761：请求 24 词，合格入库 24 词
[phon] 批次 762：请求 24 词，合格入库 24 词
[phon] 批次 763：请求 24 词，合格入库 24 词
[phon] 批次 764：请求 24 词，合格入库 24 词
[phon] 批次 765：请求 24 词，合格入库 24 词
[phon] 已写出 src\data\phonetics.js（50126 词条）
[phon] 批次 766：请求 24 词，合格入库 24 词
[phon] 批次 767：请求 24 词，合格入库 24 词
[phon] 批次 768：请求 24 词，合格入库 24 词
[phon] 批次 769：请求 24 词，合格入库 24 词
[phon] 批次 770：请求 24 词，合格入库 24 词
[phon] 已写出 src\data\phonetics.js（50146 词条）
[phon] 批次 771：请求 24 词，合格入库 24 词
[phon] 批次 772：请求 24 词，合格入库 24 词
[phon] 批次 773：请求 24 词，合格入库 24 词
[phon] 批次 774：请求 24 词，合格入库 24 词
[phon] 批次 775：请求 24 词，合格入库 24 词
[phon] 已写出 src\data\phonetics.js（50170 词条）
[phon] 批次 776：请求 24 词，合格入库 24 词
[phon] 批次 777：请求 24 词，合格入库 24 词
[phon] 批次 778：请求 24 词，合格入库 24 词
[phon] 批次 779：请求 24 词，合格入库 24 词
[phon] 批次 780：请求 24 词，合格入库 24 词
[phon] 已写出 src\data\phonetics.js（50198 词条）
[phon] 批次 781：请求 24 词，合格入库 24 词
[phon] 批次 782：请求 24 词，合格入库 24 词
[phon] 批次 783：请求 24 词，合格入库 24 词
[phon] 批次 784：请求 24 词，合格入库 24 词
[phon] 批次 785：请求 24 词，合格入库 24 词
[phon] 已写出 src\data\phonetics.js（50215 词条）
[phon] 批次 786 失败：Expected ',' or '}' after property value in JSON at position 310 (line 1 column 311)；30 秒后重试本批（已入库进度不受影响）
[phon] 批次 786：请求 24 词，合格入库 24 词
[phon] 批次 787：请求 24 词，合格入库 24 词
[phon] 批次 788：请求 24 词，合格入库 24 词
[phon] 批次 789：请求 24 词，合格入库 24 词
[phon] 批次 790：请求 24 词，合格入库 24 词
[phon] 已写出 src\data\phonetics.js（50236 词条）
[phon] 批次 791：请求 24 词，合格入库 24 词
[phon] 批次 792：请求 24 词，合格入库 24 词
[phon] 批次 793：请求 24 词，合格入库 24 词
[phon] 批次 794：请求 24 词，合格入库 24 词
[phon] 批次 795：请求 24 词，合格入库 24 词
[phon] 已写出 src\data\phonetics.js（50261 词条）
[phon] 批次 796：请求 24 词，合格入库 24 词
[phon] 批次 797：请求 24 词，合格入库 24 词
[phon] 批次 798：请求 24 词，合格入库 24 词
[phon] 批次 799：请求 24 词，合格入库 24 词
[phon] 批次 800：请求 24 词，合格入库 24 词
[phon] 已写出 src\data\phonetics.js（50279 词条）
[phon] 批次 801：请求 24 词，合格入库 24 词
[phon] 批次 802：请求 24 词，合格入库 24 词
[phon] 批次 803：请求 24 词，合格入库 1 词
[phon] 批次 804：请求 24 词，合格入库 24 词
[phon] 批次 805：请求 24 词，合格入库 24 词
[phon] 已写出 src\data\phonetics.js（50299 词条）
[phon] 批次 806：请求 24 词，合格入库 24 词
[phon] 批次 807：请求 24 词，合格入库 24 词
[phon] 批次 808：请求 24 词，合格入库 24 词
[phon] 批次 809：请求 24 词，合格入库 24 词
[phon] 批次 810：请求 24 词，合格入库 24 词
[phon] 已写出 src\data\phonetics.js（50321 词条）
[phon] 批次 811：请求 24 词，合格入库 24 词
[phon] 批次 812：请求 24 词，合格入库 24 词
[phon] 批次 813：请求 24 词，合格入库 24 词
[phon] 批次 814：请求 24 词，合格入库 24 词
[phon] 批次 815：请求 24 词，合格入库 24 词
[phon] 已写出 src\data\phonetics.js（50342 词条）
[phon] 批次 816：请求 24 词，合格入库 24 词
[phon] 批次 817：请求 24 词，合格入库 24 词
[phon] 批次 818：请求 24 词，合格入库 24 词
[phon] 批次 819：请求 24 词，合格入库 24 词
[phon] 批次 820：请求 24 词，合格入库 24 词
[phon] 已写出 src\data\phonetics.js（50365 词条）
[phon] 批次 821：请求 24 词，合格入库 24 词
[phon] 批次 822：请求 24 词，合格入库 24 词
[phon] 批次 823：请求 24 词，合格入库 24 词
[phon] 批次 824：请求 24 词，合格入库 24 词
[phon] 批次 825：请求 24 词，合格入库 24 词
[phon] 已写出 src\data\phonetics.js（50390 词条）
[phon] 批次 826：请求 24 词，合格入库 24 词
[phon] 批次 827：请求 24 词，合格入库 24 词
[phon] 批次 828：请求 24 词，合格入库 24 词
[phon] 批次 829：请求 24 词，合格入库 24 词
[phon] 批次 830：请求 24 词，合格入库 24 词
[phon] 已写出 src\data\phonetics.js（50416 词条）
[phon] 批次 831：请求 24 词，合格入库 24 词
[phon] 批次 832：请求 24 词，合格入库 24 词
[phon] 批次 833：请求 24 词，合格入库 24 词
[phon] 批次 834：请求 24 词，合格入库 24 词
[phon] 批次 835：请求 24 词，合格入库 24 词
[phon] 已写出 src\data\phonetics.js（50431 词条）
[phon] 批次 836：请求 24 词，合格入库 24 词
[phon] 批次 837：请求 24 词，合格入库 24 词
[phon] 批次 838：请求 24 词，合格入库 24 词
[phon] 批次 839：请求 24 词，合格入库 24 词
[phon] 批次 840：请求 24 词，合格入库 24 词
[phon] 已写出 src\data\phonetics.js（50447 词条）
[phon] 批次 841：请求 24 词，合格入库 24 词
[phon] 批次 842：请求 24 词，合格入库 24 词
[phon] 批次 843：请求 24 词，合格入库 24 词
[phon] 批次 844：请求 24 词，合格入库 24 词
[phon] 批次 845：请求 24 词，合格入库 24 词
[phon] 已写出 src\data\phonetics.js（50469 词条）
[phon] 批次 846：请求 24 词，合格入库 24 词
[phon] 批次 847：请求 24 词，合格入库 24 词
[phon] 批次 848：请求 24 词，合格入库 24 词
[phon] 批次 849：请求 24 词，合格入库 24 词
[phon] 批次 850：请求 24 词，合格入库 24 词
[phon] 已写出 src\data\phonetics.js（50492 词条）
[phon] 批次 851：请求 24 词，合格入库 24 词
[phon] 批次 852：请求 24 词，合格入库 24 词
[phon] 批次 853：请求 24 词，合格入库 24 词
[phon] 批次 854：请求 24 词，合格入库 24 词
[phon] 批次 855：请求 24 词，合格入库 24 词
[phon] 已写出 src\data\phonetics.js（50516 词条）
[phon] 批次 856：请求 24 词，合格入库 24 词
[phon] 批次 857：请求 24 词，合格入库 24 词
[phon] 批次 858：请求 24 词，合格入库 24 词
[phon] 批次 859：请求 24 词，合格入库 24 词
[phon] 批次 860：请求 24 词，合格入库 24 词
[phon] 已写出 src\data\phonetics.js（50537 词条）
[phon] 批次 861：请求 24 词，合格入库 24 词
[phon] 批次 862：请求 24 词，合格入库 24 词
[phon] 批次 863：请求 24 词，合格入库 24 词
[phon] 批次 864：请求 24 词，合格入库 24 词
[phon] 批次 865：请求 24 词，合格入库 24 词
[phon] 已写出 src\data\phonetics.js（50557 词条）
[phon] 批次 866：请求 24 词，合格入库 24 词
[phon] 批次 867：请求 24 词，合格入库 24 词
[phon] 批次 868：请求 24 词，合格入库 24 词
[phon] 批次 869：请求 24 词，合格入库 24 词
[phon] 批次 870：请求 24 词，合格入库 24 词
[phon] 已写出 src\data\phonetics.js（50584 词条）
[phon] 批次 871：请求 24 词，合格入库 24 词
[phon] 批次 872：请求 24 词，合格入库 24 词
[phon] 批次 873：请求 24 词，合格入库 24 词
[phon] 批次 874：请求 24 词，合格入库 24 词
[phon] 批次 875：请求 24 词，合格入库 24 词
[phon] 已写出 src\data\phonetics.js（50613 词条）
[phon] 批次 876：请求 24 词，合格入库 24 词
[phon] 批次 877：请求 24 词，合格入库 24 词
[phon] 批次 878：请求 24 词，合格入库 24 词
[phon] 批次 879：请求 24 词，合格入库 24 词
[phon] 批次 880：请求 24 词，合格入库 24 词
[phon] 已写出 src\data\phonetics.js（50638 词条）
[phon] 批次 881：请求 24 词，合格入库 24 词
[phon] 批次 882：请求 24 词，合格入库 24 词
[phon] 批次 883：请求 24 词，合格入库 24 词
[phon] 批次 884：请求 24 词，合格入库 24 词
[phon] 批次 885：请求 24 词，合格入库 24 词
[phon] 已写出 src\data\phonetics.js（50661 词条）
[phon] 批次 886：请求 24 词，合格入库 24 词
[phon] 批次 887：请求 24 词，合格入库 24 词
[phon] 批次 888：请求 24 词，合格入库 24 词
[phon] 批次 889：请求 24 词，合格入库 24 词
[phon] 批次 890：请求 24 词，合格入库 24 词
[phon] 已写出 src\data\phonetics.js（50689 词条）
[phon] 批次 891：请求 24 词，合格入库 24 词
[phon] 批次 892：请求 24 词，合格入库 24 词
[phon] 批次 893：请求 24 词，合格入库 24 词
[phon] 批次 894：请求 24 词，合格入库 24 词
[phon] 批次 895：请求 24 词，合格入库 24 词
[phon] 已写出 src\data\phonetics.js（50714 词条）
[phon] 批次 896：请求 24 词，合格入库 24 词
[phon] 批次 897：请求 24 词，合格入库 24 词
[phon] 批次 898：请求 24 词，合格入库 24 词
[phon] 批次 899：请求 24 词，合格入库 24 词
[phon] 批次 900：请求 24 词，合格入库 24 词
[phon] 已写出 src\data\phonetics.js（50733 词条）
[phon] 批次 901：请求 24 词，合格入库 24 词
[phon] 批次 902：请求 24 词，合格入库 24 词
[phon] 批次 903：请求 24 词，合格入库 24 词
[phon] 批次 904：请求 24 词，合格入库 24 词
[phon] 批次 905：请求 24 词，合格入库 24 词
[phon] 已写出 src\data\phonetics.js（50766 词条）
[phon] 批次 906：请求 24 词，合格入库 24 词
[phon] 批次 907：请求 24 词，合格入库 24 词
[phon] 批次 908：请求 24 词，合格入库 24 词
[phon] 批次 909：请求 24 词，合格入库 24 词
[phon] 批次 910：请求 24 词，合格入库 24 词
[phon] 已写出 src\data\phonetics.js（50795 词条）
[phon] 批次 911：请求 24 词，合格入库 24 词
[phon] 批次 912：请求 24 词，合格入库 24 词
[phon] 批次 913：请求 24 词，合格入库 24 词
[phon] 批次 914：请求 24 词，合格入库 24 词
[phon] 批次 915：请求 24 词，合格入库 24 词
[phon] 已写出 src\data\phonetics.js（50826 词条）
[phon] 批次 916：请求 24 词，合格入库 24 词
[phon] 批次 917：请求 24 词，合格入库 24 词
[phon] 批次 918：请求 24 词，合格入库 24 词
[phon] 批次 919：请求 24 词，合格入库 24 词
[phon] 批次 920：请求 24 词，合格入库 24 词
[phon] 已写出 src\data\phonetics.js（50852 词条）
[phon] 批次 921：请求 24 词，合格入库 24 词
[phon] 批次 922：请求 24 词，合格入库 24 词
[phon] 批次 923：请求 24 词，合格入库 24 词
[phon] 批次 924：请求 24 词，合格入库 24 词
[phon] 批次 925：请求 24 词，合格入库 24 词
[phon] 已写出 src\data\phonetics.js（50876 词条）
[phon] 批次 926：请求 24 词，合格入库 24 词
[phon] 批次 927：请求 24 词，合格入库 24 词
[phon] 批次 928：请求 24 词，合格入库 24 词
[phon] 批次 929：请求 24 词，合格入库 24 词
[phon] 批次 930：请求 24 词，合格入库 24 词
[phon] 已写出 src\data\phonetics.js（50907 词条）
[phon] 批次 931：请求 24 词，合格入库 24 词
[phon] 批次 932：请求 24 词，合格入库 24 词
[phon] 批次 933：请求 24 词，合格入库 24 词
[phon] 批次 934：请求 24 词，合格入库 24 词
[phon] 批次 935：请求 24 词，合格入库 24 词
[phon] 已写出 src\data\phonetics.js（50924 词条）
[phon] 批次 936：请求 24 词，合格入库 24 词
[phon] 批次 937：请求 24 词，合格入库 24 词
[phon] 批次 938：请求 24 词，合格入库 24 词
[phon] 批次 939：请求 24 词，合格入库 24 词
[phon] 批次 940：请求 24 词，合格入库 24 词
[phon] 已写出 src\data\phonetics.js（50950 词条）
[phon] 批次 941：请求 24 词，合格入库 24 词
[phon] 批次 942：请求 24 词，合格入库 24 词
[phon] 批次 943：请求 24 词，合格入库 24 词
[phon] 批次 944：请求 24 词，合格入库 24 词
[phon] 批次 945：请求 24 词，合格入库 24 词
[phon] 已写出 src\data\phonetics.js（50976 词条）
[phon] 批次 946：请求 24 词，合格入库 24 词
[phon] 批次 947：请求 24 词，合格入库 24 词
[phon] 批次 948：请求 24 词，合格入库 24 词
[phon] 批次 949：请求 24 词，合格入库 24 词
[phon] 批次 950：请求 24 词，合格入库 24 词
[phon] 已写出 src\data\phonetics.js（51008 词条）
[phon] 批次 951：请求 24 词，合格入库 24 词
[phon] 批次 952：请求 24 词，合格入库 24 词
[phon] 批次 953：请求 24 词，合格入库 24 词
[phon] 批次 954：请求 24 词，合格入库 24 词
[phon] 批次 955 失败：Expected ',' or '}' after property value in JSON at position 3432 (line 1 column 3433)；30 秒后重试本批（已入库进度不受影响）
[phon] 批次 955：请求 24 词，合格入库 24 词
[phon] 已写出 src\data\phonetics.js（51036 词条）
[phon] 批次 956：请求 24 词，合格入库 24 词
[phon] 批次 957：请求 24 词，合格入库 24 词
[phon] 批次 958：请求 24 词，合格入库 24 词
[phon] 批次 959：请求 24 词，合格入库 24 词
[phon] 批次 960：请求 24 词，合格入库 24 词
[phon] 已写出 src\data\phonetics.js（51067 词条）
[phon] 批次 961：请求 24 词，合格入库 24 词
[phon] 批次 962：请求 24 词，合格入库 24 词
[phon] 批次 963：请求 24 词，合格入库 24 词
[phon] 批次 964：请求 24 词，合格入库 24 词
[phon] 批次 965：请求 24 词，合格入库 24 词
[phon] 已写出 src\data\phonetics.js（51094 词条）
[phon] 批次 966：请求 24 词，合格入库 24 词
[phon] 批次 967：请求 24 词，合格入库 24 词
[phon] 批次 968：请求 24 词，合格入库 24 词
[phon] 批次 969：请求 24 词，合格入库 24 词
[phon] 批次 970：请求 24 词，合格入库 24 词
[phon] 已写出 src\data\phonetics.js（51125 词条）
[phon] 批次 971：请求 24 词，合格入库 24 词
[phon] 批次 972：请求 24 词，合格入库 24 词
[phon] 批次 973：请求 24 词，合格入库 24 词
[phon] 批次 974：请求 24 词，合格入库 24 词
[phon] 批次 975：请求 24 词，合格入库 24 词
[phon] 已写出 src\data\phonetics.js（51152 词条）
[phon] 批次 976：请求 24 词，合格入库 24 词
[phon] 批次 977：请求 24 词，合格入库 24 词
[phon] 批次 978：请求 24 词，合格入库 24 词
[phon] 批次 979：请求 24 词，合格入库 24 词
[phon] 批次 980：请求 24 词，合格入库 24 词
[phon] 已写出 src\data\phonetics.js（51178 词条）
[phon] 批次 981：请求 24 词，合格入库 24 词
[phon] 批次 982：请求 24 词，合格入库 24 词
[phon] 批次 983：请求 24 词，合格入库 24 词
[phon] 批次 984：请求 24 词，合格入库 24 词
[phon] 批次 985：请求 24 词，合格入库 24 词
[phon] 已写出 src\data\phonetics.js（51208 词条）
[phon] 批次 986：请求 24 词，合格入库 24 词
[phon] 批次 987：请求 24 词，合格入库 24 词
[phon] 批次 988：请求 24 词，合格入库 24 词
[phon] 批次 989：请求 24 词，合格入库 24 词
[phon] 批次 990：请求 24 词，合格入库 24 词
[phon] 已写出 src\data\phonetics.js（51233 词条）
[phon] 批次 991：请求 24 词，合格入库 24 词
[phon] 批次 992：请求 24 词，合格入库 24 词
[phon] 批次 993：请求 24 词，合格入库 24 词
[phon] 批次 994：请求 24 词，合格入库 24 词
[phon] 批次 995：请求 24 词，合格入库 24 词
[phon] 已写出 src\data\phonetics.js（51254 词条）
[phon] 批次 996：请求 24 词，合格入库 24 词
[phon] 批次 997：请求 24 词，合格入库 24 词
[phon] 批次 998：请求 24 词，合格入库 24 词
[phon] 批次 999：请求 24 词，合格入库 24 词
[phon] 批次 1000：请求 24 词，合格入库 24 词
[phon] 已写出 src\data\phonetics.js（51279 词条）
[phon] 批次 1001：请求 24 词，合格入库 24 词
[phon] 批次 1002：请求 24 词，合格入库 24 词
[phon] 批次 1003：请求 24 词，合格入库 24 词
[phon] 批次 1004：请求 24 词，合格入库 24 词
[phon] 批次 1005：请求 24 词，合格入库 24 词
[phon] 已写出 src\data\phonetics.js（51303 词条）
[phon] 批次 1006：请求 24 词，合格入库 24 词
[phon] 批次 1007：请求 24 词，合格入库 24 词
[phon] 批次 1008：请求 24 词，合格入库 24 词
[phon] 批次 1009：请求 24 词，合格入库 24 词
[phon] 批次 1010：请求 24 词，合格入库 24 词
[phon] 已写出 src\data\phonetics.js（51329 词条）
[phon] 批次 1011：请求 24 词，合格入库 24 词
[phon] 批次 1012：请求 24 词，合格入库 24 词
[phon] 批次 1013：请求 24 词，合格入库 24 词
[phon] 批次 1014：请求 24 词，合格入库 24 词
[phon] 批次 1015：请求 24 词，合格入库 24 词
[phon] 已写出 src\data\phonetics.js（51362 词条）
[phon] 批次 1016：请求 24 词，合格入库 24 词
[phon] 批次 1017：请求 24 词，合格入库 24 词
[phon] 批次 1018：请求 24 词，合格入库 24 词
[phon] 批次 1019：请求 24 词，合格入库 24 词
[phon] 批次 1020：请求 24 词，合格入库 24 词
[phon] 已写出 src\data\phonetics.js（51394 词条）
[phon] 批次 1021：请求 24 词，合格入库 24 词
[phon] 批次 1022：请求 24 词，合格入库 24 词
[phon] 批次 1023：请求 24 词，合格入库 24 词
[phon] 批次 1024：请求 24 词，合格入库 24 词
[phon] 批次 1025：请求 24 词，合格入库 24 词
[phon] 已写出 src\data\phonetics.js（51411 词条）
[phon] 批次 1026：请求 24 词，合格入库 24 词
[phon] 批次 1027：请求 24 词，合格入库 24 词
[phon] 批次 1028：请求 24 词，合格入库 24 词
[phon] 批次 1029：请求 24 词，合格入库 24 词
[phon] 批次 1030：请求 24 词，合格入库 24 词
[phon] 已写出 src\data\phonetics.js（51447 词条）
[phon] 批次 1031：请求 24 词，合格入库 24 词
[phon] 批次 1032：请求 24 词，合格入库 24 词
[phon] 批次 1033：请求 24 词，合格入库 24 词
[phon] 批次 1034：请求 24 词，合格入库 24 词
[phon] 批次 1035：请求 24 词，合格入库 24 词
[phon] 已写出 src\data\phonetics.js（51477 词条）
[phon] 批次 1036：请求 24 词，合格入库 24 词
[phon] 批次 1037：请求 24 词，合格入库 24 词
[phon] 批次 1038：请求 24 词，合格入库 24 词
[phon] 批次 1039：请求 24 词，合格入库 24 词
[phon] 批次 1040：请求 24 词，合格入库 24 词
[phon] 已写出 src\data\phonetics.js（51504 词条）
[phon] 批次 1041：请求 24 词，合格入库 24 词
[phon] 批次 1042：请求 24 词，合格入库 24 词
[phon] 批次 1043：请求 24 词，合格入库 24 词
[phon] 批次 1044：请求 24 词，合格入库 24 词
[phon] 批次 1045：请求 24 词，合格入库 24 词
[phon] 已写出 src\data\phonetics.js（51523 词条）
[phon] 批次 1046：请求 24 词，合格入库 24 词
[phon] 批次 1047：请求 24 词，合格入库 24 词
[phon] 批次 1048：请求 24 词，合格入库 24 词
[phon] 批次 1049：请求 24 词，合格入库 24 词
[phon] 批次 1050：请求 24 词，合格入库 24 词
[phon] 已写出 src\data\phonetics.js（51551 词条）
[phon] 批次 1051：请求 24 词，合格入库 24 词
[phon] 批次 1052：请求 24 词，合格入库 24 词
[phon] 批次 1053：请求 24 词，合格入库 24 词
[phon] 批次 1054：请求 24 词，合格入库 24 词
[phon] 批次 1055：请求 24 词，合格入库 24 词
[phon] 已写出 src\data\phonetics.js（51581 词条）
[phon] 批次 1056：请求 24 词，合格入库 24 词
[phon] 批次 1057：请求 24 词，合格入库 24 词
[phon] 批次 1058：请求 24 词，合格入库 24 词
[phon] 批次 1059：请求 24 词，合格入库 24 词
[phon] 批次 1060：请求 24 词，合格入库 24 词
[phon] 已写出 src\data\phonetics.js（51605 词条）
[phon] 批次 1061：请求 24 词，合格入库 24 词
[phon] 批次 1062：请求 24 词，合格入库 24 词
[phon] 批次 1063：请求 24 词，合格入库 24 词
[phon] 批次 1064：请求 24 词，合格入库 24 词
[phon] 批次 1065：请求 24 词，合格入库 24 词
[phon] 已写出 src\data\phonetics.js（51630 词条）
[phon] 批次 1066：请求 24 词，合格入库 24 词
[phon] 批次 1067：请求 24 词，合格入库 24 词
[phon] 批次 1068：请求 24 词，合格入库 24 词
[phon] 批次 1069：请求 24 词，合格入库 24 词
[phon] 批次 1070：请求 24 词，合格入库 24 词
[phon] 已写出 src\data\phonetics.js（51657 词条）
[phon] 批次 1071：请求 24 词，合格入库 24 词
[phon] 批次 1072：请求 24 词，合格入库 24 词
[phon] 批次 1073：请求 24 词，合格入库 24 词
[phon] 批次 1074：请求 24 词，合格入库 24 词
[phon] 批次 1075：请求 24 词，合格入库 24 词
[phon] 已写出 src\data\phonetics.js（51690 词条）
[phon] 批次 1076：请求 24 词，合格入库 24 词
[phon] 批次 1077：请求 24 词，合格入库 24 词
[phon] 批次 1078：请求 24 词，合格入库 24 词
[phon] 批次 1079：请求 24 词，合格入库 24 词
[phon] 批次 1080：请求 24 词，合格入库 24 词
[phon] 已写出 src\data\phonetics.js（51724 词条）
[phon] 批次 1081：请求 24 词，合格入库 24 词
[phon] 批次 1082：请求 24 词，合格入库 24 词
[phon] 批次 1083：请求 24 词，合格入库 24 词
[phon] 批次 1084：请求 24 词，合格入库 24 词
[phon] 批次 1085：请求 24 词，合格入库 24 词
[phon] 已写出 src\data\phonetics.js（51761 词条）
[phon] 批次 1086：请求 24 词，合格入库 24 词
[phon] 批次 1087：请求 24 词，合格入库 24 词
[phon] 批次 1088：请求 24 词，合格入库 24 词
[phon] 批次 1089：请求 24 词，合格入库 24 词
[phon] 批次 1090：请求 24 词，合格入库 24 词
[phon] 已写出 src\data\phonetics.js（51794 词条）
[phon] 批次 1091：请求 24 词，合格入库 24 词
[phon] 批次 1092：请求 24 词，合格入库 24 词
[phon] 批次 1093：请求 24 词，合格入库 24 词
[phon] 批次 1094：请求 24 词，合格入库 24 词
[phon] 批次 1095：请求 24 词，合格入库 24 词
[phon] 已写出 src\data\phonetics.js（51823 词条）
[phon] 批次 1096：请求 24 词，合格入库 24 词
[phon] 批次 1097：请求 24 词，合格入库 24 词
[phon] 批次 1098：请求 24 词，合格入库 24 词
[phon] 批次 1099：请求 24 词，合格入库 24 词
[phon] 批次 1100：请求 24 词，合格入库 24 词
[phon] 已写出 src\data\phonetics.js（51854 词条）
[phon] 批次 1101：请求 24 词，合格入库 24 词
[phon] 批次 1102：请求 24 词，合格入库 24 词
[phon] 批次 1103：请求 24 词，合格入库 24 词
[phon] 批次 1104：请求 24 词，合格入库 24 词
[phon] 批次 1105：请求 24 词，合格入库 24 词
[phon] 已写出 src\data\phonetics.js（51892 词条）
[phon] 批次 1106：请求 24 词，合格入库 24 词
[phon] 批次 1107：请求 24 词，合格入库 24 词
[phon] 批次 1108：请求 24 词，合格入库 24 词
[phon] 批次 1109：请求 24 词，合格入库 24 词
[phon] 批次 1110：请求 24 词，合格入库 24 词
[phon] 已写出 src\data\phonetics.js（51925 词条）
[phon] 批次 1111：请求 24 词，合格入库 24 词
[phon] 批次 1112：请求 24 词，合格入库 24 词
[phon] 批次 1113：请求 24 词，合格入库 24 词
[phon] 批次 1114：请求 24 词，合格入库 24 词
[phon] 批次 1115：请求 24 词，合格入库 24 词
[phon] 已写出 src\data\phonetics.js（51951 词条）
[phon] 批次 1116：请求 24 词，合格入库 24 词
[phon] 批次 1117：请求 24 词，合格入库 24 词
[phon] 批次 1118：请求 24 词，合格入库 24 词
[phon] 批次 1119：请求 24 词，合格入库 24 词
[phon] 批次 1120：请求 24 词，合格入库 24 词
[phon] 已写出 src\data\phonetics.js（51971 词条）
[phon] 批次 1121：请求 24 词，合格入库 24 词
[phon] 批次 1122：请求 24 词，合格入库 24 词
[phon] 批次 1123：请求 24 词，合格入库 24 词
[phon] 批次 1124：请求 24 词，合格入库 24 词
[phon] 批次 1125：请求 24 词，合格入库 24 词
[phon] 已写出 src\data\phonetics.js（52006 词条）
[phon] 批次 1126：请求 24 词，合格入库 24 词
[phon] 批次 1127：请求 24 词，合格入库 24 词
[phon] 批次 1128：请求 24 词，合格入库 24 词
[phon] 批次 1129：请求 24 词，合格入库 24 词
[phon] 批次 1130：请求 24 词，合格入库 24 词
[phon] 已写出 src\data\phonetics.js（52039 词条）
[phon] 批次 1131：请求 24 词，合格入库 24 词
[phon] 批次 1132：请求 24 词，合格入库 24 词
[phon] 批次 1133：请求 24 词，合格入库 24 词
[phon] 批次 1134：请求 24 词，合格入库 24 词
[phon] 批次 1135：请求 24 词，合格入库 24 词
[phon] 已写出 src\data\phonetics.js（52074 词条）
[phon] 批次 1136：请求 24 词，合格入库 24 词
[phon] 批次 1137：请求 24 词，合格入库 24 词
[phon] 批次 1138：请求 24 词，合格入库 24 词
[phon] 批次 1139：请求 24 词，合格入库 24 词
[phon] 批次 1140：请求 24 词，合格入库 24 词
[phon] 已写出 src\data\phonetics.js（52115 词条）
[phon] 批次 1141：请求 24 词，合格入库 24 词
[phon] 批次 1142：请求 24 词，合格入库 24 词
[phon] 批次 1143：请求 24 词，合格入库 24 词
[phon] 批次 1144：请求 24 词，合格入库 24 词
[phon] 批次 1145：请求 24 词，合格入库 24 词
[phon] 已写出 src\data\phonetics.js（52152 词条）
[phon] 批次 1146：请求 24 词，合格入库 24 词
[phon] 批次 1147：请求 24 词，合格入库 24 词
[phon] 批次 1148：请求 24 词，合格入库 24 词
[phon] 批次 1149：请求 24 词，合格入库 24 词
[phon] 批次 1150：请求 24 词，合格入库 24 词
[phon] 已写出 src\data\phonetics.js（52181 词条）
[phon] 批次 1151：请求 24 词，合格入库 24 词
[phon] 批次 1152：请求 24 词，合格入库 24 词
[phon] 批次 1153：请求 24 词，合格入库 24 词
[phon] 批次 1154：请求 24 词，合格入库 24 词
[phon] 批次 1155：请求 24 词，合格入库 24 词
[phon] 已写出 src\data\phonetics.js（52216 词条）
[phon] 批次 1156：请求 24 词，合格入库 24 词
[phon] 批次 1157：请求 24 词，合格入库 24 词
[phon] 批次 1158：请求 24 词，合格入库 24 词
[phon] 批次 1159：请求 24 词，合格入库 24 词
[phon] 批次 1160：请求 24 词，合格入库 24 词
[phon] 已写出 src\data\phonetics.js（52244 词条）
[phon] 批次 1161：请求 24 词，合格入库 24 词
[phon] 批次 1162：请求 24 词，合格入库 24 词
[phon] 批次 1163：请求 24 词，合格入库 24 词
[phon] 批次 1164：请求 24 词，合格入库 24 词
[phon] 批次 1165：请求 24 词，合格入库 24 词
[phon] 已写出 src\data\phonetics.js（52278 词条）
[phon] 批次 1166：请求 24 词，合格入库 24 词
[phon] 批次 1167：请求 24 词，合格入库 24 词
[phon] 批次 1168：请求 24 词，合格入库 24 词
[phon] 批次 1169：请求 24 词，合格入库 24 词
[phon] 批次 1170：请求 24 词，合格入库 24 词
[phon] 已写出 src\data\phonetics.js（52310 词条）
[phon] 批次 1171：请求 24 词，合格入库 24 词
[phon] 批次 1172：请求 24 词，合格入库 24 词
[phon] 批次 1173：请求 24 词，合格入库 24 词
[phon] 批次 1174：请求 24 词，合格入库 24 词
[phon] 批次 1175：请求 24 词，合格入库 24 词
[phon] 已写出 src\data\phonetics.js（52338 词条）
[phon] 批次 1176：请求 24 词，合格入库 24 词
[phon] 批次 1177：请求 24 词，合格入库 24 词
[phon] 批次 1178：请求 24 词，合格入库 24 词
[phon] 批次 1179：请求 24 词，合格入库 24 词
[phon] 批次 1180：请求 24 词，合格入库 24 词
[phon] 已写出 src\data\phonetics.js（52376 词条）
[phon] 批次 1181：请求 24 词，合格入库 24 词
[phon] 批次 1182：请求 24 词，合格入库 24 词
[phon] 批次 1183：请求 24 词，合格入库 24 词
[phon] 批次 1184：请求 24 词，合格入库 24 词
[phon] 批次 1185：请求 24 词，合格入库 24 词
[phon] 已写出 src\data\phonetics.js（52408 词条）
[phon] 批次 1186：请求 24 词，合格入库 24 词
[phon] 批次 1187：请求 24 词，合格入库 24 词
[phon] 批次 1188：请求 24 词，合格入库 24 词
[phon] 批次 1189：请求 24 词，合格入库 24 词
[phon] 批次 1190：请求 24 词，合格入库 24 词
[phon] 已写出 src\data\phonetics.js（52451 词条）
[phon] 批次 1191：请求 24 词，合格入库 24 词
[phon] 批次 1192：请求 24 词，合格入库 24 词
[phon] 批次 1193：请求 24 词，合格入库 24 词
[phon] 批次 1194：请求 24 词，合格入库 24 词
[phon] 批次 1195：请求 24 词，合格入库 24 词
[phon] 已写出 src\data\phonetics.js（52491 词条）
[phon] 批次 1196：请求 24 词，合格入库 24 词
[phon] 批次 1197：请求 24 词，合格入库 24 词
[phon] 批次 1198：请求 24 词，合格入库 24 词
[phon] 批次 1199：请求 24 词，合格入库 24 词
[phon] 批次 1200：请求 24 词，合格入库 24 词
[phon] 已写出 src\data\phonetics.js（52526 词条）
[phon] 批次 1201：请求 24 词，合格入库 24 词
[phon] 批次 1202：请求 24 词，合格入库 24 词
[phon] 批次 1203：请求 24 词，合格入库 24 词
[phon] 批次 1204：请求 24 词，合格入库 24 词
[phon] 批次 1205：请求 24 词，合格入库 24 词
[phon] 已写出 src\data\phonetics.js（52569 词条）
[phon] 批次 1206：请求 24 词，合格入库 24 词
[phon] 批次 1207：请求 24 词，合格入库 24 词
[phon] 批次 1208：请求 24 词，合格入库 24 词
[phon] 批次 1209：请求 24 词，合格入库 24 词
[phon] 批次 1210：请求 24 词，合格入库 24 词
[phon] 已写出 src\data\phonetics.js（52601 词条）
[phon] 批次 1211：请求 24 词，合格入库 24 词
[phon] 批次 1212：请求 24 词，合格入库 24 词
[phon] 批次 1213：请求 24 词，合格入库 24 词
[phon] 批次 1214：请求 24 词，合格入库 24 词
[phon] 批次 1215：请求 24 词，合格入库 24 词
[phon] 已写出 src\data\phonetics.js（52643 词条）
[phon] 批次 1216：请求 24 词，合格入库 24 词
[phon] 批次 1217：请求 24 词，合格入库 24 词
[phon] 批次 1218：请求 24 词，合格入库 24 词
[phon] 批次 1219：请求 24 词，合格入库 24 词
[phon] 批次 1220 失败：Expected ',' or '}' after property value in JSON at position 759 (line 1 column 760)；30 秒后重试本批（已入库进度不受影响）
[phon] 批次 1220：请求 24 词，合格入库 24 词
[phon] 已写出 src\data\phonetics.js（52677 词条）
[phon] 批次 1221：请求 24 词，合格入库 24 词
[phon] 批次 1222：请求 24 词，合格入库 24 词
[phon] 批次 1223：请求 24 词，合格入库 24 词
[phon] 批次 1224：请求 24 词，合格入库 24 词
[phon] 批次 1225：请求 24 词，合格入库 24 词
[phon] 已写出 src\data\phonetics.js（52723 词条）
[phon] 批次 1226：请求 24 词，合格入库 24 词
[phon] 批次 1227：请求 24 词，合格入库 24 词
[phon] 批次 1228：请求 24 词，合格入库 24 词
[phon] 批次 1229：请求 24 词，合格入库 24 词
[phon] 批次 1230：请求 24 词，合格入库 24 词
[phon] 已写出 src\data\phonetics.js（52763 词条）
[phon] 批次 1231：请求 24 词，合格入库 24 词
[phon] 批次 1232：请求 24 词，合格入库 24 词
[phon] 批次 1233：请求 24 词，合格入库 24 词
[phon] 批次 1234：请求 24 词，合格入库 24 词
[phon] 批次 1235：请求 24 词，合格入库 24 词
[phon] 已写出 src\data\phonetics.js（52794 词条）
[phon] 批次 1236：请求 24 词，合格入库 24 词
[phon] 批次 1237：请求 24 词，合格入库 24 词
[phon] 批次 1238：请求 24 词，合格入库 24 词
[phon] 批次 1239：请求 24 词，合格入库 24 词
[phon] 批次 1240：请求 24 词，合格入库 24 词
[phon] 已写出 src\data\phonetics.js（52829 词条）
[phon] 批次 1241：请求 24 词，合格入库 24 词
[phon] 批次 1242：请求 24 词，合格入库 24 词
[phon] 批次 1243：请求 24 词，合格入库 24 词
[phon] 批次 1244：请求 24 词，合格入库 24 词
[phon] 批次 1245：请求 24 词，合格入库 24 词
[phon] 已写出 src\data\phonetics.js（52866 词条）
[phon] 批次 1246：请求 24 词，合格入库 24 词
[phon] 批次 1247：请求 24 词，合格入库 24 词
[phon] 批次 1248：请求 24 词，合格入库 24 词
[phon] 批次 1249：请求 24 词，合格入库 24 词
[phon] 批次 1250：请求 24 词，合格入库 24 词
[phon] 已写出 src\data\phonetics.js（52899 词条）
[phon] 批次 1251：请求 24 词，合格入库 24 词
[phon] 批次 1252：请求 24 词，合格入库 24 词
[phon] 批次 1253：请求 24 词，合格入库 24 词
[phon] 批次 1254：请求 24 词，合格入库 24 词
[phon] 批次 1255：请求 24 词，合格入库 24 词
[phon] 已写出 src\data\phonetics.js（52929 词条）
[phon] 批次 1256：请求 24 词，合格入库 24 词
[phon] 批次 1257：请求 24 词，合格入库 24 词
[phon] 批次 1258：请求 24 词，合格入库 24 词
[phon] 批次 1259：请求 24 词，合格入库 24 词
[phon] 批次 1260：请求 24 词，合格入库 24 词
[phon] 已写出 src\data\phonetics.js（52971 词条）
[phon] 批次 1261：请求 24 词，合格入库 24 词
[phon] 批次 1262：请求 24 词，合格入库 24 词
[phon] 批次 1263：请求 24 词，合格入库 24 词
[phon] 批次 1264：请求 24 词，合格入库 24 词
[phon] 批次 1265：请求 24 词，合格入库 24 词
[phon] 已写出 src\data\phonetics.js（53002 词条）
[phon] 批次 1266：请求 24 词，合格入库 24 词
[phon] 批次 1267：请求 24 词，合格入库 24 词
[phon] 批次 1268：请求 24 词，合格入库 24 词
[phon] 批次 1269：请求 24 词，合格入库 24 词
[phon] 批次 1270：请求 24 词，合格入库 24 词
[phon] 已写出 src\data\phonetics.js（53046 词条）
[phon] 批次 1271：请求 24 词，合格入库 24 词
[phon] 批次 1272：请求 24 词，合格入库 24 词
[phon] 批次 1273：请求 24 词，合格入库 24 词
[phon] 批次 1274：请求 24 词，合格入库 24 词
[phon] 批次 1275：请求 24 词，合格入库 24 词
[phon] 已写出 src\data\phonetics.js（53084 词条）
[phon] 批次 1276：请求 24 词，合格入库 24 词
[phon] 批次 1277：请求 24 词，合格入库 24 词
[phon] 批次 1278：请求 24 词，合格入库 24 词
[phon] 批次 1279：请求 24 词，合格入库 24 词
[phon] 批次 1280：请求 24 词，合格入库 24 词
[phon] 已写出 src\data\phonetics.js（53107 词条）
[phon] 批次 1281：请求 24 词，合格入库 24 词
[phon] 批次 1282：请求 24 词，合格入库 24 词
[phon] 批次 1283：请求 24 词，合格入库 24 词
[phon] 批次 1284：请求 24 词，合格入库 24 词
[phon] 批次 1285：请求 24 词，合格入库 24 词
[phon] 已写出 src\data\phonetics.js（53139 词条）
[phon] 批次 1286：请求 24 词，合格入库 24 词
[phon] 批次 1287：请求 24 词，合格入库 24 词
[phon] 批次 1288：请求 24 词，合格入库 24 词
[phon] 批次 1289：请求 24 词，合格入库 24 词
[phon] 批次 1290：请求 24 词，合格入库 24 词
[phon] 已写出 src\data\phonetics.js（53178 词条）
[phon] 批次 1291：请求 24 词，合格入库 24 词
[phon] 批次 1292：请求 24 词，合格入库 24 词
[phon] 批次 1293：请求 24 词，合格入库 24 词
[phon] 批次 1294：请求 24 词，合格入库 24 词
[phon] 批次 1295：请求 24 词，合格入库 24 词
[phon] 已写出 src\data\phonetics.js（53220 词条）
[phon] 批次 1296：请求 24 词，合格入库 24 词
[phon] 批次 1297：请求 24 词，合格入库 24 词
[phon] 批次 1298：请求 24 词，合格入库 24 词
[phon] 批次 1299：请求 24 词，合格入库 24 词
[phon] 批次 1300：请求 24 词，合格入库 24 词
[phon] 已写出 src\data\phonetics.js（53251 词条）
[phon] 批次 1301：请求 24 词，合格入库 24 词
[phon] 批次 1302：请求 24 词，合格入库 24 词
[phon] 批次 1303：请求 24 词，合格入库 24 词
[phon] 批次 1304：请求 24 词，合格入库 24 词
[phon] 批次 1305：请求 24 词，合格入库 24 词
[phon] 已写出 src\data\phonetics.js（53285 词条）
[phon] 批次 1306：请求 24 词，合格入库 24 词
[phon] 批次 1307：请求 24 词，合格入库 24 词
[phon] 批次 1308：请求 24 词，合格入库 24 词
[phon] 批次 1309：请求 24 词，合格入库 24 词
[phon] 批次 1310：请求 24 词，合格入库 24 词
[phon] 已写出 src\data\phonetics.js（53327 词条）
[phon] 批次 1311：请求 24 词，合格入库 24 词
[phon] 批次 1312：请求 24 词，合格入库 24 词
[phon] 批次 1313：请求 24 词，合格入库 24 词
[phon] 批次 1314：请求 24 词，合格入库 24 词
[phon] 批次 1315：请求 24 词，合格入库 24 词
[phon] 已写出 src\data\phonetics.js（53352 词条）
[phon] 批次 1316：请求 24 词，合格入库 24 词
[phon] 批次 1317：请求 24 词，合格入库 24 词
[phon] 批次 1318：请求 24 词，合格入库 24 词
[phon] 批次 1319：请求 24 词，合格入库 24 词
[phon] 批次 1320：请求 24 词，合格入库 24 词
[phon] 已写出 src\data\phonetics.js（53391 词条）
[phon] 批次 1321：请求 24 词，合格入库 24 词
[phon] 批次 1322：请求 24 词，合格入库 24 词
[phon] 批次 1323：请求 24 词，合格入库 24 词
[phon] 批次 1324：请求 24 词，合格入库 24 词
[phon] 批次 1325：请求 24 词，合格入库 24 词
[phon] 已写出 src\data\phonetics.js（53428 词条）
[phon] 批次 1326：请求 24 词，合格入库 24 词
[phon] 批次 1327：请求 24 词，合格入库 24 词
[phon] 批次 1328：请求 24 词，合格入库 24 词
[phon] 批次 1329：请求 24 词，合格入库 24 词
[phon] 批次 1330：请求 24 词，合格入库 24 词
[phon] 已写出 src\data\phonetics.js（53462 词条）
[phon] 批次 1331：请求 24 词，合格入库 24 词
[phon] 批次 1332：请求 24 词，合格入库 24 词
[phon] 批次 1333：请求 24 词，合格入库 24 词
[phon] 批次 1334：请求 24 词，合格入库 24 词
[phon] 批次 1335：请求 24 词，合格入库 24 词
[phon] 已写出 src\data\phonetics.js（53495 词条）
[phon] 批次 1336：请求 24 词，合格入库 24 词
[phon] 批次 1337：请求 24 词，合格入库 24 词
[phon] 批次 1338：请求 24 词，合格入库 24 词
[phon] 批次 1339：请求 24 词，合格入库 24 词
[phon] 批次 1340：请求 24 词，合格入库 24 词
[phon] 已写出 src\data\phonetics.js（53534 词条）
[phon] 批次 1341：请求 24 词，合格入库 24 词
[phon] 批次 1342：请求 24 词，合格入库 24 词
[phon] 批次 1343：请求 24 词，合格入库 24 词
[phon] 批次 1344：请求 24 词，合格入库 24 词
[phon] 批次 1345：请求 24 词，合格入库 24 词
[phon] 已写出 src\data\phonetics.js（53565 词条）
[phon] 批次 1346：请求 24 词，合格入库 24 词
[phon] 批次 1347：请求 24 词，合格入库 24 词
[phon] 批次 1348：请求 24 词，合格入库 24 词
[phon] 批次 1349：请求 24 词，合格入库 24 词
[phon] 批次 1350：请求 24 词，合格入库 24 词
[phon] 已写出 src\data\phonetics.js（53612 词条）
[phon] 批次 1351：请求 24 词，合格入库 24 词
[phon] 批次 1352：请求 24 词，合格入库 24 词
[phon] 批次 1353：请求 24 词，合格入库 24 词
[phon] 批次 1354：请求 24 词，合格入库 24 词
[phon] 批次 1355：请求 24 词，合格入库 24 词
[phon] 已写出 src\data\phonetics.js（53649 词条）
[phon] 批次 1356：请求 24 词，合格入库 24 词
[phon] 批次 1357：请求 24 词，合格入库 24 词
[phon] 批次 1358：请求 24 词，合格入库 24 词
[phon] 批次 1359：请求 24 词，合格入库 24 词
[phon] 批次 1360：请求 24 词，合格入库 24 词
[phon] 已写出 src\data\phonetics.js（53689 词条）
[phon] 批次 1361：请求 24 词，合格入库 24 词
[phon] 批次 1362：请求 24 词，合格入库 24 词
[phon] 批次 1363：请求 24 词，合格入库 24 词
[phon] 批次 1364：请求 24 词，合格入库 24 词
[phon] 批次 1365：请求 24 词，合格入库 24 词
[phon] 已写出 src\data\phonetics.js（53730 词条）
[phon] 批次 1366：请求 24 词，合格入库 24 词
[phon] 批次 1367：请求 24 词，合格入库 24 词
[phon] 批次 1368：请求 24 词，合格入库 24 词
[phon] 批次 1369：请求 24 词，合格入库 24 词
[phon] 批次 1370：请求 24 词，合格入库 24 词
[phon] 已写出 src\data\phonetics.js（53768 词条）
[phon] 批次 1371：请求 24 词，合格入库 24 词
[phon] 批次 1372：请求 24 词，合格入库 24 词
[phon] 批次 1373：请求 24 词，合格入库 24 词
[phon] 批次 1374：请求 24 词，合格入库 24 词
[phon] 批次 1375：请求 24 词，合格入库 24 词
[phon] 已写出 src\data\phonetics.js（53807 词条）
[phon] 批次 1376：请求 24 词，合格入库 24 词
[phon] 批次 1377：请求 24 词，合格入库 24 词
[phon] 批次 1378：请求 24 词，合格入库 24 词
[phon] 批次 1379：请求 24 词，合格入库 24 词
[phon] 批次 1380：请求 24 词，合格入库 24 词
[phon] 已写出 src\data\phonetics.js（53846 词条）
[phon] 批次 1381：请求 24 词，合格入库 24 词
[phon] 批次 1382：请求 24 词，合格入库 24 词
[phon] 批次 1383：请求 24 词，合格入库 24 词
[phon] 批次 1384：请求 24 词，合格入库 24 词
[phon] 批次 1385：请求 24 词，合格入库 24 词
[phon] 已写出 src\data\phonetics.js（53882 词条）
[phon] 批次 1386：请求 24 词，合格入库 24 词
[phon] 批次 1387：请求 24 词，合格入库 24 词
[phon] 批次 1388：请求 24 词，合格入库 24 词
[phon] 批次 1389：请求 24 词，合格入库 24 词
[phon] 批次 1390：请求 24 词，合格入库 24 词
[phon] 已写出 src\data\phonetics.js（53922 词条）
[phon] 批次 1391：请求 24 词，合格入库 24 词
[phon] 批次 1392：请求 24 词，合格入库 24 词
[phon] 批次 1393：请求 24 词，合格入库 24 词
[phon] 批次 1394：请求 24 词，合格入库 24 词
[phon] 批次 1395：请求 24 词，合格入库 24 词
[phon] 已写出 src\data\phonetics.js（53970 词条）
[phon] 批次 1396：请求 24 词，合格入库 24 词
[phon] 批次 1397：请求 24 词，合格入库 24 词
[phon] 批次 1398：请求 24 词，合格入库 24 词
[phon] 批次 1399：请求 24 词，合格入库 24 词
[phon] 批次 1400：请求 24 词，合格入库 24 词
[phon] 已写出 src\data\phonetics.js（54016 词条）
[phon] 批次 1401：请求 24 词，合格入库 24 词
[phon] 批次 1402：请求 24 词，合格入库 24 词
[phon] 批次 1403：请求 24 词，合格入库 24 词
[phon] 批次 1404：请求 24 词，合格入库 24 词
[phon] 批次 1405：请求 24 词，合格入库 24 词
[phon] 已写出 src\data\phonetics.js（54054 词条）
[phon] 批次 1406：请求 24 词，合格入库 24 词
[phon] 批次 1407：请求 24 词，合格入库 24 词
[phon] 批次 1408：请求 24 词，合格入库 24 词
[phon] 批次 1409：请求 24 词，合格入库 24 词
[phon] 批次 1410：请求 24 词，合格入库 24 词
[phon] 已写出 src\data\phonetics.js（54089 词条）
[phon] 批次 1411：请求 24 词，合格入库 24 词
[phon] 批次 1412：请求 24 词，合格入库 24 词
[phon] 批次 1413：请求 24 词，合格入库 24 词
[phon] 批次 1414：请求 24 词，合格入库 24 词
[phon] 批次 1415：请求 24 词，合格入库 24 词
[phon] 已写出 src\data\phonetics.js（54127 词条）
[phon] 批次 1416：请求 24 词，合格入库 24 词
[phon] 批次 1417：请求 24 词，合格入库 24 词
[phon] 批次 1418：请求 24 词，合格入库 24 词
[phon] 批次 1419：请求 24 词，合格入库 24 词
[phon] 批次 1420：请求 24 词，合格入库 24 词
[phon] 已写出 src\data\phonetics.js（54167 词条）
[phon] 批次 1421：请求 24 词，合格入库 24 词
[phon] 批次 1422：请求 24 词，合格入库 24 词
[phon] 批次 1423：请求 24 词，合格入库 24 词
[phon] 批次 1424：请求 24 词，合格入库 24 词
[phon] 批次 1425：请求 24 词，合格入库 24 词
[phon] 已写出 src\data\phonetics.js（54202 词条）
[phon] 批次 1426：请求 24 词，合格入库 24 词
[phon] 批次 1427：请求 24 词，合格入库 24 词
[phon] 批次 1428：请求 24 词，合格入库 24 词
[phon] 批次 1429：请求 24 词，合格入库 24 词
[phon] 批次 1430：请求 24 词，合格入库 24 词
[phon] 已写出 src\data\phonetics.js（54244 词条）
[phon] 批次 1431：请求 24 词，合格入库 24 词
[phon] 批次 1432：请求 24 词，合格入库 24 词
[phon] 批次 1433：请求 24 词，合格入库 24 词
[phon] 批次 1434：请求 24 词，合格入库 24 词
[phon] 批次 1435：请求 24 词，合格入库 24 词
[phon] 已写出 src\data\phonetics.js（54289 词条）
[phon] 批次 1436：请求 24 词，合格入库 24 词
[phon] 批次 1437：请求 24 词，合格入库 24 词
[phon] 批次 1438：请求 24 词，合格入库 24 词
[phon] 批次 1439：请求 24 词，合格入库 24 词
[phon] 批次 1440：请求 24 词，合格入库 24 词
[phon] 已写出 src\data\phonetics.js（54341 词条）
[phon] 批次 1441：请求 24 词，合格入库 24 词
[phon] 批次 1442：请求 24 词，合格入库 24 词
[phon] 批次 1443：请求 24 词，合格入库 24 词
[phon] 批次 1444：请求 24 词，合格入库 24 词
[phon] 批次 1445：请求 24 词，合格入库 24 词
[phon] 已写出 src\data\phonetics.js（54373 词条）
[phon] 批次 1446：请求 24 词，合格入库 24 词
[phon] 批次 1447：请求 24 词，合格入库 24 词
[phon] 批次 1448：请求 24 词，合格入库 24 词
[phon] 批次 1449：请求 24 词，合格入库 24 词
[phon] 批次 1450：请求 24 词，合格入库 24 词
[phon] 已写出 src\data\phonetics.js（54411 词条）
[phon] 批次 1451：请求 24 词，合格入库 24 词
[phon] 批次 1452：请求 24 词，合格入库 24 词
[phon] 批次 1453：请求 24 词，合格入库 24 词
[phon] 批次 1454：请求 24 词，合格入库 24 词
[phon] 批次 1455：请求 24 词，合格入库 24 词
[phon] 已写出 src\data\phonetics.js（54449 词条）
[phon] 批次 1456：请求 24 词，合格入库 24 词
[phon] 批次 1457：请求 24 词，合格入库 24 词
[phon] 批次 1458：请求 24 词，合格入库 24 词
[phon] 批次 1459：请求 24 词，合格入库 24 词
[phon] 批次 1460：请求 24 词，合格入库 24 词
[phon] 已写出 src\data\phonetics.js（54484 词条）
[phon] 批次 1461：请求 24 词，合格入库 24 词
[phon] 批次 1462：请求 24 词，合格入库 24 词
[phon] 批次 1463：请求 24 词，合格入库 24 词
[phon] 批次 1464：请求 24 词，合格入库 24 词
[phon] 批次 1465：请求 24 词，合格入库 24 词
[phon] 已写出 src\data\phonetics.js（54531 词条）
[phon] 批次 1466：请求 24 词，合格入库 24 词
[phon] 批次 1467：请求 24 词，合格入库 24 词
[phon] 批次 1468：请求 24 词，合格入库 24 词
[phon] 批次 1469：请求 24 词，合格入库 24 词
[phon] 批次 1470：请求 24 词，合格入库 24 词
[phon] 已写出 src\data\phonetics.js（54573 词条）
[phon] 批次 1471：请求 24 词，合格入库 24 词
[phon] 批次 1472：请求 24 词，合格入库 24 词
[phon] 批次 1473：请求 24 词，合格入库 24 词
[phon] 批次 1474：请求 24 词，合格入库 24 词
[phon] 批次 1475：请求 24 词，合格入库 24 词
[phon] 已写出 src\data\phonetics.js（54619 词条）
[phon] 批次 1476：请求 24 词，合格入库 24 词
[phon] 批次 1477：请求 24 词，合格入库 24 词
[phon] 批次 1478：请求 24 词，合格入库 24 词
[phon] 批次 1479：请求 24 词，合格入库 24 词
[phon] 批次 1480：请求 24 词，合格入库 24 词
[phon] 已写出 src\data\phonetics.js（54667 词条）
[phon] 批次 1481：请求 24 词，合格入库 24 词
[phon] 批次 1482：请求 24 词，合格入库 24 词
[phon] 批次 1483：请求 24 词，合格入库 24 词
[phon] 批次 1484：请求 24 词，合格入库 24 词
[phon] 批次 1485：请求 24 词，合格入库 24 词
[phon] 已写出 src\data\phonetics.js（54714 词条）
[phon] 批次 1486：请求 24 词，合格入库 24 词
[phon] 批次 1487：请求 24 词，合格入库 24 词
[phon] 批次 1488：请求 24 词，合格入库 24 词
[phon] 批次 1489：请求 24 词，合格入库 24 词
[phon] 批次 1490：请求 24 词，合格入库 24 词
[phon] 已写出 src\data\phonetics.js（54759 词条）
[phon] 批次 1491：请求 24 词，合格入库 24 词
[phon] 批次 1492：请求 24 词，合格入库 24 词
[phon] 批次 1493：请求 24 词，合格入库 24 词
[phon] 批次 1494：请求 24 词，合格入库 24 词
[phon] 批次 1495：请求 24 词，合格入库 24 词
[phon] 已写出 src\data\phonetics.js（54797 词条）
[phon] 批次 1496：请求 24 词，合格入库 24 词
[phon] 批次 1497：请求 24 词，合格入库 24 词
[phon] 批次 1498：请求 24 词，合格入库 24 词
[phon] 批次 1499：请求 24 词，合格入库 24 词
[phon] 批次 1500：请求 24 词，合格入库 24 词
[phon] 已写出 src\data\phonetics.js（54834 词条）
[phon] 批次 1501：请求 24 词，合格入库 24 词
[phon] 批次 1502：请求 24 词，合格入库 24 词
[phon] 批次 1503：请求 24 词，合格入库 24 词
[phon] 批次 1504：请求 24 词，合格入库 24 词
[phon] 批次 1505：请求 24 词，合格入库 24 词
[phon] 已写出 src\data\phonetics.js（54879 词条）
[phon] 批次 1506：请求 24 词，合格入库 24 词
[phon] 批次 1507：请求 24 词，合格入库 24 词
[phon] 批次 1508：请求 24 词，合格入库 24 词
[phon] 批次 1509：请求 24 词，合格入库 24 词
[phon] 批次 1510：请求 24 词，合格入库 24 词
[phon] 已写出 src\data\phonetics.js（54934 词条）
[phon] 批次 1511：请求 24 词，合格入库 24 词
[phon] 批次 1512：请求 24 词，合格入库 24 词
[phon] 批次 1513：请求 24 词，合格入库 24 词
[phon] 批次 1514：请求 24 词，合格入库 24 词
[phon] 批次 1515：请求 24 词，合格入库 24 词
[phon] 已写出 src\data\phonetics.js（54971 词条）
[phon] 批次 1516：请求 24 词，合格入库 24 词
[phon] 批次 1517：请求 24 词，合格入库 24 词
[phon] 批次 1518：请求 24 词，合格入库 24 词
[phon] 批次 1519：请求 24 词，合格入库 24 词
[phon] 批次 1520：请求 24 词，合格入库 24 词
[phon] 已写出 src\data\phonetics.js（55021 词条）
[phon] 批次 1521：请求 24 词，合格入库 24 词
[phon] 批次 1522：请求 24 词，合格入库 24 词
[phon] 批次 1523：请求 24 词，合格入库 24 词
[phon] 批次 1524 失败：Expected ',' or '}' after property value in JSON at position 141 (line 1 column 142)；30 秒后重试本批（已入库进度不受影响）
[phon] 批次 1524：请求 24 词，合格入库 24 词
[phon] 批次 1525：请求 24 词，合格入库 23 词
[phon] 已写出 src\data\phonetics.js（55056 词条）
[phon] 批次 1526：请求 24 词，合格入库 24 词
[phon] 批次 1527：请求 24 词，合格入库 24 词
[phon] 批次 1528：请求 24 词，合格入库 24 词
[phon] 批次 1529：请求 24 词，合格入库 24 词
[phon] 批次 1530：请求 24 词，合格入库 24 词
[phon] 已写出 src\data\phonetics.js（55102 词条）
[phon] 批次 1531：请求 24 词，合格入库 24 词
[phon] 批次 1532：请求 24 词，合格入库 24 词
[phon] 批次 1533：请求 24 词，合格入库 24 词
[phon] 批次 1534：请求 24 词，合格入库 24 词
[phon] 批次 1535：请求 24 词，合格入库 24 词
[phon] 已写出 src\data\phonetics.js（55147 词条）
[phon] 批次 1536：请求 24 词，合格入库 24 词
[phon] 批次 1537：请求 24 词，合格入库 24 词
[phon] 批次 1538：请求 24 词，合格入库 24 词
[phon] 批次 1539：请求 24 词，合格入库 24 词
[phon] 批次 1540：请求 24 词，合格入库 24 词
[phon] 已写出 src\data\phonetics.js（55183 词条）
[phon] 批次 1541：请求 24 词，合格入库 24 词
[phon] 批次 1542：请求 24 词，合格入库 24 词
[phon] 批次 1543：请求 24 词，合格入库 24 词
[phon] 批次 1544：请求 24 词，合格入库 24 词
[phon] 批次 1545：请求 24 词，合格入库 24 词
[phon] 已写出 src\data\phonetics.js（55227 词条）
[phon] 批次 1546：请求 24 词，合格入库 24 词
[phon] 批次 1547：请求 24 词，合格入库 24 词
[phon] 批次 1548：请求 24 词，合格入库 24 词
[phon] 批次 1549：请求 24 词，合格入库 24 词
[phon] 批次 1550：请求 24 词，合格入库 24 词
[phon] 已写出 src\data\phonetics.js（55271 词条）
[phon] 批次 1551：请求 24 词，合格入库 24 词
[phon] 批次 1552：请求 24 词，合格入库 24 词
[phon] 批次 1553：请求 24 词，合格入库 24 词
[phon] 批次 1554：请求 24 词，合格入库 24 词
[phon] 批次 1555：请求 24 词，合格入库 24 词
[phon] 已写出 src\data\phonetics.js（55313 词条）
[phon] 批次 1556：请求 24 词，合格入库 24 词
[phon] 批次 1557：请求 24 词，合格入库 24 词
[phon] 批次 1558：请求 24 词，合格入库 24 词
[phon] 批次 1559：请求 24 词，合格入库 24 词
[phon] 批次 1560：请求 24 词，合格入库 24 词
[phon] 已写出 src\data\phonetics.js（55359 词条）
[phon] 批次 1561：请求 24 词，合格入库 24 词
[phon] 批次 1562：请求 24 词，合格入库 24 词
[phon] 批次 1563：请求 24 词，合格入库 24 词
[phon] 批次 1564：请求 24 词，合格入库 24 词
[phon] 批次 1565：请求 24 词，合格入库 24 词
[phon] 已写出 src\data\phonetics.js（55402 词条）
[phon] 批次 1566：请求 24 词，合格入库 24 词
[phon] 批次 1567：请求 24 词，合格入库 24 词
[phon] 批次 1568：请求 24 词，合格入库 24 词
[phon] 批次 1569：请求 24 词，合格入库 24 词
[phon] 批次 1570：请求 24 词，合格入库 24 词
[phon] 已写出 src\data\phonetics.js（55445 词条）
[phon] 批次 1571：请求 24 词，合格入库 24 词
[phon] 批次 1572：请求 24 词，合格入库 24 词
[phon] 批次 1573：请求 24 词，合格入库 24 词
[phon] 批次 1574：请求 24 词，合格入库 24 词
[phon] 批次 1575：请求 24 词，合格入库 24 词
[phon] 已写出 src\data\phonetics.js（55489 词条）
[phon] 批次 1576：请求 24 词，合格入库 24 词
[phon] 批次 1577：请求 24 词，合格入库 24 词
[phon] 批次 1578：请求 24 词，合格入库 24 词
[phon] 批次 1579：请求 24 词，合格入库 24 词
[phon] 批次 1580：请求 24 词，合格入库 24 词
[phon] 已写出 src\data\phonetics.js（55532 词条）
[phon] 批次 1581：请求 24 词，合格入库 24 词
[phon] 批次 1582：请求 24 词，合格入库 24 词
[phon] 批次 1583：请求 24 词，合格入库 24 词
[phon] 批次 1584：请求 24 词，合格入库 24 词
[phon] 批次 1585：请求 24 词，合格入库 24 词
[phon] 已写出 src\data\phonetics.js（55578 词条）
[phon] 批次 1586：请求 24 词，合格入库 24 词
[phon] 批次 1587：请求 24 词，合格入库 24 词
[phon] 批次 1588：请求 24 词，合格入库 24 词
[phon] 批次 1589：请求 24 词，合格入库 24 词
[phon] 批次 1590：请求 24 词，合格入库 24 词
[phon] 已写出 src\data\phonetics.js（55615 词条）
[phon] 批次 1591：请求 24 词，合格入库 24 词
[phon] 批次 1592：请求 24 词，合格入库 24 词
[phon] 批次 1593：请求 24 词，合格入库 24 词
[phon] 批次 1594：请求 24 词，合格入库 24 词
[phon] 批次 1595：请求 24 词，合格入库 24 词
[phon] 已写出 src\data\phonetics.js（55654 词条）
[phon] 批次 1596：请求 24 词，合格入库 24 词
[phon] 批次 1597：请求 24 词，合格入库 24 词
[phon] 批次 1598：请求 24 词，合格入库 24 词
[phon] 批次 1599：请求 24 词，合格入库 24 词
[phon] 批次 1600：请求 24 词，合格入库 24 词
[phon] 已写出 src\data\phonetics.js（55704 词条）
[phon] 批次 1601：请求 24 词，合格入库 24 词
[phon] 批次 1602：请求 24 词，合格入库 24 词
[phon] 批次 1603：请求 24 词，合格入库 24 词
[phon] 批次 1604：请求 24 词，合格入库 24 词
[phon] 批次 1605：请求 24 词，合格入库 24 词
[phon] 已写出 src\data\phonetics.js（55751 词条）
[phon] 批次 1606：请求 24 词，合格入库 24 词
[phon] 批次 1607：请求 24 词，合格入库 24 词
[phon] 批次 1608：请求 24 词，合格入库 24 词
[phon] 批次 1609：请求 24 词，合格入库 24 词
[phon] 批次 1610：请求 24 词，合格入库 24 词
[phon] 已写出 src\data\phonetics.js（55800 词条）
[phon] 批次 1611：请求 24 词，合格入库 24 词
[phon] 批次 1612：请求 24 词，合格入库 24 词
[phon] 批次 1613：请求 24 词，合格入库 24 词
[phon] 批次 1614：请求 24 词，合格入库 24 词
[phon] 批次 1615：请求 24 词，合格入库 24 词
[phon] 已写出 src\data\phonetics.js（55838 词条）
[phon] 批次 1616：请求 24 词，合格入库 24 词
[phon] 批次 1617：请求 24 词，合格入库 24 词
[phon] 批次 1618：请求 24 词，合格入库 24 词
[phon] 批次 1619：请求 24 词，合格入库 24 词
[phon] 批次 1620：请求 24 词，合格入库 24 词
[phon] 已写出 src\data\phonetics.js（55884 词条）
[phon] 批次 1621：请求 24 词，合格入库 24 词
[phon] 批次 1622：请求 24 词，合格入库 24 词
[phon] 批次 1623：请求 24 词，合格入库 24 词
[phon] 批次 1624：请求 24 词，合格入库 24 词
[phon] 批次 1625：请求 24 词，合格入库 23 词
[phon] 已写出 src\data\phonetics.js（55932 词条）
[phon] 批次 1626：请求 24 词，合格入库 24 词
[phon] 批次 1627：请求 24 词，合格入库 24 词
[phon] 批次 1628：请求 24 词，合格入库 24 词
[phon] 批次 1629：请求 24 词，合格入库 24 词
[phon] 批次 1630：请求 24 词，合格入库 24 词
[phon] 已写出 src\data\phonetics.js（55967 词条）
[phon] 批次 1631：请求 24 词，合格入库 24 词
[phon] 批次 1632：请求 24 词，合格入库 24 词
[phon] 批次 1633：请求 24 词，合格入库 24 词
[phon] 批次 1634：请求 24 词，合格入库 24 词
[phon] 批次 1635：请求 24 词，合格入库 24 词
[phon] 已写出 src\data\phonetics.js（56008 词条）
[phon] 批次 1636：请求 24 词，合格入库 24 词
[phon] 批次 1637：请求 24 词，合格入库 24 词
[phon] 批次 1638：请求 24 词，合格入库 24 词
[phon] 批次 1639：请求 24 词，合格入库 24 词
[phon] 批次 1640：请求 24 词，合格入库 24 词
[phon] 已写出 src\data\phonetics.js（56051 词条）
[phon] 批次 1641：请求 24 词，合格入库 24 词
[phon] 批次 1642：请求 24 词，合格入库 23 词
[phon] 批次 1643：请求 24 词，合格入库 24 词
[phon] 批次 1644：请求 24 词，合格入库 24 词
[phon] 批次 1645：请求 24 词，合格入库 24 词
[phon] 已写出 src\data\phonetics.js（56104 词条）
[phon] 批次 1646：请求 24 词，合格入库 24 词
[phon] 批次 1647：请求 24 词，合格入库 24 词
[phon] 批次 1648：请求 24 词，合格入库 24 词
[phon] 批次 1649：请求 24 词，合格入库 24 词
[phon] 批次 1650：请求 24 词，合格入库 24 词
[phon] 已写出 src\data\phonetics.js（56149 词条）
[phon] 批次 1651：请求 24 词，合格入库 24 词
[phon] 批次 1652：请求 24 词，合格入库 24 词
[phon] 批次 1653：请求 24 词，合格入库 24 词
[phon] 批次 1654：请求 24 词，合格入库 24 词
[phon] 批次 1655：请求 24 词，合格入库 24 词
[phon] 已写出 src\data\phonetics.js（56210 词条）
[phon] 批次 1656：请求 24 词，合格入库 24 词
[phon] 批次 1657：请求 24 词，合格入库 24 词
[phon] 批次 1658：请求 24 词，合格入库 24 词
[phon] 批次 1659：请求 24 词，合格入库 24 词
[phon] 批次 1660：请求 24 词，合格入库 24 词
[phon] 已写出 src\data\phonetics.js（56257 词条）
[phon] 批次 1661：请求 24 词，合格入库 24 词
[phon] 批次 1662：请求 24 词，合格入库 24 词
[phon] 批次 1663：请求 24 词，合格入库 24 词
[phon] 批次 1664：请求 24 词，合格入库 24 词
[phon] 批次 1665：请求 24 词，合格入库 24 词
[phon] 已写出 src\data\phonetics.js（56307 词条）
[phon] 批次 1666：请求 24 词，合格入库 24 词
[phon] 批次 1667：请求 24 词，合格入库 24 词
[phon] 批次 1668：请求 24 词，合格入库 24 词
[phon] 批次 1669：请求 24 词，合格入库 24 词
[phon] 批次 1670：请求 24 词，合格入库 24 词
[phon] 已写出 src\data\phonetics.js（56354 词条）
[phon] 批次 1671：请求 24 词，合格入库 24 词
[phon] 批次 1672：请求 24 词，合格入库 24 词
[phon] 批次 1673：请求 24 词，合格入库 24 词
[phon] 批次 1674：请求 24 词，合格入库 24 词
[phon] 批次 1675：请求 24 词，合格入库 24 词
[phon] 已写出 src\data\phonetics.js（56396 词条）
[phon] 批次 1676：请求 24 词，合格入库 24 词
[phon] 批次 1677：请求 24 词，合格入库 24 词
[phon] 批次 1678：请求 24 词，合格入库 24 词
[phon] 批次 1679：请求 24 词，合格入库 24 词
[phon] 批次 1680：请求 24 词，合格入库 24 词
[phon] 已写出 src\data\phonetics.js（56443 词条）
[phon] 批次 1681：请求 24 词，合格入库 24 词
[phon] 批次 1682：请求 24 词，合格入库 24 词
[phon] 批次 1683：请求 24 词，合格入库 24 词
[phon] 批次 1684：请求 24 词，合格入库 24 词
[phon] 批次 1685：请求 24 词，合格入库 24 词
[phon] 已写出 src\data\phonetics.js（56486 词条）
[phon] 批次 1686：请求 24 词，合格入库 24 词
[phon] 批次 1687：请求 24 词，合格入库 24 词
[phon] 批次 1688：请求 24 词，合格入库 24 词
[phon] 批次 1689：请求 24 词，合格入库 24 词
[phon] 批次 1690：请求 24 词，合格入库 24 词
[phon] 已写出 src\data\phonetics.js（56534 词条）
[phon] 批次 1691：请求 24 词，合格入库 24 词
[phon] 批次 1692：请求 24 词，合格入库 24 词
[phon] 批次 1693：请求 24 词，合格入库 24 词
[phon] 批次 1694：请求 24 词，合格入库 24 词
[phon] 批次 1695：请求 24 词，合格入库 24 词
[phon] 已写出 src\data\phonetics.js（56578 词条）
[phon] 批次 1696：请求 24 词，合格入库 24 词
[phon] 批次 1697：请求 24 词，合格入库 24 词
[phon] 批次 1698：请求 24 词，合格入库 24 词
[phon] 批次 1699：请求 24 词，合格入库 24 词
[phon] 批次 1700：请求 24 词，合格入库 24 词
[phon] 已写出 src\data\phonetics.js（56626 词条）
[phon] 批次 1701：请求 24 词，合格入库 24 词
[phon] 批次 1702：请求 24 词，合格入库 24 词
[phon] 批次 1703：请求 24 词，合格入库 24 词
[phon] 批次 1704：请求 24 词，合格入库 24 词
[phon] 批次 1705：请求 24 词，合格入库 24 词
[phon] 已写出 src\data\phonetics.js（56675 词条）
[phon] 批次 1706：请求 24 词，合格入库 24 词
[phon] 批次 1707：请求 24 词，合格入库 24 词
[phon] 批次 1708：请求 24 词，合格入库 24 词
[phon] 批次 1709：请求 24 词，合格入库 24 词
[phon] 批次 1710：请求 24 词，合格入库 24 词
[phon] 已写出 src\data\phonetics.js（56731 词条）
[phon] 批次 1711：请求 24 词，合格入库 24 词
[phon] 批次 1712：请求 24 词，合格入库 24 词
[phon] 批次 1713：请求 24 词，合格入库 24 词
[phon] 批次 1714：请求 24 词，合格入库 24 词
[phon] 批次 1715：请求 24 词，合格入库 24 词
[phon] 已写出 src\data\phonetics.js（56781 词条）
[phon] 批次 1716：请求 24 词，合格入库 24 词
[phon] 批次 1717：请求 24 词，合格入库 24 词
[phon] 批次 1718：请求 24 词，合格入库 24 词
[phon] 批次 1719：请求 24 词，合格入库 24 词
[phon] 批次 1720：请求 24 词，合格入库 24 词
[phon] 已写出 src\data\phonetics.js（56827 词条）
[phon] 批次 1721：请求 24 词，合格入库 24 词
[phon] 批次 1722：请求 24 词，合格入库 24 词
[phon] 批次 1723：请求 24 词，合格入库 24 词
[phon] 批次 1724：请求 24 词，合格入库 24 词
[phon] 批次 1725：请求 24 词，合格入库 24 词
[phon] 已写出 src\data\phonetics.js（56875 词条）
[phon] 批次 1726：请求 24 词，合格入库 24 词
[phon] 批次 1727：请求 24 词，合格入库 24 词
[phon] 批次 1728：请求 24 词，合格入库 24 词
[phon] 批次 1729：请求 24 词，合格入库 24 词
[phon] 批次 1730：请求 24 词，合格入库 24 词
[phon] 已写出 src\data\phonetics.js（56913 词条）
[phon] 批次 1731：请求 24 词，合格入库 24 词
[phon] 批次 1732：请求 24 词，合格入库 24 词
[phon] 批次 1733：请求 24 词，合格入库 24 词
[phon] 批次 1734：请求 24 词，合格入库 24 词
[phon] 批次 1735：请求 24 词，合格入库 24 词
[phon] 已写出 src\data\phonetics.js（56962 词条）
[phon] 批次 1736：请求 24 词，合格入库 24 词
[phon] 批次 1737：请求 24 词，合格入库 24 词
[phon] 批次 1738：请求 24 词，合格入库 24 词
[phon] 批次 1739：请求 24 词，合格入库 24 词
[phon] 批次 1740：请求 24 词，合格入库 24 词
[phon] 已写出 src\data\phonetics.js（57009 词条）
[phon] 批次 1741：请求 24 词，合格入库 24 词
[phon] 批次 1742：请求 24 词，合格入库 24 词
[phon] 批次 1743：请求 24 词，合格入库 24 词
[phon] 批次 1744：请求 24 词，合格入库 24 词
[phon] 批次 1745：请求 24 词，合格入库 24 词
[phon] 已写出 src\data\phonetics.js（57062 词条）
[phon] 批次 1746：请求 24 词，合格入库 24 词
[phon] 批次 1747：请求 24 词，合格入库 24 词
[phon] 批次 1748：请求 24 词，合格入库 24 词
[phon] 批次 1749：请求 24 词，合格入库 24 词
[phon] 批次 1750：请求 24 词，合格入库 24 词
[phon] 已写出 src\data\phonetics.js（57117 词条）
[phon] 批次 1751：请求 24 词，合格入库 24 词
[phon] 批次 1752：请求 24 词，合格入库 24 词
[phon] 批次 1753：请求 24 词，合格入库 24 词
[phon] 批次 1754：请求 24 词，合格入库 24 词
[phon] 批次 1755：请求 24 词，合格入库 24 词
[phon] 已写出 src\data\phonetics.js（57162 词条）
[phon] 批次 1756：请求 24 词，合格入库 24 词
[phon] 批次 1757：请求 24 词，合格入库 24 词
[phon] 批次 1758：请求 24 词，合格入库 24 词
[phon] 批次 1759：请求 24 词，合格入库 24 词
[phon] 批次 1760：请求 24 词，合格入库 24 词
[phon] 已写出 src\data\phonetics.js（57215 词条）
[phon] 批次 1761：请求 24 词，合格入库 24 词
[phon] 批次 1762：请求 24 词，合格入库 24 词
[phon] 批次 1763：请求 24 词，合格入库 24 词
[phon] 批次 1764：请求 24 词，合格入库 24 词
[phon] 批次 1765：请求 24 词，合格入库 24 词
[phon] 已写出 src\data\phonetics.js（57268 词条）
[phon] 批次 1766：请求 24 词，合格入库 24 词
[phon] 批次 1767：请求 24 词，合格入库 24 词
[phon] 批次 1768：请求 24 词，合格入库 24 词
[phon] 批次 1769：请求 24 词，合格入库 24 词
[phon] 批次 1770：请求 24 词，合格入库 24 词
[phon] 已写出 src\data\phonetics.js（57318 词条）
[phon] 批次 1771：请求 24 词，合格入库 24 词
[phon] 批次 1772：请求 24 词，合格入库 24 词
[phon] 批次 1773：请求 24 词，合格入库 24 词
[phon] 批次 1774：请求 24 词，合格入库 24 词
[phon] 批次 1775：请求 24 词，合格入库 24 词
[phon] 已写出 src\data\phonetics.js（57374 词条）
[phon] 批次 1776：请求 24 词，合格入库 24 词
[phon] 批次 1777：请求 24 词，合格入库 24 词
[phon] 批次 1778：请求 24 词，合格入库 24 词
[phon] 批次 1779：请求 24 词，合格入库 24 词
[phon] 批次 1780：请求 24 词，合格入库 24 词
[phon] 已写出 src\data\phonetics.js（57427 词条）
[phon] 批次 1781：请求 24 词，合格入库 24 词
[phon] 批次 1782：请求 24 词，合格入库 24 词
[phon] 批次 1783：请求 24 词，合格入库 24 词
[phon] 批次 1784：请求 24 词，合格入库 24 词
[phon] 批次 1785：请求 24 词，合格入库 24 词
[phon] 已写出 src\data\phonetics.js（57480 词条）
[phon] 批次 1786：请求 24 词，合格入库 24 词
[phon] 批次 1787：请求 24 词，合格入库 24 词
[phon] 批次 1788：请求 24 词，合格入库 24 词
[phon] 批次 1789：请求 24 词，合格入库 24 词
[phon] 批次 1790：请求 24 词，合格入库 24 词
[phon] 已写出 src\data\phonetics.js（57526 词条）
[phon] 批次 1791：请求 24 词，合格入库 24 词
[phon] 批次 1792：请求 24 词，合格入库 24 词
[phon] 批次 1793 失败：Expected ',' or '}' after property value in JSON at position 673 (line 1 column 674)；30 秒后重试本批（已入库进度不受影响）
[phon] 批次 1793：请求 24 词，合格入库 24 词
[phon] 批次 1794：请求 24 词，合格入库 24 词
[phon] 批次 1795：请求 24 词，合格入库 24 词
[phon] 已写出 src\data\phonetics.js（57580 词条）
[phon] 批次 1796：请求 24 词，合格入库 24 词
[phon] 批次 1797：请求 24 词，合格入库 24 词
[phon] 批次 1798：请求 24 词，合格入库 24 词
[phon] 批次 1799：请求 24 词，合格入库 24 词
[phon] 批次 1800：请求 24 词，合格入库 24 词
[phon] 已写出 src\data\phonetics.js（57630 词条）
[phon] 批次 1801：请求 24 词，合格入库 24 词
[phon] 批次 1802：请求 24 词，合格入库 24 词
[phon] 批次 1803：请求 24 词，合格入库 24 词
[phon] 批次 1804：请求 24 词，合格入库 24 词
[phon] 批次 1805：请求 24 词，合格入库 24 词
[phon] 已写出 src\data\phonetics.js（57674 词条）
[phon] 批次 1806：请求 24 词，合格入库 24 词
[phon] 批次 1807：请求 24 词，合格入库 24 词
[phon] 批次 1808：请求 24 词，合格入库 24 词
[phon] 批次 1809：请求 24 词，合格入库 24 词
[phon] 批次 1810：请求 24 词，合格入库 24 词
[phon] 已写出 src\data\phonetics.js（57727 词条）
[phon] 批次 1811：请求 24 词，合格入库 24 词
[phon] 批次 1812：请求 24 词，合格入库 24 词
[phon] 批次 1813：请求 24 词，合格入库 24 词
[phon] 批次 1814：请求 24 词，合格入库 24 词
[phon] 批次 1815：请求 24 词，合格入库 24 词
[phon] 已写出 src\data\phonetics.js（57774 词条）
[phon] 批次 1816：请求 24 词，合格入库 24 词
[phon] 批次 1817：请求 24 词，合格入库 24 词
[phon] 批次 1818：请求 24 词，合格入库 24 词
[phon] 批次 1819：请求 24 词，合格入库 24 词
[phon] 批次 1820：请求 24 词，合格入库 24 词
[phon] 已写出 src\data\phonetics.js（57824 词条）
[phon] 批次 1821：请求 24 词，合格入库 24 词
[phon] 批次 1822：请求 24 词，合格入库 24 词
[phon] 批次 1823：请求 24 词，合格入库 24 词
[phon] 批次 1824：请求 24 词，合格入库 24 词
[phon] 批次 1825：请求 24 词，合格入库 24 词
[phon] 已写出 src\data\phonetics.js（57871 词条）
[phon] 批次 1826：请求 24 词，合格入库 24 词
[phon] 批次 1827：请求 24 词，合格入库 24 词
[phon] 批次 1828：请求 24 词，合格入库 24 词
[phon] 批次 1829：请求 24 词，合格入库 24 词
[phon] 批次 1830：请求 24 词，合格入库 24 词
[phon] 已写出 src\data\phonetics.js（57917 词条）
[phon] 批次 1831：请求 24 词，合格入库 24 词
[phon] 批次 1832：请求 24 词，合格入库 24 词
[phon] 批次 1833：请求 24 词，合格入库 24 词
[phon] 批次 1834：请求 24 词，合格入库 24 词
[phon] 批次 1835：请求 24 词，合格入库 24 词
[phon] 已写出 src\data\phonetics.js（57969 词条）
[phon] 批次 1836：请求 24 词，合格入库 24 词
[phon] 批次 1837：请求 24 词，合格入库 24 词
[phon] 批次 1838：请求 24 词，合格入库 24 词
[phon] 批次 1839：请求 24 词，合格入库 24 词
[phon] 批次 1840：请求 24 词，合格入库 24 词
[phon] 已写出 src\data\phonetics.js（58013 词条）
[phon] 批次 1841：请求 24 词，合格入库 24 词
[phon] 批次 1842：请求 24 词，合格入库 24 词
[phon] 批次 1843：请求 24 词，合格入库 24 词
[phon] 批次 1844：请求 24 词，合格入库 24 词
[phon] 批次 1845：请求 24 词，合格入库 24 词
[phon] 已写出 src\data\phonetics.js（58068 词条）
[phon] 批次 1846：请求 24 词，合格入库 24 词
[phon] 批次 1847：请求 24 词，合格入库 24 词
[phon] 批次 1848：请求 24 词，合格入库 24 词
[phon] 批次 1849：请求 24 词，合格入库 24 词
[phon] 批次 1850：请求 24 词，合格入库 24 词
[phon] 已写出 src\data\phonetics.js（58120 词条）
[phon] 批次 1851：请求 24 词，合格入库 24 词
[phon] 批次 1852：请求 24 词，合格入库 24 词
[phon] 批次 1853：请求 24 词，合格入库 24 词
[phon] 批次 1854：请求 24 词，合格入库 24 词
[phon] 批次 1855：请求 24 词，合格入库 24 词
[phon] 已写出 src\data\phonetics.js（58171 词条）
[phon] 批次 1856：请求 24 词，合格入库 24 词
[phon] 批次 1857：请求 24 词，合格入库 24 词
[phon] 批次 1858：请求 24 词，合格入库 24 词
[phon] 批次 1859：请求 24 词，合格入库 24 词
[phon] 批次 1860：请求 24 词，合格入库 24 词
[phon] 已写出 src\data\phonetics.js（58226 词条）
[phon] 批次 1861：请求 24 词，合格入库 24 词
[phon] 批次 1862：请求 24 词，合格入库 24 词
[phon] 批次 1863：请求 24 词，合格入库 24 词
[phon] 批次 1864：请求 24 词，合格入库 24 词
[phon] 批次 1865：请求 24 词，合格入库 24 词
[phon] 已写出 src\data\phonetics.js（58272 词条）
[phon] 批次 1866：请求 24 词，合格入库 24 词
[phon] 批次 1867：请求 24 词，合格入库 24 词
[phon] 批次 1868：请求 24 词，合格入库 24 词
[phon] 批次 1869：请求 24 词，合格入库 24 词
[phon] 批次 1870：请求 24 词，合格入库 24 词
[phon] 已写出 src\data\phonetics.js（58313 词条）
[phon] 批次 1871：请求 24 词，合格入库 24 词
[phon] 批次 1872：请求 24 词，合格入库 24 词
[phon] 批次 1873：请求 24 词，合格入库 24 词
[phon] 批次 1874：请求 24 词，合格入库 24 词
[phon] 批次 1875：请求 24 词，合格入库 24 词
[phon] 已写出 src\data\phonetics.js（58370 词条）
[phon] 批次 1876：请求 24 词，合格入库 24 词
[phon] 批次 1877：请求 24 词，合格入库 24 词
[phon] 批次 1878：请求 24 词，合格入库 24 词
[phon] 批次 1879：请求 24 词，合格入库 24 词
[phon] 批次 1880：请求 24 词，合格入库 24 词
[phon] 已写出 src\data\phonetics.js（58420 词条）
[phon] 批次 1881：请求 24 词，合格入库 24 词
[phon] 批次 1882：请求 24 词，合格入库 24 词
[phon] 批次 1883：请求 24 词，合格入库 24 词
[phon] 批次 1884：请求 24 词，合格入库 24 词
[phon] 批次 1885：请求 24 词，合格入库 24 词
[phon] 已写出 src\data\phonetics.js（58469 词条）
[phon] 批次 1886：请求 24 词，合格入库 24 词
[phon] 批次 1887：请求 24 词，合格入库 24 词
[phon] 批次 1888：请求 24 词，合格入库 24 词
[phon] 批次 1889：请求 24 词，合格入库 24 词
[phon] 批次 1890：请求 24 词，合格入库 24 词
[phon] 已写出 src\data\phonetics.js（58520 词条）
[phon] 批次 1891：请求 24 词，合格入库 24 词
[phon] 批次 1892：请求 24 词，合格入库 24 词
[phon] 批次 1893：请求 24 词，合格入库 24 词
[phon] 批次 1894：请求 24 词，合格入库 24 词
[phon] 批次 1895：请求 24 词，合格入库 24 词
[phon] 已写出 src\data\phonetics.js（58575 词条）
[phon] 批次 1896：请求 24 词，合格入库 24 词
[phon] 批次 1897：请求 24 词，合格入库 24 词
[phon] 批次 1898：请求 24 词，合格入库 24 词
[phon] 批次 1899：请求 24 词，合格入库 24 词
[phon] 批次 1900：请求 24 词，合格入库 24 词
[phon] 已写出 src\data\phonetics.js（58615 词条）
[phon] 批次 1901：请求 24 词，合格入库 24 词
[phon] 批次 1902：请求 24 词，合格入库 24 词
[phon] 批次 1903：请求 24 词，合格入库 24 词
[phon] 批次 1904：请求 24 词，合格入库 24 词
[phon] 批次 1905：请求 24 词，合格入库 24 词
[phon] 已写出 src\data\phonetics.js（58657 词条）
[phon] 批次 1906：请求 24 词，合格入库 24 词
[phon] 批次 1907：请求 24 词，合格入库 24 词
[phon] 批次 1908：请求 24 词，合格入库 24 词
[phon] 批次 1909：请求 24 词，合格入库 24 词
[phon] 批次 1910：请求 24 词，合格入库 24 词
[phon] 已写出 src\data\phonetics.js（58740 词条）
[phon] 批次 1911：请求 24 词，合格入库 24 词
[phon] 批次 1912：请求 24 词，合格入库 24 词
[phon] 批次 1913：请求 24 词，合格入库 24 词
[phon] 批次 1914：请求 24 词，合格入库 24 词
[phon] 批次 1915：请求 24 词，合格入库 24 词
[phon] 已写出 src\data\phonetics.js（58822 词条）
[phon] 批次 1916：请求 24 词，合格入库 24 词
[phon] 批次 1917：请求 24 词，合格入库 24 词
[phon] 批次 1918：请求 24 词，合格入库 24 词
[phon] 批次 1919：请求 24 词，合格入库 24 词
[phon] 批次 1920：请求 24 词，合格入库 24 词
[phon] 已写出 src\data\phonetics.js（58900 词条）
[phon] 批次 1921：请求 24 词，合格入库 24 词
[phon] 批次 1922：请求 24 词，合格入库 24 词
[phon] 批次 1923：请求 24 词，合格入库 24 词
[phon] 批次 1924：请求 24 词，合格入库 24 词
[phon] 批次 1925：请求 24 词，合格入库 24 词
[phon] 已写出 src\data\phonetics.js（58979 词条）
[phon] 批次 1926：请求 24 词，合格入库 24 词
[phon] 批次 1927：请求 24 词，合格入库 24 词
[phon] 批次 1928：请求 24 词，合格入库 24 词
[phon] 批次 1929：请求 24 词，合格入库 24 词
[phon] 批次 1930：请求 24 词，合格入库 24 词
[phon] 已写出 src\data\phonetics.js（59066 词条）
[phon] 批次 1931：请求 24 词，合格入库 24 词
[phon] 批次 1932：请求 24 词，合格入库 24 词
[phon] 批次 1933：请求 24 词，合格入库 24 词
[phon] 批次 1934：请求 24 词，合格入库 24 词
[phon] 批次 1935：请求 24 词，合格入库 24 词
[phon] 已写出 src\data\phonetics.js（59142 词条）
[phon] 批次 1936：请求 24 词，合格入库 24 词
[phon] 批次 1937 失败：Expected ',' or '}' after property value in JSON at position 548 (line 1 column 549)；30 秒后重试本批（已入库进度不受影响）
[phon] 批次 1937：请求 24 词，合格入库 24 词
[phon] 批次 1938：请求 24 词，合格入库 24 词
[phon] 批次 1939：请求 24 词，合格入库 24 词
[phon] 批次 1940：请求 24 词，合格入库 24 词
[phon] 已写出 src\data\phonetics.js（59206 词条）
[phon] 批次 1941：请求 24 词，合格入库 24 词
[phon] 批次 1942：请求 24 词，合格入库 24 词
[phon] 批次 1943：请求 24 词，合格入库 24 词
[phon] 批次 1944：请求 24 词，合格入库 24 词
[phon] 批次 1945：请求 24 词，合格入库 24 词
[phon] 已写出 src\data\phonetics.js（59273 词条）
[phon] 批次 1946：请求 24 词，合格入库 24 词
[phon] 批次 1947：请求 24 词，合格入库 24 词
[phon] 批次 1948：请求 24 词，合格入库 24 词
[phon] 批次 1949：请求 24 词，合格入库 24 词
[phon] 批次 1950：请求 24 词，合格入库 24 词
[phon] 已写出 src\data\phonetics.js（59342 词条）
[phon] 批次 1951：请求 24 词，合格入库 24 词
[phon] 批次 1952：请求 24 词，合格入库 24 词
[phon] 批次 1953：请求 24 词，合格入库 24 词
[phon] 批次 1954：请求 24 词，合格入库 24 词
[phon] 批次 1955：请求 24 词，合格入库 24 词
[phon] 已写出 src\data\phonetics.js（59413 词条）
[phon] 批次 1956：请求 24 词，合格入库 24 词
[phon] 批次 1957：请求 24 词，合格入库 24 词
[phon] 批次 1958：请求 24 词，合格入库 24 词
[phon] 批次 1959：请求 24 词，合格入库 24 词
[phon] 批次 1960：请求 24 词，合格入库 24 词
[phon] 已写出 src\data\phonetics.js（59478 词条）
[phon] 批次 1961：请求 24 词，合格入库 24 词
[phon] 批次 1962：请求 24 词，合格入库 24 词
[phon] 批次 1963：请求 24 词，合格入库 24 词
[phon] 批次 1964：请求 24 词，合格入库 24 词
[phon] 批次 1965：请求 24 词，合格入库 24 词
[phon] 已写出 src\data\phonetics.js（59533 词条）
[phon] 批次 1966：请求 24 词，合格入库 24 词
[phon] 批次 1967：请求 24 词，合格入库 24 词
[phon] 批次 1968：请求 24 词，合格入库 24 词
[phon] 批次 1969：请求 24 词，合格入库 24 词
[phon] 批次 1970：请求 24 词，合格入库 24 词
[phon] 已写出 src\data\phonetics.js（59605 词条）
[phon] 批次 1971：请求 24 词，合格入库 24 词
[phon] 批次 1972：请求 24 词，合格入库 24 词
[phon] 批次 1973：请求 24 词，合格入库 24 词
[phon] 批次 1974：请求 24 词，合格入库 24 词
[phon] 批次 1975：请求 24 词，合格入库 24 词
[phon] 已写出 src\data\phonetics.js（59664 词条）
[phon] 批次 1976：请求 24 词，合格入库 24 词
[phon] 批次 1977：请求 24 词，合格入库 24 词
[phon] 批次 1978：请求 24 词，合格入库 24 词
[phon] 批次 1979：请求 24 词，合格入库 24 词
[phon] 批次 1980：请求 24 词，合格入库 24 词
[phon] 已写出 src\data\phonetics.js（59733 词条）
[phon] 批次 1981：请求 24 词，合格入库 24 词
[phon] 批次 1982：请求 24 词，合格入库 24 词
[phon] 批次 1983：请求 24 词，合格入库 24 词
[phon] 批次 1984：请求 24 词，合格入库 24 词
[phon] 批次 1985：请求 24 词，合格入库 24 词
[phon] 已写出 src\data\phonetics.js（59799 词条）
[phon] 批次 1986：请求 24 词，合格入库 24 词
[phon] 批次 1987：请求 24 词，合格入库 24 词
[phon] 批次 1988：请求 24 词，合格入库 24 词
[phon] 批次 1989：请求 24 词，合格入库 24 词
[phon] 批次 1990：请求 24 词，合格入库 24 词
[phon] 已写出 src\data\phonetics.js（59863 词条）
[phon] 批次 1991：请求 24 词，合格入库 24 词
[phon] 批次 1992：请求 24 词，合格入库 24 词
[phon] 批次 1993：请求 24 词，合格入库 24 词
[phon] 批次 1994：请求 24 词，合格入库 24 词
[phon] 批次 1995：请求 24 词，合格入库 24 词
[phon] 已写出 src\data\phonetics.js（59931 词条）
[phon] 批次 1996：请求 24 词，合格入库 24 词
[phon] 批次 1997：请求 24 词，合格入库 24 词
[phon] 批次 1998：请求 24 词，合格入库 24 词
[phon] 批次 1999：请求 24 词，合格入库 24 词
[phon] 批次 2000：请求 24 词，合格入库 24 词
[phon] 已写出 src\data\phonetics.js（59998 词条）
[phon] 批次 2001：请求 24 词，合格入库 24 词
[phon] 批次 2002：请求 24 词，合格入库 24 词
[phon] 批次 2003：请求 24 词，合格入库 24 词
[phon] 批次 2004：请求 24 词，合格入库 24 词
[phon] 批次 2005：请求 24 词，合格入库 24 词
[phon] 已写出 src\data\phonetics.js（60064 词条）
[phon] 批次 2006：请求 24 词，合格入库 24 词
[phon] 批次 2007：请求 24 词，合格入库 24 词
[phon] 批次 2008：请求 24 词，合格入库 24 词
[phon] 批次 2009：请求 24 词，合格入库 24 词
[phon] 批次 2010：请求 24 词，合格入库 24 词
[phon] 已写出 src\data\phonetics.js（60137 词条）
[phon] 批次 2011：请求 24 词，合格入库 24 词
[phon] 批次 2012：请求 24 词，合格入库 24 词
[phon] 批次 2013：请求 24 词，合格入库 24 词
[phon] 批次 2014：请求 24 词，合格入库 24 词
[phon] 批次 2015：请求 24 词，合格入库 24 词
[phon] 已写出 src\data\phonetics.js（60144 词条）
[phon] 批次 2016：请求 24 词，合格入库 24 词
[phon] 批次 2017：请求 24 词，合格入库 24 词
[phon] 批次 2018：请求 24 词，合格入库 24 词
[phon] 批次 2019：请求 24 词，合格入库 24 词
[phon] 批次 2020：请求 24 词，合格入库 24 词
[phon] 已写出 src\data\phonetics.js（60152 词条）
[phon] 批次 2021：请求 24 词，合格入库 24 词
[phon] 批次 2022：请求 24 词，合格入库 24 词
[phon] 批次 2023：请求 24 词，合格入库 24 词
[phon] 批次 2024：请求 24 词，合格入库 24 词
[phon] 批次 2025：请求 24 词，合格入库 24 词
[phon] 已写出 src\data\phonetics.js（60155 词条）
[phon] 批次 2026：请求 24 词，合格入库 24 词
[phon] 批次 2027：请求 24 词，合格入库 24 词
[phon] 批次 2028：请求 24 词，合格入库 23 词
[phon] 批次 2029：请求 24 词，合格入库 24 词
[phon] 批次 2030：请求 24 词，合格入库 24 词
[phon] 已写出 src\data\phonetics.js（60156 词条）
[phon] 批次 2031：请求 24 词，合格入库 24 词
[phon] 批次 2032：请求 24 词，合格入库 24 词
[phon] 批次 2033：请求 24 词，合格入库 24 词
[phon] 批次 2034：请求 24 词，合格入库 24 词
[phon] 批次 2035：请求 24 词，合格入库 24 词
[phon] 已写出 src\data\phonetics.js（60159 词条）
[phon] 批次 2036：请求 24 词，合格入库 24 词
[phon] 批次 2037：请求 24 词，合格入库 24 词
[phon] 批次 2038：请求 24 词，合格入库 24 词
[phon] 批次 2039：请求 24 词，合格入库 24 词
[phon] 批次 2040：请求 24 词，合格入库 24 词
[phon] 已写出 src\data\phonetics.js（60164 词条）
[phon] 批次 2041：请求 24 词，合格入库 24 词
[phon] 批次 2042：请求 24 词，合格入库 24 词
[phon] 批次 2043：请求 24 词，合格入库 24 词
[phon] 批次 2044：请求 24 词，合格入库 24 词
[phon] 批次 2045：请求 24 词，合格入库 24 词
[phon] 已写出 src\data\phonetics.js（60168 词条）
[phon] 批次 2046：请求 24 词，合格入库 24 词
[phon] 批次 2047：请求 24 词，合格入库 24 词
[phon] 批次 2048：请求 24 词，合格入库 24 词
[phon] 批次 2049：请求 24 词，合格入库 24 词
[phon] 批次 2050：请求 24 词，合格入库 24 词
[phon] 已写出 src\data\phonetics.js（60174 词条）
[phon] 批次 2051：请求 24 词，合格入库 24 词
[phon] 批次 2052：请求 24 词，合格入库 24 词
[phon] 批次 2053：请求 24 词，合格入库 24 词
[phon] 批次 2054：请求 24 词，合格入库 24 词
[phon] 批次 2055：请求 24 词，合格入库 24 词
[phon] 已写出 src\data\phonetics.js（60177 词条）
[phon] 批次 2056：请求 24 词，合格入库 24 词
[phon] 批次 2057：请求 24 词，合格入库 24 词
[phon] 批次 2058：请求 24 词，合格入库 24 词
[phon] 批次 2059：请求 24 词，合格入库 24 词
[phon] 批次 2060：请求 24 词，合格入库 24 词
[phon] 已写出 src\data\phonetics.js（60182 词条）
[phon] 批次 2061：请求 24 词，合格入库 24 词
[phon] 批次 2062：请求 24 词，合格入库 24 词
[phon] 批次 2063 失败：Bad control character in string literal in JSON at position 3459 (line 1 column 3460)；30 秒后重试本批（已入库进度不受影响）
[phon] 批次 2063：请求 24 词，合格入库 24 词
[phon] 批次 2064：请求 24 词，合格入库 24 词
[phon] 批次 2065：请求 24 词，合格入库 24 词
[phon] 已写出 src\data\phonetics.js（60186 词条）
[phon] 批次 2066：请求 24 词，合格入库 24 词
[phon] 批次 2067：请求 20 词，合格入库 20 词
[phon] 已写出 src\data\phonetics.js（60186 词条）
[phon] 已写出 src\data\phonetics.js（60186 词条）
[phon] 覆盖：音标 47744/64825（73.7%）· 例句 49597/64825（76.5%）· 用法 49564/64825（76.5%）
[phon] 全部完成，耗时 14034.9s
