既有无词素词条 358 条，目标新增 2642 条，每批 80 条，缓存已有 1098 条
  [#mono/0 animals, birds, insects and ] 接收 12（拒绝 69）→ 缓存 1110；+syn 5 / +ant 0
  [#mono/0 fruits, vegetables, plants a] 接收 25（拒绝 57）→ 缓存 1135；+syn 6 / +ant 5
  [#mono/0 food, cooking and kitchen it] 接收 26（拒绝 58）→ 缓存 1161；+syn 27 / +ant 1
  [#mono/0 house, furniture and everyda] 接收 21（拒绝 62）→ 缓存 1182；+syn 14 / +ant 0
  [#mono/0 clothing, accessories and fa] 接收 38（拒绝 48）→ 缓存 1220；+syn 28 / +ant 0
  [#mono/0 body parts and physical acti] 接收 12（拒绝 69）→ 缓存 1232；+syn 3 / +ant 0
  [#mono/0 emotions and personality tra] 接收 42（拒绝 39）→ 缓存 1274；+syn 29 / +ant 29
  [#mono/0 weather, nature and landscap] 接收 23（拒绝 57）→ 缓存 1297；+syn 22 / +ant 15
  [#mono/0 verbs of movement, speed and] 接收 32（拒绝 75）→ 缓存 1329；+syn 46 / +ant 24
  [#mono/0 verbs of speaking, thinking ] 接收 0（拒绝 81）→ 缓存 1329；+syn 0 / +ant 0
  [#mono/0 verbs of speaking, thinking ] 接收 0（拒绝 78）→ 缓存 1329；+syn 0 / +ant 0
  [#mono/0 verbs of speaking, thinking ] 接收 0（拒绝 79）→ 缓存 1329；+syn 0 / +ant 0
  [#mono/0 work, money and business bas] 接收 20（拒绝 46）→ 缓存 1349；+syn 14 / +ant 5
  [#mono/0 school, learning and tools] 接收 34（拒绝 43）→ 缓存 1383；+syn 25 / +ant 2
  [#mono/0 sports, games and play] 接收 19（拒绝 63）→ 缓存 1402；+syn 20 / +ant 8
  [#mono/0 health, illness and the huma] 接收 7（拒绝 72）→ 缓存 1409；+syn 4 / +ant 2
  [#loan/0 French food, cuisine and din] 接收 20（拒绝 62）→ 缓存 1429；+syn 5 / +ant 0
  [#loan/0 French fashion, art and eleg] 接收 26（拒绝 56）→ 缓存 1455；+syn 3 / +ant 1
  [#loan/0 French law, politics and mil] 接收 23（拒绝 60）→ 缓存 1478；+syn 7 / +ant 0
  [#loan/0 French everyday and literary] 接收 13（拒绝 68）→ 缓存 1491；+syn 2 / +ant 1
  [#loan/0 Italian music and art terms] 接收 19（拒绝 66）→ 缓存 1510；+syn 8 / +ant 1
  [#loan/0 Italian food and architectur] 接收 34（拒绝 50）→ 缓存 1544；+syn 0 / +ant 0
  [#loan/0 Spanish food, animals and cu] 接收 26（拒绝 55）→ 缓存 1570；+syn 3 / +ant 0
  [#proper/0 capital cities and major wor] 接收 62（拒绝 9）→ 缓存 1632；+syn 0 / +ant 0
  [#proper/0 famous scientists and mathem] 接收 77（拒绝 4）→ 缓存 1709；+syn 0 / +ant 0
  [#proper/0 famous writers and poets (no] 接收 80（拒绝 1）→ 缓存 1789；+syn 0 / +ant 0
  [#proper/0 composers, painters and scul] 接收 79（拒绝 3）→ 缓存 1868；+syn 0 / +ant 0
  [#proper/0 world leaders and historical] 接收 67（拒绝 14）→ 缓存 1935；+syn 0 / +ant 0
  [#proper/0 rivers, mountains, deserts, ] 接收 77（拒绝 3）→ 缓存 2012；+syn 0 / +ant 0
  [#phrase/0 phrasal verbs with take / ge] 接收 77（拒绝 5）→ 缓存 2089；+syn 0 / +ant 0
  [#phrase/0 phrasal verbs with go / come] 接收 82（拒绝 1）→ 缓存 2171；+syn 0 / +ant 0
  [#phrase/0 phrasal verbs with put / set] 接收 79（拒绝 1）→ 缓存 2250；+syn 0 / +ant 0
  [#phrase/0 phrasal verbs with break / b] 接收 80（拒绝 2）→ 缓存 2330；+syn 0 / +ant 0
  [#phrase/0 phrasal verbs with look / gi] 接收 81（拒绝 1）→ 缓存 2411；+syn 0 / +ant 0
  [#phrase/0 phrasal verbs with keep / le] 接收 79（拒绝 1）→ 缓存 2490；+syn 0 / +ant 0
  [#phrase/0 phrasal verbs with fall / cu] 接收 81（拒绝 0）→ 缓存 2571；+syn 0 / +ant 0
  [#phrase/0 prepositional and connective] 接收 73（拒绝 9）→ 缓存 2644；+syn 1 / +ant 5
完成：无词素词条共 3002 条（新增 2644）
四类分布： { mono: 1257, loan: 583, proper: 490, phrase: 672 }
关系：syn 768 对 / ant 245 对
产出文件：src/data/words-mono-extra.js + src/data/synants-mono.js
